Experiment dir: outputs\experiments\2026-05-26_23-24_dl-multimodal-oes-topk256-longrun-5fold
Config: configs\exp_dl_multimodal_oes_topk256_longrun_5fold.yaml
Device: cuda  (CUDA=True)
Cache: cache\v1  |  split: splits/kfold5_wafer.npz (StratifiedGroupKFold(n_splits=5, stratify=lot, group=wafer), running folds [0, 1, 2, 3, 4] of 5)
Targets: ['oxide_etch']  |  modality: multimodal

[setup] loading 88 wafers (one-time, shared across folds)...
[setup] done in 142.3s  (discover=0.2 load=142.1)
[setup] proc channels kept: 31
[setup] XGB injection features: 0 (disabled)
[setup] normalisation deferred to per-fold (no val leakage)

=== Target: oxide_etch ===
  -- fold 0 --
    [seed] reset RNG for target/fold: 42
    [fold-norm] fit on 70 train wafers (fold 0)...
    [fold-norm] done (85.2s)
    target oxide_etch stats: mean=0.6587 std=0.0773
    [oes-band] correlation selection: stat=late_mean, top_k=256, train_wafers=70
    [oes-band] selected 256/3648 wavelengths (max|corr|=0.618, min selected |corr|=0.324, 58.8s)
    ep   0 (37.3s): train_loss=0.9836 train_rmse=0.0766 val_rmse=0.0765 val_r2=0.0235 val_mape=9.62%
    ep   1 (3.1s): train_loss=0.8389 train_rmse=0.0708 val_rmse=0.0691 val_r2=0.2035 val_mape=8.78%
    ep   2 (2.7s): train_loss=0.8238 train_rmse=0.0701 val_rmse=0.0687 val_r2=0.2126 val_mape=8.66%
    ep   3 (2.7s): train_loss=0.7839 train_rmse=0.0684 val_rmse=0.0666 val_r2=0.2601 val_mape=8.36%
    ep   4 (2.7s): train_loss=0.6884 train_rmse=0.0641 val_rmse=0.0637 val_r2=0.3238 val_mape=7.76%
    ep   5 (2.7s): train_loss=0.6725 train_rmse=0.0634 val_rmse=0.0609 val_r2=0.3826 val_mape=7.47%
    ep   6 (2.8s): train_loss=0.6382 train_rmse=0.0617 val_rmse=0.0553 val_r2=0.4903 val_mape=6.49%
    ep   7 (3.1s): train_loss=0.5584 train_rmse=0.0577 val_rmse=0.0542 val_r2=0.5109 val_mape=6.42%
    ep   8 (2.9s): train_loss=0.5083 train_rmse=0.0551 val_rmse=0.0530 val_r2=0.5316 val_mape=6.17%
    ep   9 (2.9s): train_loss=0.5052 train_rmse=0.0549 val_rmse=0.0504 val_r2=0.5766 val_mape=5.53%
    ep  10 (2.9s): train_loss=0.4843 train_rmse=0.0538 val_rmse=0.0518 val_r2=0.5519 val_mape=5.28%
    ep  11 (2.7s): train_loss=0.5449 train_rmse=0.0570 val_rmse=0.0560 val_r2=0.4780 val_mape=6.78%
    ep  12 (2.7s): train_loss=0.4889 train_rmse=0.0540 val_rmse=0.0499 val_r2=0.5852 val_mape=5.46%
    ep  13 (2.7s): train_loss=0.5020 train_rmse=0.0547 val_rmse=0.0482 val_r2=0.6121 val_mape=5.23%
    ep  14 (2.8s): train_loss=0.5783 train_rmse=0.0588 val_rmse=0.0492 val_r2=0.5960 val_mape=5.29%
    ep  15 (2.7s): train_loss=0.4539 train_rmse=0.0521 val_rmse=0.0497 val_r2=0.5878 val_mape=5.45%
    ep  16 (2.7s): train_loss=0.4323 train_rmse=0.0508 val_rmse=0.0475 val_r2=0.6238 val_mape=4.87%
    ep  17 (2.8s): train_loss=0.3986 train_rmse=0.0488 val_rmse=0.0451 val_r2=0.6605 val_mape=4.61%
    ep  18 (2.8s): train_loss=0.3874 train_rmse=0.0481 val_rmse=0.0458 val_r2=0.6504 val_mape=4.74%
    ep  19 (2.7s): train_loss=0.3942 train_rmse=0.0485 val_rmse=0.0460 val_r2=0.6468 val_mape=4.83%
    ep  20 (2.7s): train_loss=0.4202 train_rmse=0.0501 val_rmse=0.0443 val_r2=0.6730 val_mape=4.44%
    ep  21 (2.7s): train_loss=0.4090 train_rmse=0.0494 val_rmse=0.0469 val_r2=0.6326 val_mape=4.76%
    ep  22 (2.8s): train_loss=0.3773 train_rmse=0.0475 val_rmse=0.0465 val_r2=0.6395 val_mape=4.67%
    ep  23 (2.7s): train_loss=0.3665 train_rmse=0.0468 val_rmse=0.0461 val_r2=0.6461 val_mape=4.65%
    ep  24 (2.7s): train_loss=0.4430 train_rmse=0.0514 val_rmse=0.0453 val_r2=0.6576 val_mape=4.55%
    ep  25 (2.7s): train_loss=0.4227 train_rmse=0.0502 val_rmse=0.0485 val_r2=0.6075 val_mape=4.97%
    ep  26 (2.8s): train_loss=0.4486 train_rmse=0.0517 val_rmse=0.0483 val_r2=0.6105 val_mape=4.78%
    ep  27 (2.8s): train_loss=0.4587 train_rmse=0.0523 val_rmse=0.0447 val_r2=0.6665 val_mape=4.66%
    ep  28 (2.7s): train_loss=0.3871 train_rmse=0.0481 val_rmse=0.0461 val_r2=0.6458 val_mape=4.69%
    ep  29 (2.7s): train_loss=0.3539 train_rmse=0.0460 val_rmse=0.0468 val_r2=0.6353 val_mape=4.60%
    ep  30 (2.7s): train_loss=0.3481 train_rmse=0.0456 val_rmse=0.0452 val_r2=0.6599 val_mape=4.41%
    ep  31 (2.8s): train_loss=0.3436 train_rmse=0.0453 val_rmse=0.0451 val_r2=0.6602 val_mape=4.46%
    ep  32 (2.7s): train_loss=0.3392 train_rmse=0.0450 val_rmse=0.0447 val_r2=0.6671 val_mape=4.32%
    ep  33 (2.7s): train_loss=0.3348 train_rmse=0.0447 val_rmse=0.0445 val_r2=0.6694 val_mape=4.35%
    ep  34 (2.7s): train_loss=0.3313 train_rmse=0.0445 val_rmse=0.0444 val_r2=0.6714 val_mape=4.33%
    ep  35 (2.8s): train_loss=0.4120 train_rmse=0.0496 val_rmse=0.0441 val_r2=0.6761 val_mape=4.37%
    ep  36 (2.7s): train_loss=0.3523 train_rmse=0.0459 val_rmse=0.0446 val_r2=0.6677 val_mape=4.56%
    ep  37 (2.7s): train_loss=0.3337 train_rmse=0.0446 val_rmse=0.0442 val_r2=0.6749 val_mape=4.28%
    ep  38 (2.7s): train_loss=0.3188 train_rmse=0.0436 val_rmse=0.0431 val_r2=0.6897 val_mape=4.22%
    ep  39 (2.8s): train_loss=0.3456 train_rmse=0.0454 val_rmse=0.0431 val_r2=0.6910 val_mape=4.27%
    ep  40 (2.8s): train_loss=0.3664 train_rmse=0.0468 val_rmse=0.0438 val_r2=0.6796 val_mape=4.42%
    ep  41 (2.7s): train_loss=0.3214 train_rmse=0.0438 val_rmse=0.0437 val_r2=0.6819 val_mape=4.50%
    ep  42 (2.7s): train_loss=0.3205 train_rmse=0.0437 val_rmse=0.0418 val_r2=0.7088 val_mape=3.95%
    ep  43 (2.7s): train_loss=0.3146 train_rmse=0.0433 val_rmse=0.0480 val_r2=0.6158 val_mape=4.14%
    ep  44 (2.8s): train_loss=0.3238 train_rmse=0.0440 val_rmse=0.0440 val_r2=0.6766 val_mape=3.98%
    ep  45 (2.7s): train_loss=0.3156 train_rmse=0.0434 val_rmse=0.0427 val_r2=0.6957 val_mape=3.96%
    ep  46 (2.7s): train_loss=0.3010 train_rmse=0.0424 val_rmse=0.0424 val_r2=0.7006 val_mape=4.02%
    ep  47 (2.7s): train_loss=0.3038 train_rmse=0.0426 val_rmse=0.0422 val_r2=0.7025 val_mape=3.96%
    ep  48 (2.8s): train_loss=0.2930 train_rmse=0.0418 val_rmse=0.0420 val_r2=0.7059 val_mape=3.91%
    ep  49 (2.8s): train_loss=0.2961 train_rmse=0.0420 val_rmse=0.0418 val_r2=0.7090 val_mape=3.84%
    ep  50 (2.7s): train_loss=0.3010 train_rmse=0.0424 val_rmse=0.0420 val_r2=0.7066 val_mape=3.92%
    ep  51 (2.7s): train_loss=0.2932 train_rmse=0.0418 val_rmse=0.0419 val_r2=0.7072 val_mape=3.89%
    ep  52 (2.7s): train_loss=0.2918 train_rmse=0.0417 val_rmse=0.0418 val_r2=0.7089 val_mape=3.86%
    ep  53 (2.8s): train_loss=0.2822 train_rmse=0.0410 val_rmse=0.0425 val_r2=0.6994 val_mape=3.99%
    ep  54 (2.7s): train_loss=0.2942 train_rmse=0.0419 val_rmse=0.0420 val_r2=0.7065 val_mape=3.83%
    ep  55 (2.7s): train_loss=0.2849 train_rmse=0.0412 val_rmse=0.0420 val_r2=0.7058 val_mape=3.91%
    ep  56 (2.7s): train_loss=0.2856 train_rmse=0.0413 val_rmse=0.0429 val_r2=0.6936 val_mape=3.90%
    ep  57 (2.9s): train_loss=0.2870 train_rmse=0.0414 val_rmse=0.0429 val_r2=0.6928 val_mape=3.92%
    ep  58 (2.8s): train_loss=0.2849 train_rmse=0.0412 val_rmse=0.0430 val_r2=0.6920 val_mape=3.93%
    ep  59 (2.7s): train_loss=0.2870 train_rmse=0.0414 val_rmse=0.0422 val_r2=0.7033 val_mape=3.86%
    ep  60 (2.7s): train_loss=0.2828 train_rmse=0.0411 val_rmse=0.0425 val_r2=0.6990 val_mape=3.86%
    ep  61 (2.8s): train_loss=0.2821 train_rmse=0.0410 val_rmse=0.0423 val_r2=0.7014 val_mape=4.00%
    ep  62 (2.8s): train_loss=0.2872 train_rmse=0.0414 val_rmse=0.0424 val_r2=0.7001 val_mape=3.89%
    ep  63 (2.7s): train_loss=0.2793 train_rmse=0.0408 val_rmse=0.0425 val_r2=0.6996 val_mape=3.86%
    ep  64 (2.7s): train_loss=0.2706 train_rmse=0.0402 val_rmse=0.0426 val_r2=0.6976 val_mape=3.86%
    early stop @ epoch 64 (best 49, val_rmse=0.0418)
    final: rmse=0.0418  mae=0.0253  r2=0.7090  mape=3.84%  (360.3s, best_ep=49)
  -- fold 1 --
    [seed] reset RNG for target/fold: 43
    [fold-norm] fit on 71 train wafers (fold 1)...
    [fold-norm] done (128.6s)
    target oxide_etch stats: mean=0.6585 std=0.0776
    [oes-band] correlation selection: stat=late_mean, top_k=256, train_wafers=71
    [oes-band] selected 256/3648 wavelengths (max|corr|=0.563, min selected |corr|=0.346, 62.7s)
    ep   0 (16.0s): train_loss=0.9971 train_rmse=0.0775 val_rmse=0.0722 val_r2=0.0942 val_mape=8.95%
    ep   1 (3.2s): train_loss=0.8383 train_rmse=0.0711 val_rmse=0.0653 val_r2=0.2592 val_mape=8.25%
    ep   2 (2.8s): train_loss=0.7593 train_rmse=0.0677 val_rmse=0.0626 val_r2=0.3192 val_mape=7.82%
    ep   3 (2.8s): train_loss=0.7184 train_rmse=0.0658 val_rmse=0.0591 val_r2=0.3930 val_mape=7.28%
    ep   4 (2.8s): train_loss=0.6278 train_rmse=0.0615 val_rmse=0.0557 val_r2=0.4603 val_mape=6.63%
    ep   5 (2.9s): train_loss=0.6253 train_rmse=0.0614 val_rmse=0.0524 val_r2=0.5233 val_mape=5.81%
    ep   6 (2.8s): train_loss=0.5746 train_rmse=0.0589 val_rmse=0.0514 val_r2=0.5416 val_mape=5.58%
    ep   7 (2.8s): train_loss=0.5562 train_rmse=0.0579 val_rmse=0.0511 val_r2=0.5464 val_mape=5.59%
    ep   8 (2.8s): train_loss=0.5186 train_rmse=0.0559 val_rmse=0.0505 val_r2=0.5575 val_mape=5.37%
    ep   9 (2.9s): train_loss=0.4708 train_rmse=0.0533 val_rmse=0.0508 val_r2=0.5520 val_mape=5.32%
    ep  10 (2.8s): train_loss=0.5018 train_rmse=0.0550 val_rmse=0.0504 val_r2=0.5582 val_mape=5.25%
    ep  11 (2.8s): train_loss=0.5866 train_rmse=0.0595 val_rmse=0.0500 val_r2=0.5655 val_mape=5.15%
    ep  12 (2.8s): train_loss=0.5139 train_rmse=0.0557 val_rmse=0.0490 val_r2=0.5820 val_mape=4.97%
    ep  13 (2.9s): train_loss=0.5034 train_rmse=0.0551 val_rmse=0.0492 val_r2=0.5798 val_mape=4.96%
    ep  14 (2.8s): train_loss=0.4078 train_rmse=0.0496 val_rmse=0.0487 val_r2=0.5872 val_mape=5.00%
    ep  15 (2.8s): train_loss=0.4374 train_rmse=0.0514 val_rmse=0.0484 val_r2=0.5926 val_mape=4.97%
    ep  16 (2.8s): train_loss=0.4494 train_rmse=0.0521 val_rmse=0.0474 val_r2=0.6094 val_mape=4.86%
    ep  17 (3.0s): train_loss=0.4057 train_rmse=0.0495 val_rmse=0.0477 val_r2=0.6042 val_mape=4.88%
    ep  18 (2.9s): train_loss=0.3869 train_rmse=0.0483 val_rmse=0.0473 val_r2=0.6106 val_mape=4.79%
    ep  19 (2.8s): train_loss=0.4011 train_rmse=0.0492 val_rmse=0.0464 val_r2=0.6252 val_mape=4.57%
    ep  20 (2.8s): train_loss=0.4574 train_rmse=0.0525 val_rmse=0.0470 val_r2=0.6154 val_mape=4.84%
    ep  21 (2.9s): train_loss=0.4303 train_rmse=0.0509 val_rmse=0.0474 val_r2=0.6102 val_mape=4.86%
    ep  22 (2.9s): train_loss=0.3982 train_rmse=0.0490 val_rmse=0.0465 val_r2=0.6246 val_mape=4.50%
    ep  23 (2.8s): train_loss=0.4046 train_rmse=0.0494 val_rmse=0.0467 val_r2=0.6207 val_mape=4.63%
    ep  24 (2.7s): train_loss=0.3553 train_rmse=0.0463 val_rmse=0.0459 val_r2=0.6338 val_mape=4.44%
    ep  25 (2.7s): train_loss=0.3620 train_rmse=0.0467 val_rmse=0.0455 val_r2=0.6397 val_mape=4.41%
    ep  26 (2.8s): train_loss=0.3565 train_rmse=0.0464 val_rmse=0.0478 val_r2=0.6025 val_mape=4.71%
    ep  27 (2.7s): train_loss=0.3559 train_rmse=0.0463 val_rmse=0.0459 val_r2=0.6332 val_mape=4.43%
    ep  28 (2.7s): train_loss=0.4263 train_rmse=0.0507 val_rmse=0.0454 val_r2=0.6414 val_mape=4.30%
    ep  29 (2.7s): train_loss=0.3865 train_rmse=0.0483 val_rmse=0.0465 val_r2=0.6250 val_mape=4.62%
    ep  30 (2.8s): train_loss=0.3801 train_rmse=0.0479 val_rmse=0.0469 val_r2=0.6173 val_mape=4.60%
    ep  31 (2.7s): train_loss=0.3155 train_rmse=0.0436 val_rmse=0.0448 val_r2=0.6515 val_mape=4.30%
    ep  32 (2.7s): train_loss=0.3181 train_rmse=0.0438 val_rmse=0.0463 val_r2=0.6278 val_mape=4.51%
    ep  33 (2.7s): train_loss=0.3087 train_rmse=0.0431 val_rmse=0.0444 val_r2=0.6569 val_mape=4.28%
    ep  34 (2.8s): train_loss=0.3051 train_rmse=0.0429 val_rmse=0.0440 val_r2=0.6632 val_mape=4.22%
    ep  35 (2.8s): train_loss=0.3012 train_rmse=0.0426 val_rmse=0.0444 val_r2=0.6575 val_mape=4.25%
    ep  36 (2.7s): train_loss=0.2930 train_rmse=0.0420 val_rmse=0.0434 val_r2=0.6728 val_mape=4.08%
    ep  37 (2.7s): train_loss=0.3019 train_rmse=0.0427 val_rmse=0.0443 val_r2=0.6586 val_mape=4.22%
    ep  38 (2.7s): train_loss=0.2931 train_rmse=0.0420 val_rmse=0.0442 val_r2=0.6602 val_mape=4.18%
    ep  39 (2.9s): train_loss=0.2863 train_rmse=0.0415 val_rmse=0.0433 val_r2=0.6747 val_mape=3.97%
    ep  40 (2.7s): train_loss=0.2843 train_rmse=0.0414 val_rmse=0.0435 val_r2=0.6714 val_mape=4.12%
    ep  41 (2.7s): train_loss=0.2942 train_rmse=0.0421 val_rmse=0.0446 val_r2=0.6538 val_mape=4.25%
    ep  42 (2.7s): train_loss=0.2821 train_rmse=0.0412 val_rmse=0.0435 val_r2=0.6717 val_mape=3.95%
    ep  43 (2.8s): train_loss=0.2770 train_rmse=0.0409 val_rmse=0.0439 val_r2=0.6649 val_mape=4.04%
    ep  44 (2.7s): train_loss=0.3044 train_rmse=0.0428 val_rmse=0.0431 val_r2=0.6770 val_mape=3.94%
    ep  45 (2.7s): train_loss=0.2718 train_rmse=0.0405 val_rmse=0.0425 val_r2=0.6861 val_mape=3.87%
    ep  46 (2.7s): train_loss=0.2674 train_rmse=0.0402 val_rmse=0.0427 val_r2=0.6828 val_mape=3.98%
    ep  47 (2.8s): train_loss=0.3320 train_rmse=0.0447 val_rmse=0.0422 val_r2=0.6913 val_mape=3.88%
    ep  48 (2.8s): train_loss=0.2703 train_rmse=0.0404 val_rmse=0.0433 val_r2=0.6745 val_mape=3.91%
    ep  49 (2.7s): train_loss=0.2693 train_rmse=0.0403 val_rmse=0.0424 val_r2=0.6879 val_mape=3.86%
    ep  50 (2.7s): train_loss=0.2706 train_rmse=0.0404 val_rmse=0.0424 val_r2=0.6870 val_mape=3.90%
    ep  51 (2.7s): train_loss=0.2615 train_rmse=0.0397 val_rmse=0.0426 val_r2=0.6847 val_mape=3.86%
    ep  52 (2.9s): train_loss=0.2588 train_rmse=0.0395 val_rmse=0.0426 val_r2=0.6843 val_mape=3.81%
    ep  53 (2.7s): train_loss=0.2502 train_rmse=0.0388 val_rmse=0.0424 val_r2=0.6869 val_mape=3.81%
    ep  54 (2.7s): train_loss=0.2722 train_rmse=0.0405 val_rmse=0.0420 val_r2=0.6932 val_mape=3.78%
    ep  55 (2.7s): train_loss=0.2653 train_rmse=0.0400 val_rmse=0.0420 val_r2=0.6942 val_mape=3.80%
    ep  56 (2.9s): train_loss=0.2658 train_rmse=0.0400 val_rmse=0.0421 val_r2=0.6922 val_mape=3.90%
    ep  57 (2.7s): train_loss=0.2496 train_rmse=0.0388 val_rmse=0.0424 val_r2=0.6874 val_mape=3.81%
    ep  58 (2.7s): train_loss=0.2510 train_rmse=0.0389 val_rmse=0.0418 val_r2=0.6969 val_mape=3.74%
    ep  59 (2.7s): train_loss=0.2482 train_rmse=0.0387 val_rmse=0.0419 val_r2=0.6955 val_mape=3.72%
    ep  60 (2.7s): train_loss=0.2516 train_rmse=0.0389 val_rmse=0.0418 val_r2=0.6958 val_mape=3.73%
    ep  61 (2.8s): train_loss=0.2495 train_rmse=0.0388 val_rmse=0.0420 val_r2=0.6942 val_mape=3.74%
    ep  62 (2.7s): train_loss=0.2392 train_rmse=0.0380 val_rmse=0.0419 val_r2=0.6945 val_mape=3.73%
    ep  63 (2.7s): train_loss=0.2400 train_rmse=0.0380 val_rmse=0.0420 val_r2=0.6941 val_mape=3.74%
    ep  64 (2.7s): train_loss=0.2537 train_rmse=0.0391 val_rmse=0.0417 val_r2=0.6979 val_mape=3.70%
    ep  65 (2.8s): train_loss=0.2466 train_rmse=0.0386 val_rmse=0.0418 val_r2=0.6965 val_mape=3.68%
    ep  66 (2.7s): train_loss=0.2339 train_rmse=0.0376 val_rmse=0.0416 val_r2=0.6998 val_mape=3.68%
    ep  67 (2.7s): train_loss=0.2348 train_rmse=0.0376 val_rmse=0.0418 val_r2=0.6961 val_mape=3.67%
    ep  68 (2.7s): train_loss=0.2420 train_rmse=0.0382 val_rmse=0.0419 val_r2=0.6957 val_mape=3.71%
    ep  69 (2.9s): train_loss=0.2449 train_rmse=0.0384 val_rmse=0.0420 val_r2=0.6939 val_mape=3.72%
    ep  70 (3.0s): train_loss=0.2404 train_rmse=0.0381 val_rmse=0.0418 val_r2=0.6962 val_mape=3.68%
    ep  71 (2.8s): train_loss=0.2399 train_rmse=0.0380 val_rmse=0.0417 val_r2=0.6976 val_mape=3.68%
    ep  72 (2.7s): train_loss=0.2430 train_rmse=0.0383 val_rmse=0.0417 val_r2=0.6978 val_mape=3.67%
    ep  73 (2.8s): train_loss=0.2319 train_rmse=0.0374 val_rmse=0.0417 val_r2=0.6981 val_mape=3.66%
    ep  74 (2.9s): train_loss=0.2442 train_rmse=0.0384 val_rmse=0.0419 val_r2=0.6955 val_mape=3.68%
    ep  75 (2.7s): train_loss=0.2430 train_rmse=0.0383 val_rmse=0.0417 val_r2=0.6976 val_mape=3.68%
    ep  76 (2.7s): train_loss=0.2368 train_rmse=0.0378 val_rmse=0.0418 val_r2=0.6964 val_mape=3.69%
    ep  77 (2.7s): train_loss=0.2445 train_rmse=0.0384 val_rmse=0.0418 val_r2=0.6970 val_mape=3.68%
    ep  78 (2.9s): train_loss=0.2391 train_rmse=0.0380 val_rmse=0.0418 val_r2=0.6966 val_mape=3.69%
    ep  79 (2.7s): train_loss=0.2364 train_rmse=0.0378 val_rmse=0.0419 val_r2=0.6956 val_mape=3.69%
    final: rmse=0.0416  mae=0.0239  r2=0.6998  mape=3.68%  (427.4s, best_ep=66)
  -- fold 2 --
    [seed] reset RNG for target/fold: 44
    [fold-norm] fit on 71 train wafers (fold 2)...
    [fold-norm] done (123.4s)
    target oxide_etch stats: mean=0.6577 std=0.0775
    [oes-band] correlation selection: stat=late_mean, top_k=256, train_wafers=71
    [oes-band] selected 256/3648 wavelengths (max|corr|=0.619, min selected |corr|=0.367, 62.9s)
    ep   0 (36.1s): train_loss=1.0174 train_rmse=0.0782 val_rmse=0.0754 val_r2=0.0290 val_mape=9.17%
    ep   1 (2.9s): train_loss=0.8632 train_rmse=0.0720 val_rmse=0.0717 val_r2=0.1228 val_mape=8.87%
    ep   2 (2.7s): train_loss=0.8051 train_rmse=0.0695 val_rmse=0.0718 val_r2=0.1203 val_mape=8.56%
    ep   3 (2.7s): train_loss=0.6935 train_rmse=0.0645 val_rmse=0.0681 val_r2=0.2077 val_mape=8.20%
    ep   4 (2.7s): train_loss=0.6758 train_rmse=0.0637 val_rmse=0.0633 val_r2=0.3162 val_mape=7.43%
    ep   5 (2.9s): train_loss=0.5688 train_rmse=0.0584 val_rmse=0.0620 val_r2=0.3430 val_mape=6.80%
    ep   6 (2.7s): train_loss=0.4864 train_rmse=0.0540 val_rmse=0.0625 val_r2=0.3333 val_mape=6.53%
    ep   7 (2.7s): train_loss=0.4660 train_rmse=0.0529 val_rmse=0.0585 val_r2=0.4164 val_mape=6.06%
    ep   8 (2.7s): train_loss=0.4736 train_rmse=0.0533 val_rmse=0.0610 val_r2=0.3649 val_mape=6.26%
    ep   9 (2.8s): train_loss=0.4781 train_rmse=0.0536 val_rmse=0.0665 val_r2=0.2443 val_mape=6.52%
    ep  10 (2.8s): train_loss=0.4694 train_rmse=0.0531 val_rmse=0.0725 val_r2=0.1027 val_mape=7.42%
    ep  11 (2.7s): train_loss=0.5223 train_rmse=0.0560 val_rmse=0.0590 val_r2=0.4051 val_mape=6.23%
    ep  12 (2.7s): train_loss=0.4657 train_rmse=0.0529 val_rmse=0.0567 val_r2=0.4513 val_mape=5.59%
    ep  13 (2.8s): train_loss=0.4357 train_rmse=0.0511 val_rmse=0.0635 val_r2=0.3108 val_mape=6.10%
    ep  14 (2.9s): train_loss=0.4228 train_rmse=0.0504 val_rmse=0.0623 val_r2=0.3371 val_mape=6.00%
    ep  15 (2.7s): train_loss=0.4256 train_rmse=0.0505 val_rmse=0.0662 val_r2=0.2515 val_mape=6.37%
    ep  16 (2.7s): train_loss=0.3787 train_rmse=0.0477 val_rmse=0.0640 val_r2=0.3000 val_mape=6.18%
    ep  17 (2.8s): train_loss=0.3511 train_rmse=0.0459 val_rmse=0.0615 val_r2=0.3538 val_mape=6.04%
    ep  18 (2.8s): train_loss=0.3470 train_rmse=0.0456 val_rmse=0.0619 val_r2=0.3458 val_mape=5.85%
    ep  19 (2.9s): train_loss=0.3344 train_rmse=0.0448 val_rmse=0.0608 val_r2=0.3680 val_mape=5.90%
    ep  20 (2.7s): train_loss=0.3948 train_rmse=0.0487 val_rmse=0.0654 val_r2=0.2707 val_mape=6.29%
    ep  21 (2.7s): train_loss=0.3337 train_rmse=0.0448 val_rmse=0.0563 val_r2=0.4584 val_mape=5.44%
    ep  22 (2.8s): train_loss=0.3328 train_rmse=0.0447 val_rmse=0.0590 val_r2=0.4052 val_mape=5.51%
    ep  23 (2.8s): train_loss=0.3043 train_rmse=0.0427 val_rmse=0.0644 val_r2=0.2918 val_mape=5.92%
    ep  24 (2.7s): train_loss=0.2997 train_rmse=0.0424 val_rmse=0.0595 val_r2=0.3953 val_mape=5.52%
    ep  25 (2.7s): train_loss=0.2967 train_rmse=0.0422 val_rmse=0.0568 val_r2=0.4488 val_mape=5.48%
    ep  26 (2.8s): train_loss=0.2943 train_rmse=0.0420 val_rmse=0.0580 val_r2=0.4264 val_mape=5.46%
    ep  27 (2.8s): train_loss=0.2850 train_rmse=0.0414 val_rmse=0.0580 val_r2=0.4265 val_mape=5.33%
    ep  28 (2.7s): train_loss=0.2848 train_rmse=0.0413 val_rmse=0.0565 val_r2=0.4556 val_mape=5.33%
    ep  29 (2.7s): train_loss=0.3000 train_rmse=0.0424 val_rmse=0.0570 val_r2=0.4462 val_mape=5.51%
    ep  30 (2.7s): train_loss=0.3069 train_rmse=0.0429 val_rmse=0.0704 val_r2=0.1550 val_mape=6.32%
    ep  31 (2.8s): train_loss=0.3443 train_rmse=0.0455 val_rmse=0.0605 val_r2=0.3742 val_mape=5.50%
    ep  32 (2.7s): train_loss=0.3104 train_rmse=0.0432 val_rmse=0.0601 val_r2=0.3832 val_mape=5.18%
    ep  33 (2.7s): train_loss=0.2725 train_rmse=0.0404 val_rmse=0.0617 val_r2=0.3510 val_mape=5.33%
    ep  34 (2.7s): train_loss=0.2607 train_rmse=0.0396 val_rmse=0.0684 val_r2=0.2016 val_mape=5.86%
    ep  35 (2.8s): train_loss=0.2673 train_rmse=0.0401 val_rmse=0.0610 val_r2=0.3646 val_mape=5.29%
    ep  36 (2.8s): train_loss=0.2526 train_rmse=0.0389 val_rmse=0.0561 val_r2=0.4631 val_mape=4.93%
    ep  37 (2.7s): train_loss=0.2489 train_rmse=0.0387 val_rmse=0.0583 val_r2=0.4208 val_mape=5.20%
    ep  38 (2.7s): train_loss=0.2480 train_rmse=0.0386 val_rmse=0.0620 val_r2=0.3446 val_mape=5.32%
    ep  39 (2.7s): train_loss=0.2477 train_rmse=0.0386 val_rmse=0.0652 val_r2=0.2749 val_mape=5.65%
    ep  40 (2.9s): train_loss=0.2431 train_rmse=0.0382 val_rmse=0.0540 val_r2=0.5024 val_mape=4.78%
    ep  41 (2.7s): train_loss=0.2456 train_rmse=0.0384 val_rmse=0.0542 val_r2=0.4991 val_mape=4.73%
    ep  42 (2.7s): train_loss=0.2422 train_rmse=0.0381 val_rmse=0.0610 val_r2=0.3649 val_mape=5.37%
    ep  43 (2.7s): train_loss=0.2337 train_rmse=0.0375 val_rmse=0.0626 val_r2=0.3301 val_mape=5.45%
    ep  44 (2.8s): train_loss=0.2275 train_rmse=0.0370 val_rmse=0.0608 val_r2=0.3684 val_mape=5.34%
    ep  45 (2.8s): train_loss=0.2491 train_rmse=0.0387 val_rmse=0.0602 val_r2=0.3807 val_mape=5.26%
    ep  46 (2.7s): train_loss=0.2385 train_rmse=0.0378 val_rmse=0.0561 val_r2=0.4636 val_mape=5.00%
    ep  47 (2.7s): train_loss=0.2355 train_rmse=0.0376 val_rmse=0.0546 val_r2=0.4920 val_mape=4.78%
    ep  48 (2.7s): train_loss=0.2303 train_rmse=0.0372 val_rmse=0.0569 val_r2=0.4474 val_mape=5.02%
    ep  49 (2.8s): train_loss=0.2324 train_rmse=0.0374 val_rmse=0.0569 val_r2=0.4468 val_mape=4.92%
    ep  50 (2.7s): train_loss=0.2360 train_rmse=0.0376 val_rmse=0.0564 val_r2=0.4572 val_mape=4.85%
    ep  51 (2.7s): train_loss=0.2323 train_rmse=0.0373 val_rmse=0.0567 val_r2=0.4508 val_mape=5.00%
    ep  52 (2.7s): train_loss=0.2233 train_rmse=0.0366 val_rmse=0.0558 val_r2=0.4692 val_mape=4.82%
    ep  53 (2.9s): train_loss=0.2179 train_rmse=0.0362 val_rmse=0.0569 val_r2=0.4471 val_mape=4.97%
    ep  54 (2.7s): train_loss=0.2296 train_rmse=0.0371 val_rmse=0.0571 val_r2=0.4440 val_mape=4.99%
    ep  55 (2.7s): train_loss=0.2207 train_rmse=0.0364 val_rmse=0.0569 val_r2=0.4467 val_mape=4.96%
    early stop @ epoch 55 (best 40, val_rmse=0.0540)
    final: rmse=0.0540  mae=0.0316  r2=0.5024  mape=4.78%  (374.8s, best_ep=40)
  -- fold 3 --
    [seed] reset RNG for target/fold: 45
    [fold-norm] fit on 70 train wafers (fold 3)...
    [fold-norm] done (120.7s)
    target oxide_etch stats: mean=0.6565 std=0.0773
    [oes-band] correlation selection: stat=late_mean, top_k=256, train_wafers=70
    [oes-band] selected 256/3648 wavelengths (max|corr|=0.606, min selected |corr|=0.339, 62.4s)
    ep   0 (11.8s): train_loss=1.0110 train_rmse=0.0777 val_rmse=0.0743 val_r2=0.0670 val_mape=8.92%
    ep   1 (2.9s): train_loss=0.8803 train_rmse=0.0725 val_rmse=0.0678 val_r2=0.2231 val_mape=8.32%
    ep   2 (2.7s): train_loss=0.7886 train_rmse=0.0687 val_rmse=0.0634 val_r2=0.3206 val_mape=7.64%
    ep   3 (2.6s): train_loss=0.7682 train_rmse=0.0678 val_rmse=0.0628 val_r2=0.3345 val_mape=7.41%
    ep   4 (2.7s): train_loss=0.7280 train_rmse=0.0660 val_rmse=0.0637 val_r2=0.3152 val_mape=7.31%
    ep   5 (2.6s): train_loss=0.7546 train_rmse=0.0672 val_rmse=0.0583 val_r2=0.4257 val_mape=6.67%
    ep   6 (2.6s): train_loss=0.7036 train_rmse=0.0649 val_rmse=0.0564 val_r2=0.4629 val_mape=6.27%
    ep   7 (2.7s): train_loss=0.5869 train_rmse=0.0592 val_rmse=0.0535 val_r2=0.5166 val_mape=5.72%
    ep   8 (2.6s): train_loss=0.5314 train_rmse=0.0564 val_rmse=0.0536 val_r2=0.5154 val_mape=6.04%
    ep   9 (2.7s): train_loss=0.5029 train_rmse=0.0548 val_rmse=0.0505 val_r2=0.5694 val_mape=5.22%
    ep  10 (2.6s): train_loss=0.5884 train_rmse=0.0593 val_rmse=0.0523 val_r2=0.5380 val_mape=5.33%
    ep  11 (2.7s): train_loss=0.4964 train_rmse=0.0545 val_rmse=0.0499 val_r2=0.5784 val_mape=5.26%
    ep  12 (2.7s): train_loss=0.5184 train_rmse=0.0557 val_rmse=0.0495 val_r2=0.5860 val_mape=4.84%
    ep  13 (2.7s): train_loss=0.4503 train_rmse=0.0519 val_rmse=0.0483 val_r2=0.6057 val_mape=4.55%
    ep  14 (2.6s): train_loss=0.4489 train_rmse=0.0518 val_rmse=0.0469 val_r2=0.6277 val_mape=4.48%
    ep  15 (2.7s): train_loss=0.4379 train_rmse=0.0512 val_rmse=0.0469 val_r2=0.6283 val_mape=4.66%
    ep  16 (2.7s): train_loss=0.4534 train_rmse=0.0521 val_rmse=0.0478 val_r2=0.6141 val_mape=4.52%
    ep  17 (2.7s): train_loss=0.4167 train_rmse=0.0499 val_rmse=0.0464 val_r2=0.6357 val_mape=4.15%
    ep  18 (2.7s): train_loss=0.5293 train_rmse=0.0563 val_rmse=0.0497 val_r2=0.5834 val_mape=4.62%
    ep  19 (2.6s): train_loss=0.4135 train_rmse=0.0497 val_rmse=0.0474 val_r2=0.6209 val_mape=4.86%
    ep  20 (2.7s): train_loss=0.4362 train_rmse=0.0511 val_rmse=0.0441 val_r2=0.6713 val_mape=4.25%
    ep  21 (2.7s): train_loss=0.4360 train_rmse=0.0511 val_rmse=0.0430 val_r2=0.6872 val_mape=4.21%
    ep  22 (2.7s): train_loss=0.4254 train_rmse=0.0504 val_rmse=0.0422 val_r2=0.6993 val_mape=3.92%
    ep  23 (2.6s): train_loss=0.4002 train_rmse=0.0489 val_rmse=0.0439 val_r2=0.6745 val_mape=4.00%
    ep  24 (2.7s): train_loss=0.3599 train_rmse=0.0464 val_rmse=0.0430 val_r2=0.6872 val_mape=4.17%
    ep  25 (2.7s): train_loss=0.3892 train_rmse=0.0482 val_rmse=0.0422 val_r2=0.6993 val_mape=3.86%
    ep  26 (2.7s): train_loss=0.3694 train_rmse=0.0470 val_rmse=0.0411 val_r2=0.7143 val_mape=3.85%
    ep  27 (2.6s): train_loss=0.3776 train_rmse=0.0475 val_rmse=0.0437 val_r2=0.6772 val_mape=3.92%
    ep  28 (2.7s): train_loss=0.3504 train_rmse=0.0458 val_rmse=0.0414 val_r2=0.7102 val_mape=3.60%
    ep  29 (2.7s): train_loss=0.3376 train_rmse=0.0449 val_rmse=0.0423 val_r2=0.6972 val_mape=3.65%
    ep  30 (2.7s): train_loss=0.3470 train_rmse=0.0455 val_rmse=0.0417 val_r2=0.7062 val_mape=3.63%
    ep  31 (2.7s): train_loss=0.4476 train_rmse=0.0517 val_rmse=0.0468 val_r2=0.6295 val_mape=4.08%
    ep  32 (2.7s): train_loss=0.3519 train_rmse=0.0459 val_rmse=0.0420 val_r2=0.7025 val_mape=3.73%
    ep  33 (2.6s): train_loss=0.3691 train_rmse=0.0470 val_rmse=0.0420 val_r2=0.7024 val_mape=3.54%
    ep  34 (2.7s): train_loss=0.3392 train_rmse=0.0450 val_rmse=0.0415 val_r2=0.7091 val_mape=3.41%
    ep  35 (2.7s): train_loss=0.3392 train_rmse=0.0450 val_rmse=0.0408 val_r2=0.7185 val_mape=3.47%
    ep  36 (2.7s): train_loss=0.3271 train_rmse=0.0442 val_rmse=0.0406 val_r2=0.7211 val_mape=3.44%
    ep  37 (2.7s): train_loss=0.3333 train_rmse=0.0446 val_rmse=0.0412 val_r2=0.7136 val_mape=3.61%
    ep  38 (2.7s): train_loss=0.3177 train_rmse=0.0436 val_rmse=0.0405 val_r2=0.7233 val_mape=3.38%
    ep  39 (2.7s): train_loss=0.3055 train_rmse=0.0427 val_rmse=0.0406 val_r2=0.7216 val_mape=3.46%
    ep  40 (2.7s): train_loss=0.3154 train_rmse=0.0434 val_rmse=0.0420 val_r2=0.7020 val_mape=3.65%
    ep  41 (2.7s): train_loss=0.3142 train_rmse=0.0433 val_rmse=0.0396 val_r2=0.7353 val_mape=3.44%
    ep  42 (2.7s): train_loss=0.3109 train_rmse=0.0431 val_rmse=0.0397 val_r2=0.7338 val_mape=3.34%
    ep  43 (2.7s): train_loss=0.3038 train_rmse=0.0426 val_rmse=0.0404 val_r2=0.7241 val_mape=3.49%
    ep  44 (2.7s): train_loss=0.2979 train_rmse=0.0422 val_rmse=0.0402 val_r2=0.7270 val_mape=3.40%
    ep  45 (2.7s): train_loss=0.3012 train_rmse=0.0424 val_rmse=0.0402 val_r2=0.7275 val_mape=3.47%
    ep  46 (2.7s): train_loss=0.3087 train_rmse=0.0430 val_rmse=0.0390 val_r2=0.7426 val_mape=3.33%
    ep  47 (2.7s): train_loss=0.2883 train_rmse=0.0415 val_rmse=0.0391 val_r2=0.7423 val_mape=3.28%
    ep  48 (2.7s): train_loss=0.2922 train_rmse=0.0418 val_rmse=0.0392 val_r2=0.7408 val_mape=3.24%
    ep  49 (2.7s): train_loss=0.2958 train_rmse=0.0421 val_rmse=0.0390 val_r2=0.7423 val_mape=3.19%
    ep  50 (2.7s): train_loss=0.2900 train_rmse=0.0416 val_rmse=0.0395 val_r2=0.7369 val_mape=3.31%
    ep  51 (2.7s): train_loss=0.2863 train_rmse=0.0414 val_rmse=0.0389 val_r2=0.7439 val_mape=3.24%
    ep  52 (2.7s): train_loss=0.2822 train_rmse=0.0411 val_rmse=0.0397 val_r2=0.7337 val_mape=3.33%
    ep  53 (2.7s): train_loss=0.2830 train_rmse=0.0411 val_rmse=0.0390 val_r2=0.7427 val_mape=3.17%
    ep  54 (2.7s): train_loss=0.2967 train_rmse=0.0421 val_rmse=0.0401 val_r2=0.7281 val_mape=3.35%
    ep  55 (2.7s): train_loss=0.2794 train_rmse=0.0409 val_rmse=0.0397 val_r2=0.7331 val_mape=3.38%
    ep  56 (2.7s): train_loss=0.3075 train_rmse=0.0429 val_rmse=0.0397 val_r2=0.7336 val_mape=3.42%
    ep  57 (2.7s): train_loss=0.2756 train_rmse=0.0406 val_rmse=0.0391 val_r2=0.7420 val_mape=3.21%
    ep  58 (2.7s): train_loss=0.2953 train_rmse=0.0420 val_rmse=0.0391 val_r2=0.7415 val_mape=3.20%
    ep  59 (2.7s): train_loss=0.2761 train_rmse=0.0406 val_rmse=0.0388 val_r2=0.7450 val_mape=3.15%
    ep  60 (2.7s): train_loss=0.2894 train_rmse=0.0416 val_rmse=0.0397 val_r2=0.7335 val_mape=3.26%
    ep  61 (2.7s): train_loss=0.2766 train_rmse=0.0407 val_rmse=0.0387 val_r2=0.7464 val_mape=3.16%
    ep  62 (2.7s): train_loss=0.2684 train_rmse=0.0401 val_rmse=0.0391 val_r2=0.7419 val_mape=3.22%
    ep  63 (2.7s): train_loss=0.2711 train_rmse=0.0403 val_rmse=0.0391 val_r2=0.7423 val_mape=3.22%
    ep  64 (2.7s): train_loss=0.2681 train_rmse=0.0400 val_rmse=0.0391 val_r2=0.7422 val_mape=3.20%
    ep  65 (2.7s): train_loss=0.2647 train_rmse=0.0398 val_rmse=0.0390 val_r2=0.7424 val_mape=3.22%
    ep  66 (2.7s): train_loss=0.2667 train_rmse=0.0399 val_rmse=0.0390 val_r2=0.7432 val_mape=3.23%
    ep  67 (2.7s): train_loss=0.2638 train_rmse=0.0397 val_rmse=0.0388 val_r2=0.7454 val_mape=3.21%
    ep  68 (2.7s): train_loss=0.2680 train_rmse=0.0400 val_rmse=0.0392 val_r2=0.7409 val_mape=3.24%
    ep  69 (2.7s): train_loss=0.2653 train_rmse=0.0398 val_rmse=0.0389 val_r2=0.7445 val_mape=3.20%
    ep  70 (2.7s): train_loss=0.2700 train_rmse=0.0402 val_rmse=0.0389 val_r2=0.7438 val_mape=3.21%
    ep  71 (2.7s): train_loss=0.2749 train_rmse=0.0405 val_rmse=0.0386 val_r2=0.7479 val_mape=3.15%
    ep  72 (2.7s): train_loss=0.2713 train_rmse=0.0403 val_rmse=0.0389 val_r2=0.7444 val_mape=3.19%
    ep  73 (2.7s): train_loss=0.2646 train_rmse=0.0398 val_rmse=0.0387 val_r2=0.7465 val_mape=3.15%
    ep  74 (2.8s): train_loss=0.2638 train_rmse=0.0397 val_rmse=0.0385 val_r2=0.7489 val_mape=3.14%
    ep  75 (2.8s): train_loss=0.2709 train_rmse=0.0402 val_rmse=0.0388 val_r2=0.7460 val_mape=3.18%
    ep  76 (2.7s): train_loss=0.2662 train_rmse=0.0399 val_rmse=0.0387 val_r2=0.7464 val_mape=3.17%
    ep  77 (2.7s): train_loss=0.2682 train_rmse=0.0400 val_rmse=0.0389 val_r2=0.7441 val_mape=3.19%
    ep  78 (2.7s): train_loss=0.2610 train_rmse=0.0395 val_rmse=0.0390 val_r2=0.7426 val_mape=3.22%
    ep  79 (2.8s): train_loss=0.2659 train_rmse=0.0399 val_rmse=0.0387 val_r2=0.7468 val_mape=3.16%
    final: rmse=0.0385  mae=0.0216  r2=0.7489  mape=3.14%  (407.8s, best_ep=74)
  -- fold 4 --
    [seed] reset RNG for target/fold: 46
    [fold-norm] fit on 70 train wafers (fold 4)...
    [fold-norm] done (125.4s)
    target oxide_etch stats: mean=0.6594 std=0.0768
    [oes-band] correlation selection: stat=late_mean, top_k=256, train_wafers=70
    [oes-band] selected 256/3648 wavelengths (max|corr|=0.584, min selected |corr|=0.332, 62.3s)
    ep   0 (15.6s): train_loss=1.0024 train_rmse=0.0769 val_rmse=0.0772 val_r2=0.0472 val_mape=9.65%
    ep   1 (3.2s): train_loss=0.9474 train_rmse=0.0747 val_rmse=0.0762 val_r2=0.0721 val_mape=9.59%
    ep   2 (2.7s): train_loss=0.9431 train_rmse=0.0746 val_rmse=0.0730 val_r2=0.1496 val_mape=8.99%
    ep   3 (2.7s): train_loss=0.9209 train_rmse=0.0737 val_rmse=0.0800 val_r2=-0.0216 val_mape=9.57%
    ep   4 (2.7s): train_loss=0.8212 train_rmse=0.0696 val_rmse=0.0880 val_r2=-0.2378 val_mape=11.39%
    ep   5 (2.6s): train_loss=0.9125 train_rmse=0.0733 val_rmse=0.0750 val_r2=0.1005 val_mape=8.86%
    ep   6 (2.6s): train_loss=0.8185 train_rmse=0.0695 val_rmse=0.0802 val_r2=-0.0276 val_mape=10.10%
    ep   7 (2.7s): train_loss=0.8260 train_rmse=0.0698 val_rmse=0.0750 val_r2=0.1020 val_mape=8.49%
    ep   8 (2.6s): train_loss=0.7467 train_rmse=0.0663 val_rmse=0.0697 val_r2=0.2230 val_mape=7.77%
    ep   9 (2.6s): train_loss=0.8792 train_rmse=0.0720 val_rmse=0.0763 val_r2=0.0699 val_mape=7.82%
    ep  10 (2.6s): train_loss=0.8562 train_rmse=0.0710 val_rmse=0.0729 val_r2=0.1505 val_mape=8.62%
    ep  11 (2.7s): train_loss=0.7751 train_rmse=0.0676 val_rmse=0.0776 val_r2=0.0378 val_mape=9.33%
    ep  12 (2.6s): train_loss=0.6996 train_rmse=0.0642 val_rmse=0.0775 val_r2=0.0395 val_mape=7.30%
    ep  13 (2.6s): train_loss=0.6421 train_rmse=0.0615 val_rmse=0.0730 val_r2=0.1488 val_mape=7.55%
    ep  14 (2.6s): train_loss=0.6363 train_rmse=0.0612 val_rmse=0.0823 val_r2=-0.0832 val_mape=9.58%
    ep  15 (2.7s): train_loss=0.6994 train_rmse=0.0642 val_rmse=0.0653 val_r2=0.3196 val_mape=7.14%
    ep  16 (2.7s): train_loss=0.7728 train_rmse=0.0675 val_rmse=0.0658 val_r2=0.3084 val_mape=6.20%
    ep  17 (2.7s): train_loss=0.6416 train_rmse=0.0615 val_rmse=0.0802 val_r2=-0.0263 val_mape=7.35%
    ep  18 (2.7s): train_loss=0.6601 train_rmse=0.0624 val_rmse=0.0658 val_r2=0.3083 val_mape=6.61%
    ep  19 (2.7s): train_loss=0.6279 train_rmse=0.0608 val_rmse=0.0795 val_r2=-0.0087 val_mape=9.02%
    ep  20 (2.7s): train_loss=0.5626 train_rmse=0.0576 val_rmse=0.0748 val_r2=0.1055 val_mape=8.40%
    ep  21 (2.7s): train_loss=0.6564 train_rmse=0.0622 val_rmse=0.0671 val_r2=0.2804 val_mape=5.66%
    ep  22 (2.7s): train_loss=0.6493 train_rmse=0.0619 val_rmse=0.0653 val_r2=0.3180 val_mape=6.38%
    ep  23 (2.7s): train_loss=0.7034 train_rmse=0.0644 val_rmse=0.0792 val_r2=-0.0022 val_mape=8.80%
    ep  24 (2.7s): train_loss=0.6076 train_rmse=0.0599 val_rmse=0.0723 val_r2=0.1661 val_mape=7.07%
    ep  25 (2.6s): train_loss=0.5889 train_rmse=0.0589 val_rmse=0.0737 val_r2=0.1319 val_mape=8.19%
    ep  26 (2.6s): train_loss=0.5603 train_rmse=0.0575 val_rmse=0.0732 val_r2=0.1437 val_mape=5.99%
    ep  27 (2.6s): train_loss=0.5236 train_rmse=0.0556 val_rmse=0.0667 val_r2=0.2902 val_mape=5.79%
    ep  28 (2.6s): train_loss=0.5510 train_rmse=0.0570 val_rmse=0.0704 val_r2=0.2094 val_mape=7.12%
    ep  29 (2.6s): train_loss=0.5043 train_rmse=0.0545 val_rmse=0.0695 val_r2=0.2279 val_mape=6.85%
    ep  30 (2.6s): train_loss=0.4718 train_rmse=0.0527 val_rmse=0.0672 val_r2=0.2782 val_mape=5.33%
    early stop @ epoch 30 (best 15, val_rmse=0.0653)
    final: rmse=0.0653  mae=0.0456  r2=0.3196  mape=7.14%  (283.9s, best_ep=15)
  AGG    rmse=0.0482±0.0100  r2=0.5959±0.1625