Experiment dir: outputs\experiments\2026-04-30_15-32_baseline-xgb
Config: configs\exp_baseline_xgb.yaml

[data] cache: cache\v1
[data] feature table: 88 wafers × 328 features
[data] measurements:  7832 samples × 11 cols
[data] design matrix: 7832 samples × 330 features
[data] targets: ['si_etch', 'oxide_etch']
[data] split: splits/kfold5_wafer.npz  (StratifiedGroupKFold(n_splits=5, stratify=lot, group=wafer), n_folds=5)

=== Target: si_etch ===
  fold 0: rmse=0.2650  mae=0.1667  r2=0.9946  mape=0.38%  (2.9s, n_train=6230, n_val=1602)
  fold 1: rmse=0.2355  mae=0.1419  r2=0.9958  mape=0.32%  (2.5s, n_train=6319, n_val=1513)
  fold 2: rmse=0.2741  mae=0.2021  r2=0.9942  mape=0.46%  (2.7s, n_train=6319, n_val=1513)
  fold 3: rmse=0.4417  mae=0.1576  r2=0.9852  mape=0.37%  (2.9s, n_train=6230, n_val=1602)
  fold 4: rmse=0.4261  mae=0.1867  r2=0.9859  mape=0.43%  (3.1s, n_train=6230, n_val=1602)
  AGG    rmse=0.3285±0.0872  mae=0.1710±0.0213  r2=0.9911±0.0046  mape=0.39%±0.05%

=== Target: oxide_etch ===
  fold 0: rmse=0.0514  mae=0.0306  r2=0.5603  mape=4.76%  (3.5s, n_train=6230, n_val=1602)
  fold 1: rmse=0.0541  mae=0.0324  r2=0.4920  mape=5.30%  (3.6s, n_train=6319, n_val=1513)
  fold 2: rmse=0.0579  mae=0.0350  r2=0.4285  mape=5.32%  (3.7s, n_train=6319, n_val=1513)
  fold 3: rmse=0.0453  mae=0.0263  r2=0.6536  mape=3.79%  (3.8s, n_train=6230, n_val=1602)
  fold 4: rmse=0.0487  mae=0.0295  r2=0.6214  mape=4.67%  (4.1s, n_train=6230, n_val=1602)
  AGG    rmse=0.0514±0.0043  mae=0.0308±0.0029  r2=0.5512±0.0825  mape=4.77%±0.56%