Experiment dir: outputs\experiments\2026-05-26_22-29_dl-multimodal-oes-topk128-5fold
Config: configs\exp_dl_multimodal_oes_topk128_5fold.yaml
Device: cuda  (CUDA=True)
Cache: cache\v1  |  split: splits/kfold5_wafer.npz (StratifiedGroupKFold(n_splits=5, stratify=lot, group=wafer), running folds [0, 1, 2, 3, 4] of 5)
Targets: ['oxide_etch']  |  modality: multimodal

[setup] loading 88 wafers (one-time, shared across folds)...
[setup] done in 142.4s  (discover=0.2 load=142.3)
[setup] proc channels kept: 31
[setup] XGB injection features: 0 (disabled)
[setup] normalisation deferred to per-fold (no val leakage)

=== Target: oxide_etch ===
  -- fold 0 --
    [seed] reset RNG for target/fold: 42
    [fold-norm] fit on 70 train wafers (fold 0)...
    [fold-norm] done (88.9s)
    target oxide_etch stats: mean=0.6587 std=0.0773
    [oes-band] correlation selection: stat=late_mean, top_k=128, train_wafers=70
    [oes-band] selected 128/3648 wavelengths (max|corr|=0.618, min selected |corr|=0.387, 58.6s)
    ep   0 (37.2s): train_loss=0.9950 train_rmse=0.0771 val_rmse=0.0703 val_r2=0.1755 val_mape=8.82%
    ep   1 (2.0s): train_loss=0.7772 train_rmse=0.0681 val_rmse=0.0769 val_r2=0.0154 val_mape=9.59%
    ep   2 (1.5s): train_loss=0.8468 train_rmse=0.0711 val_rmse=0.0673 val_r2=0.2457 val_mape=8.29%
    ep   3 (1.5s): train_loss=0.7264 train_rmse=0.0658 val_rmse=0.0605 val_r2=0.3904 val_mape=7.15%
    ep   4 (1.5s): train_loss=0.5897 train_rmse=0.0593 val_rmse=0.0533 val_r2=0.5258 val_mape=6.05%
    ep   5 (1.5s): train_loss=0.5503 train_rmse=0.0573 val_rmse=0.0566 val_r2=0.4667 val_mape=6.46%
    ep   6 (1.5s): train_loss=0.5929 train_rmse=0.0595 val_rmse=0.0516 val_r2=0.5565 val_mape=5.71%
    ep   7 (1.5s): train_loss=0.4815 train_rmse=0.0536 val_rmse=0.0467 val_r2=0.6367 val_mape=5.16%
    ep   8 (1.5s): train_loss=0.4394 train_rmse=0.0512 val_rmse=0.0469 val_r2=0.6328 val_mape=5.25%
    ep   9 (1.5s): train_loss=0.4219 train_rmse=0.0502 val_rmse=0.0466 val_r2=0.6379 val_mape=4.92%
    ep  10 (1.5s): train_loss=0.4264 train_rmse=0.0504 val_rmse=0.0451 val_r2=0.6605 val_mape=4.59%
    ep  11 (1.5s): train_loss=0.4434 train_rmse=0.0514 val_rmse=0.0510 val_r2=0.5658 val_mape=5.98%
    ep  12 (1.5s): train_loss=0.4171 train_rmse=0.0499 val_rmse=0.0444 val_r2=0.6720 val_mape=4.36%
    ep  13 (1.5s): train_loss=0.4474 train_rmse=0.0517 val_rmse=0.0481 val_r2=0.6143 val_mape=4.36%
    ep  14 (1.5s): train_loss=0.5587 train_rmse=0.0578 val_rmse=0.0461 val_r2=0.6460 val_mape=4.46%
    ep  15 (1.5s): train_loss=0.3522 train_rmse=0.0459 val_rmse=0.0417 val_r2=0.7100 val_mape=4.07%
    ep  16 (1.5s): train_loss=0.3379 train_rmse=0.0449 val_rmse=0.0411 val_r2=0.7184 val_mape=3.97%
    ep  17 (1.5s): train_loss=0.3325 train_rmse=0.0446 val_rmse=0.0409 val_r2=0.7214 val_mape=4.02%
    ep  18 (1.5s): train_loss=0.3236 train_rmse=0.0440 val_rmse=0.0414 val_r2=0.7138 val_mape=3.98%
    ep  19 (1.5s): train_loss=0.3338 train_rmse=0.0446 val_rmse=0.0406 val_r2=0.7253 val_mape=3.93%
    ep  20 (1.5s): train_loss=0.3477 train_rmse=0.0456 val_rmse=0.0406 val_r2=0.7256 val_mape=3.87%
    ep  21 (1.5s): train_loss=0.3115 train_rmse=0.0431 val_rmse=0.0414 val_r2=0.7140 val_mape=3.82%
    ep  22 (1.5s): train_loss=0.3205 train_rmse=0.0437 val_rmse=0.0446 val_r2=0.6681 val_mape=4.05%
    ep  23 (1.5s): train_loss=0.3066 train_rmse=0.0428 val_rmse=0.0422 val_r2=0.7038 val_mape=3.89%
    ep  24 (1.5s): train_loss=0.3614 train_rmse=0.0464 val_rmse=0.0404 val_r2=0.7274 val_mape=3.85%
    ep  25 (1.5s): train_loss=0.3354 train_rmse=0.0447 val_rmse=0.0460 val_r2=0.6479 val_mape=3.91%
    ep  26 (1.5s): train_loss=0.3373 train_rmse=0.0449 val_rmse=0.0442 val_r2=0.6744 val_mape=3.83%
    ep  27 (1.6s): train_loss=0.3279 train_rmse=0.0442 val_rmse=0.0443 val_r2=0.6735 val_mape=3.83%
    ep  28 (1.5s): train_loss=0.3014 train_rmse=0.0424 val_rmse=0.0420 val_r2=0.7064 val_mape=3.66%
    ep  29 (1.5s): train_loss=0.2966 train_rmse=0.0421 val_rmse=0.0400 val_r2=0.7334 val_mape=3.63%
    ep  30 (1.5s): train_loss=0.3020 train_rmse=0.0425 val_rmse=0.0400 val_r2=0.7332 val_mape=3.60%
    ep  31 (1.5s): train_loss=0.2919 train_rmse=0.0417 val_rmse=0.0402 val_r2=0.7301 val_mape=3.62%
    ep  32 (1.5s): train_loss=0.2858 train_rmse=0.0413 val_rmse=0.0409 val_r2=0.7209 val_mape=3.64%
    ep  33 (1.5s): train_loss=0.2926 train_rmse=0.0418 val_rmse=0.0401 val_r2=0.7324 val_mape=3.61%
    ep  34 (1.5s): train_loss=0.2913 train_rmse=0.0417 val_rmse=0.0399 val_r2=0.7341 val_mape=3.61%
    ep  35 (1.5s): train_loss=0.3012 train_rmse=0.0424 val_rmse=0.0399 val_r2=0.7352 val_mape=3.60%
    ep  36 (1.5s): train_loss=0.2889 train_rmse=0.0415 val_rmse=0.0402 val_r2=0.7308 val_mape=3.59%
    ep  37 (1.5s): train_loss=0.2923 train_rmse=0.0418 val_rmse=0.0398 val_r2=0.7358 val_mape=3.58%
    ep  38 (1.5s): train_loss=0.2912 train_rmse=0.0417 val_rmse=0.0402 val_r2=0.7301 val_mape=3.59%
    ep  39 (1.5s): train_loss=0.2940 train_rmse=0.0419 val_rmse=0.0398 val_r2=0.7361 val_mape=3.60%
    final: rmse=0.0398  mae=0.0237  r2=0.7361  mape=3.60%  (245.9s, best_ep=39)
  -- fold 1 --
    [seed] reset RNG for target/fold: 43
    [fold-norm] fit on 71 train wafers (fold 1)...
    [fold-norm] done (113.5s)
    target oxide_etch stats: mean=0.6585 std=0.0776
    [oes-band] correlation selection: stat=late_mean, top_k=128, train_wafers=71
    [oes-band] selected 128/3648 wavelengths (max|corr|=0.563, min selected |corr|=0.402, 61.2s)
    ep   0 (19.2s): train_loss=0.9988 train_rmse=0.0776 val_rmse=0.0689 val_r2=0.1762 val_mape=8.60%
    ep   1 (1.8s): train_loss=0.8116 train_rmse=0.0700 val_rmse=0.0668 val_r2=0.2241 val_mape=8.37%
    ep   2 (1.5s): train_loss=0.7307 train_rmse=0.0664 val_rmse=0.0633 val_r2=0.3038 val_mape=7.84%
    ep   3 (1.5s): train_loss=0.6286 train_rmse=0.0616 val_rmse=0.0541 val_r2=0.4910 val_mape=6.08%
    ep   4 (1.5s): train_loss=0.5810 train_rmse=0.0592 val_rmse=0.0514 val_r2=0.5417 val_mape=5.47%
    ep   5 (1.5s): train_loss=0.5741 train_rmse=0.0588 val_rmse=0.0504 val_r2=0.5582 val_mape=5.20%
    ep   6 (1.5s): train_loss=0.5571 train_rmse=0.0580 val_rmse=0.0505 val_r2=0.5574 val_mape=5.25%
    ep   7 (1.5s): train_loss=0.4875 train_rmse=0.0542 val_rmse=0.0491 val_r2=0.5815 val_mape=4.85%
    ep   8 (1.5s): train_loss=0.4767 train_rmse=0.0536 val_rmse=0.0490 val_r2=0.5828 val_mape=4.91%
    ep   9 (1.6s): train_loss=0.4399 train_rmse=0.0515 val_rmse=0.0482 val_r2=0.5960 val_mape=4.81%
    ep  10 (1.5s): train_loss=0.5018 train_rmse=0.0550 val_rmse=0.0482 val_r2=0.5963 val_mape=4.60%
    ep  11 (1.5s): train_loss=0.4412 train_rmse=0.0516 val_rmse=0.0504 val_r2=0.5581 val_mape=5.18%
    ep  12 (1.5s): train_loss=0.5697 train_rmse=0.0586 val_rmse=0.0489 val_r2=0.5847 val_mape=5.00%
    ep  13 (1.5s): train_loss=0.4692 train_rmse=0.0532 val_rmse=0.0474 val_r2=0.6089 val_mape=4.33%
    ep  14 (1.5s): train_loss=0.3671 train_rmse=0.0470 val_rmse=0.0471 val_r2=0.6140 val_mape=4.63%
    ep  15 (1.5s): train_loss=0.3866 train_rmse=0.0483 val_rmse=0.0470 val_r2=0.6166 val_mape=4.39%
    ep  16 (1.5s): train_loss=0.4329 train_rmse=0.0511 val_rmse=0.0466 val_r2=0.6222 val_mape=4.32%
    ep  17 (1.6s): train_loss=0.3685 train_rmse=0.0471 val_rmse=0.0462 val_r2=0.6294 val_mape=4.24%
    ep  18 (1.5s): train_loss=0.3775 train_rmse=0.0477 val_rmse=0.0471 val_r2=0.6137 val_mape=4.30%
    ep  19 (1.5s): train_loss=0.3558 train_rmse=0.0463 val_rmse=0.0457 val_r2=0.6378 val_mape=4.05%
    ep  20 (1.5s): train_loss=0.4070 train_rmse=0.0495 val_rmse=0.0471 val_r2=0.6144 val_mape=4.19%
    ep  21 (1.5s): train_loss=0.3520 train_rmse=0.0461 val_rmse=0.0468 val_r2=0.6191 val_mape=3.92%
    ep  22 (1.5s): train_loss=0.3439 train_rmse=0.0455 val_rmse=0.0458 val_r2=0.6356 val_mape=3.84%
    ep  23 (1.5s): train_loss=0.3230 train_rmse=0.0441 val_rmse=0.0452 val_r2=0.6448 val_mape=3.91%
    ep  24 (1.5s): train_loss=0.3268 train_rmse=0.0444 val_rmse=0.0458 val_r2=0.6354 val_mape=3.94%
    ep  25 (1.6s): train_loss=0.3087 train_rmse=0.0431 val_rmse=0.0455 val_r2=0.6407 val_mape=3.87%
    ep  26 (1.5s): train_loss=0.3137 train_rmse=0.0435 val_rmse=0.0462 val_r2=0.6288 val_mape=3.94%
    ep  27 (1.5s): train_loss=0.3134 train_rmse=0.0435 val_rmse=0.0465 val_r2=0.6246 val_mape=3.88%
    ep  28 (1.5s): train_loss=0.3091 train_rmse=0.0432 val_rmse=0.0466 val_r2=0.6227 val_mape=3.86%
    ep  29 (1.5s): train_loss=0.3029 train_rmse=0.0427 val_rmse=0.0467 val_r2=0.6203 val_mape=3.86%
    ep  30 (1.5s): train_loss=0.3388 train_rmse=0.0452 val_rmse=0.0464 val_r2=0.6257 val_mape=3.88%
    ep  31 (1.5s): train_loss=0.2914 train_rmse=0.0419 val_rmse=0.0462 val_r2=0.6289 val_mape=3.80%
    early stop @ epoch 31 (best 23, val_rmse=0.0452)
    final: rmse=0.0452  mae=0.0249  r2=0.6448  mape=3.91%  (242.5s, best_ep=23)
  -- fold 2 --
    [seed] reset RNG for target/fold: 44
    [fold-norm] fit on 71 train wafers (fold 2)...
    [fold-norm] done (119.9s)
    target oxide_etch stats: mean=0.6577 std=0.0775
    [oes-band] correlation selection: stat=late_mean, top_k=128, train_wafers=71
    [oes-band] selected 128/3648 wavelengths (max|corr|=0.619, min selected |corr|=0.428, 61.0s)
    ep   0 (37.6s): train_loss=1.0173 train_rmse=0.0781 val_rmse=0.0729 val_r2=0.0929 val_mape=8.82%
    ep   1 (1.5s): train_loss=0.7936 train_rmse=0.0690 val_rmse=0.0655 val_r2=0.2686 val_mape=7.95%
    ep   2 (1.5s): train_loss=0.7258 train_rmse=0.0660 val_rmse=0.0674 val_r2=0.2236 val_mape=7.94%
    ep   3 (1.5s): train_loss=0.6044 train_rmse=0.0602 val_rmse=0.0661 val_r2=0.2548 val_mape=6.99%
    ep   4 (1.4s): train_loss=0.6048 train_rmse=0.0603 val_rmse=0.0596 val_r2=0.3939 val_mape=6.56%
    ep   5 (1.4s): train_loss=0.4899 train_rmse=0.0542 val_rmse=0.0655 val_r2=0.2670 val_mape=6.52%
    ep   6 (1.4s): train_loss=0.4270 train_rmse=0.0506 val_rmse=0.0660 val_r2=0.2574 val_mape=6.27%
    ep   7 (1.4s): train_loss=0.4162 train_rmse=0.0500 val_rmse=0.0631 val_r2=0.3193 val_mape=6.07%
    ep   8 (1.4s): train_loss=0.3848 train_rmse=0.0481 val_rmse=0.0603 val_r2=0.3796 val_mape=5.74%
    ep   9 (1.4s): train_loss=0.4227 train_rmse=0.0504 val_rmse=0.0661 val_r2=0.2537 val_mape=6.25%
    ep  10 (1.4s): train_loss=0.4319 train_rmse=0.0509 val_rmse=0.0689 val_r2=0.1895 val_mape=6.40%
    ep  11 (1.6s): train_loss=0.3840 train_rmse=0.0480 val_rmse=0.0628 val_r2=0.3270 val_mape=5.95%
    ep  12 (1.6s): train_loss=0.3335 train_rmse=0.0447 val_rmse=0.0621 val_r2=0.3427 val_mape=5.92%
    early stop @ epoch 12 (best 4, val_rmse=0.0596)
    final: rmse=0.0596  mae=0.0423  r2=0.3939  mape=6.56%  (236.5s, best_ep=4)
  -- fold 3 --
    [seed] reset RNG for target/fold: 45
    [fold-norm] fit on 70 train wafers (fold 3)...
    [fold-norm] done (116.6s)
    target oxide_etch stats: mean=0.6565 std=0.0773
    [oes-band] correlation selection: stat=late_mean, top_k=128, train_wafers=70
    [oes-band] selected 128/3648 wavelengths (max|corr|=0.606, min selected |corr|=0.398, 60.3s)
    ep   0 (20.5s): train_loss=0.9771 train_rmse=0.0764 val_rmse=0.0697 val_r2=0.1797 val_mape=8.33%
    ep   1 (1.8s): train_loss=0.7539 train_rmse=0.0671 val_rmse=0.0624 val_r2=0.3428 val_mape=7.47%
    ep   2 (1.4s): train_loss=0.6882 train_rmse=0.0641 val_rmse=0.0586 val_r2=0.4191 val_mape=6.73%
    ep   3 (1.4s): train_loss=0.6213 train_rmse=0.0609 val_rmse=0.0575 val_r2=0.4412 val_mape=6.28%
    ep   4 (1.4s): train_loss=0.6659 train_rmse=0.0631 val_rmse=0.0591 val_r2=0.4102 val_mape=5.84%
    ep   5 (1.4s): train_loss=0.6920 train_rmse=0.0643 val_rmse=0.0544 val_r2=0.4993 val_mape=5.67%
    ep   6 (1.4s): train_loss=0.6147 train_rmse=0.0606 val_rmse=0.0518 val_r2=0.5459 val_mape=4.96%
    ep   7 (1.4s): train_loss=0.5383 train_rmse=0.0567 val_rmse=0.0499 val_r2=0.5795 val_mape=4.66%
    ep   8 (1.4s): train_loss=0.5051 train_rmse=0.0550 val_rmse=0.0510 val_r2=0.5611 val_mape=4.89%
    ep   9 (1.4s): train_loss=0.4566 train_rmse=0.0523 val_rmse=0.0463 val_r2=0.6375 val_mape=4.46%
    ep  10 (1.4s): train_loss=0.4552 train_rmse=0.0522 val_rmse=0.0511 val_r2=0.5590 val_mape=4.80%
    ep  11 (1.4s): train_loss=0.4298 train_rmse=0.0507 val_rmse=0.0433 val_r2=0.6831 val_mape=3.70%
    ep  12 (1.4s): train_loss=0.4259 train_rmse=0.0505 val_rmse=0.0434 val_r2=0.6823 val_mape=3.66%
    ep  13 (1.4s): train_loss=0.4178 train_rmse=0.0500 val_rmse=0.0460 val_r2=0.6422 val_mape=3.96%
    ep  14 (1.4s): train_loss=0.4246 train_rmse=0.0504 val_rmse=0.0427 val_r2=0.6924 val_mape=3.64%
    ep  15 (1.4s): train_loss=0.4176 train_rmse=0.0500 val_rmse=0.0432 val_r2=0.6846 val_mape=3.78%
    ep  16 (1.4s): train_loss=0.4434 train_rmse=0.0515 val_rmse=0.0434 val_r2=0.6811 val_mape=3.60%
    ep  17 (1.5s): train_loss=0.4056 train_rmse=0.0492 val_rmse=0.0433 val_r2=0.6836 val_mape=3.61%
    ep  18 (1.4s): train_loss=0.4941 train_rmse=0.0544 val_rmse=0.0465 val_r2=0.6353 val_mape=4.22%
    ep  19 (1.4s): train_loss=0.4060 train_rmse=0.0493 val_rmse=0.0416 val_r2=0.7083 val_mape=3.62%
    ep  20 (1.4s): train_loss=0.3906 train_rmse=0.0483 val_rmse=0.0403 val_r2=0.7257 val_mape=3.47%
    ep  21 (1.4s): train_loss=0.3923 train_rmse=0.0484 val_rmse=0.0395 val_r2=0.7362 val_mape=3.57%
    ep  22 (1.4s): train_loss=0.4334 train_rmse=0.0509 val_rmse=0.0412 val_r2=0.7128 val_mape=3.81%
    ep  23 (1.4s): train_loss=0.3974 train_rmse=0.0487 val_rmse=0.0413 val_r2=0.7118 val_mape=3.77%
    ep  24 (1.4s): train_loss=0.3624 train_rmse=0.0465 val_rmse=0.0411 val_r2=0.7151 val_mape=3.53%
    ep  25 (1.4s): train_loss=0.4063 train_rmse=0.0493 val_rmse=0.0431 val_r2=0.6865 val_mape=3.65%
    ep  26 (1.4s): train_loss=0.3492 train_rmse=0.0457 val_rmse=0.0401 val_r2=0.7277 val_mape=3.49%
    ep  27 (1.4s): train_loss=0.3404 train_rmse=0.0451 val_rmse=0.0429 val_r2=0.6887 val_mape=3.72%
    ep  28 (1.4s): train_loss=0.3243 train_rmse=0.0440 val_rmse=0.0394 val_r2=0.7371 val_mape=3.35%
    ep  29 (1.4s): train_loss=0.3271 train_rmse=0.0442 val_rmse=0.0401 val_r2=0.7276 val_mape=3.40%
    ep  30 (1.4s): train_loss=0.3346 train_rmse=0.0447 val_rmse=0.0384 val_r2=0.7512 val_mape=3.22%
    ep  31 (1.4s): train_loss=0.3226 train_rmse=0.0439 val_rmse=0.0403 val_r2=0.7258 val_mape=3.38%
    ep  32 (1.4s): train_loss=0.3152 train_rmse=0.0434 val_rmse=0.0381 val_r2=0.7549 val_mape=3.20%
    ep  33 (1.4s): train_loss=0.3257 train_rmse=0.0441 val_rmse=0.0399 val_r2=0.7303 val_mape=3.34%
    ep  34 (1.4s): train_loss=0.3253 train_rmse=0.0441 val_rmse=0.0387 val_r2=0.7473 val_mape=3.22%
    ep  35 (1.4s): train_loss=0.3090 train_rmse=0.0430 val_rmse=0.0403 val_r2=0.7257 val_mape=3.34%
    ep  36 (1.4s): train_loss=0.3082 train_rmse=0.0429 val_rmse=0.0398 val_r2=0.7322 val_mape=3.29%
    ep  37 (1.4s): train_loss=0.3154 train_rmse=0.0434 val_rmse=0.0393 val_r2=0.7386 val_mape=3.25%
    ep  38 (1.4s): train_loss=0.3029 train_rmse=0.0426 val_rmse=0.0395 val_r2=0.7364 val_mape=3.27%
    ep  39 (1.4s): train_loss=0.3041 train_rmse=0.0426 val_rmse=0.0393 val_r2=0.7390 val_mape=3.24%
    final: rmse=0.0381  mae=0.0221  r2=0.7549  mape=3.20%  (253.1s, best_ep=32)
  -- fold 4 --
    [seed] reset RNG for target/fold: 46
    [fold-norm] fit on 70 train wafers (fold 4)...
    [fold-norm] done (114.5s)
    target oxide_etch stats: mean=0.6594 std=0.0768
    [oes-band] correlation selection: stat=late_mean, top_k=128, train_wafers=70
    [oes-band] selected 128/3648 wavelengths (max|corr|=0.584, min selected |corr|=0.394, 60.0s)
    ep   0 (27.3s): train_loss=0.9996 train_rmse=0.0768 val_rmse=0.0746 val_r2=0.1108 val_mape=9.42%
    ep   1 (1.7s): train_loss=0.9123 train_rmse=0.0733 val_rmse=0.0810 val_r2=-0.0485 val_mape=10.12%
    ep   2 (1.4s): train_loss=0.9389 train_rmse=0.0744 val_rmse=0.0764 val_r2=0.0667 val_mape=9.61%
    ep   3 (1.4s): train_loss=0.8389 train_rmse=0.0703 val_rmse=0.0796 val_r2=-0.0133 val_mape=9.13%
    ep   4 (1.4s): train_loss=0.7822 train_rmse=0.0679 val_rmse=0.0709 val_r2=0.1972 val_mape=7.90%
    ep   5 (1.4s): train_loss=0.8601 train_rmse=0.0712 val_rmse=0.0788 val_r2=0.0069 val_mape=9.52%
    ep   6 (1.4s): train_loss=0.8470 train_rmse=0.0707 val_rmse=0.0712 val_r2=0.1909 val_mape=8.28%
    ep   7 (1.4s): train_loss=0.8277 train_rmse=0.0699 val_rmse=0.0694 val_r2=0.2309 val_mape=7.64%
    ep   8 (1.4s): train_loss=0.6935 train_rmse=0.0639 val_rmse=0.0716 val_r2=0.1812 val_mape=6.97%
    ep   9 (1.4s): train_loss=0.8226 train_rmse=0.0696 val_rmse=0.0674 val_r2=0.2748 val_mape=6.82%
    ep  10 (1.4s): train_loss=0.7967 train_rmse=0.0685 val_rmse=0.0745 val_r2=0.1141 val_mape=8.39%
    ep  11 (1.4s): train_loss=0.7702 train_rmse=0.0674 val_rmse=0.0673 val_r2=0.2763 val_mape=6.91%
    ep  12 (1.4s): train_loss=0.6548 train_rmse=0.0621 val_rmse=0.0747 val_r2=0.1096 val_mape=7.66%
    ep  13 (1.4s): train_loss=0.5568 train_rmse=0.0573 val_rmse=0.0723 val_r2=0.1652 val_mape=7.03%
    ep  14 (1.4s): train_loss=0.5560 train_rmse=0.0573 val_rmse=0.0724 val_r2=0.1629 val_mape=5.88%
    ep  15 (1.4s): train_loss=0.6542 train_rmse=0.0621 val_rmse=0.0654 val_r2=0.3168 val_mape=6.96%
    ep  16 (1.5s): train_loss=0.7278 train_rmse=0.0655 val_rmse=0.0638 val_r2=0.3492 val_mape=6.50%
    ep  17 (1.5s): train_loss=0.6566 train_rmse=0.0622 val_rmse=0.0696 val_r2=0.2262 val_mape=5.67%
    ep  18 (1.4s): train_loss=0.6382 train_rmse=0.0613 val_rmse=0.0625 val_r2=0.3758 val_mape=5.83%
    ep  19 (1.4s): train_loss=0.5749 train_rmse=0.0582 val_rmse=0.0692 val_r2=0.2357 val_mape=6.24%
    ep  20 (1.4s): train_loss=0.5327 train_rmse=0.0560 val_rmse=0.0674 val_r2=0.2747 val_mape=5.60%
    ep  21 (1.4s): train_loss=0.6383 train_rmse=0.0613 val_rmse=0.0654 val_r2=0.3162 val_mape=6.45%
    ep  22 (1.4s): train_loss=0.6070 train_rmse=0.0598 val_rmse=0.0680 val_r2=0.2619 val_mape=5.98%
    ep  23 (1.4s): train_loss=0.6680 train_rmse=0.0628 val_rmse=0.0671 val_r2=0.2809 val_mape=6.71%
    ep  24 (1.4s): train_loss=0.5914 train_rmse=0.0591 val_rmse=0.0700 val_r2=0.2174 val_mape=6.38%
    ep  25 (1.4s): train_loss=0.5862 train_rmse=0.0588 val_rmse=0.0651 val_r2=0.3233 val_mape=5.46%
    ep  26 (1.4s): train_loss=0.5647 train_rmse=0.0577 val_rmse=0.0656 val_r2=0.3135 val_mape=5.22%
    early stop @ epoch 26 (best 18, val_rmse=0.0625)
    final: rmse=0.0625  mae=0.0379  r2=0.3758  mape=5.83%  (239.3s, best_ep=18)
  AGG    rmse=0.0490±0.0101  r2=0.5811±0.1646