Experiment dir: outputs\experiments\2026-05-25_17-38_dl-multimodal-procfilm-singlefold
Config: configs\exp_dl_multimodal_procfilm_singlefold.yaml
Device: cuda  (CUDA=True)
Cache: cache\v1  |  split: splits/kfold5_wafer.npz (StratifiedGroupKFold(n_splits=5, stratify=lot, group=wafer), running 5/5 folds)
Targets: ['oxide_etch', 'si_etch']  |  modality: multimodal

[setup] loading 88 wafers (one-time, shared across folds)...
[setup] done in 146.8s  (discover=0.6 load=146.2)
[setup] proc channels kept: 31
[setup] XGB injection features: 0 (disabled)
[setup] normalisation deferred to per-fold (no val leakage)

=== Target: oxide_etch ===
  -- fold 0 --
    [fold-norm] fit on 70 train wafers (fold 0)...
    [fold-norm] done (92.7s)
    target oxide_etch stats: mean=0.6587 std=0.0773
    ep   0 (55.0s): train_loss=1.0102 train_rmse=0.0777 val_rmse=0.0716 val_r2=0.1458 val_mape=8.95%
    ep   1 (30.3s): train_loss=0.8016 train_rmse=0.0692 val_rmse=0.0637 val_r2=0.3229 val_mape=8.06%
    ep   2 (30.3s): train_loss=0.6530 train_rmse=0.0624 val_rmse=0.0563 val_r2=0.4708 val_mape=6.55%
    ep   3 (30.3s): train_loss=0.6860 train_rmse=0.0640 val_rmse=0.0580 val_r2=0.4400 val_mape=6.62%
    ep   4 (30.3s): train_loss=0.6270 train_rmse=0.0612 val_rmse=0.0566 val_r2=0.4656 val_mape=6.24%
    ep   5 (30.3s): train_loss=0.6104 train_rmse=0.0604 val_rmse=0.0554 val_r2=0.4890 val_mape=5.84%
    ep   6 (30.5s): train_loss=0.4988 train_rmse=0.0546 val_rmse=0.0553 val_r2=0.4910 val_mape=5.71%
    ep   7 (30.3s): train_loss=0.5293 train_rmse=0.0562 val_rmse=0.0547 val_r2=0.5003 val_mape=5.66%
    ep   8 (30.3s): train_loss=0.4388 train_rmse=0.0512 val_rmse=0.0543 val_r2=0.5080 val_mape=5.74%
    ep   9 (30.3s): train_loss=0.4792 train_rmse=0.0535 val_rmse=0.0538 val_r2=0.5168 val_mape=5.54%
    ep  10 (30.3s): train_loss=0.4910 train_rmse=0.0541 val_rmse=0.0523 val_r2=0.5437 val_mape=5.17%
    ep  11 (30.3s): train_loss=0.4900 train_rmse=0.0541 val_rmse=0.0535 val_r2=0.5221 val_mape=5.64%
    ep  12 (30.3s): train_loss=0.4273 train_rmse=0.0505 val_rmse=0.0519 val_r2=0.5505 val_mape=5.11%
    ep  13 (30.3s): train_loss=0.4180 train_rmse=0.0500 val_rmse=0.0516 val_r2=0.5556 val_mape=4.94%
    ep  14 (30.3s): train_loss=0.4221 train_rmse=0.0502 val_rmse=0.0507 val_r2=0.5721 val_mape=4.62%
    ep  15 (30.3s): train_loss=0.3959 train_rmse=0.0486 val_rmse=0.0503 val_r2=0.5775 val_mape=4.64%
    ep  16 (30.3s): train_loss=0.3992 train_rmse=0.0488 val_rmse=0.0521 val_r2=0.5472 val_mape=5.11%
    ep  17 (30.3s): train_loss=0.4396 train_rmse=0.0512 val_rmse=0.0498 val_r2=0.5866 val_mape=4.60%
    ep  18 (30.3s): train_loss=0.3837 train_rmse=0.0479 val_rmse=0.0499 val_r2=0.5843 val_mape=4.53%
    ep  19 (30.3s): train_loss=0.3923 train_rmse=0.0484 val_rmse=0.0507 val_r2=0.5709 val_mape=4.66%
    ep  20 (30.3s): train_loss=0.3840 train_rmse=0.0479 val_rmse=0.0500 val_r2=0.5824 val_mape=4.65%
    ep  21 (30.3s): train_loss=0.3817 train_rmse=0.0477 val_rmse=0.0499 val_r2=0.5854 val_mape=4.52%
    ep  22 (30.3s): train_loss=0.4529 train_rmse=0.0520 val_rmse=0.0501 val_r2=0.5810 val_mape=4.59%
    ep  23 (30.3s): train_loss=0.3615 train_rmse=0.0465 val_rmse=0.0496 val_r2=0.5895 val_mape=4.50%
    ep  24 (30.3s): train_loss=0.3707 train_rmse=0.0470 val_rmse=0.0503 val_r2=0.5788 val_mape=4.51%
    ep  25 (30.3s): train_loss=0.3866 train_rmse=0.0480 val_rmse=0.0479 val_r2=0.6177 val_mape=4.26%
    ep  26 (30.3s): train_loss=0.3800 train_rmse=0.0476 val_rmse=0.0468 val_r2=0.6346 val_mape=4.42%
    ep  27 (30.3s): train_loss=0.3870 train_rmse=0.0481 val_rmse=0.0439 val_r2=0.6788 val_mape=4.12%
    ep  28 (30.3s): train_loss=0.3484 train_rmse=0.0456 val_rmse=0.0492 val_r2=0.5968 val_mape=4.38%
    ep  29 (30.3s): train_loss=0.3398 train_rmse=0.0450 val_rmse=0.0486 val_r2=0.6060 val_mape=4.28%
    ep  30 (30.3s): train_loss=0.3665 train_rmse=0.0468 val_rmse=0.0457 val_r2=0.6515 val_mape=4.09%
    ep  31 (30.3s): train_loss=0.3629 train_rmse=0.0465 val_rmse=0.0491 val_r2=0.5974 val_mape=4.25%
    ep  32 (30.3s): train_loss=0.3334 train_rmse=0.0446 val_rmse=0.0455 val_r2=0.6549 val_mape=4.10%
    ep  33 (30.3s): train_loss=0.3307 train_rmse=0.0444 val_rmse=0.0460 val_r2=0.6470 val_mape=4.09%
    ep  34 (30.3s): train_loss=0.3363 train_rmse=0.0448 val_rmse=0.0478 val_r2=0.6191 val_mape=4.17%
    ep  35 (30.3s): train_loss=0.3393 train_rmse=0.0450 val_rmse=0.0436 val_r2=0.6829 val_mape=4.02%
    ep  36 (30.3s): train_loss=0.3202 train_rmse=0.0437 val_rmse=0.0467 val_r2=0.6362 val_mape=4.10%
    ep  37 (30.3s): train_loss=0.3215 train_rmse=0.0438 val_rmse=0.0464 val_r2=0.6408 val_mape=4.09%
    ep  38 (30.3s): train_loss=0.3257 train_rmse=0.0441 val_rmse=0.0433 val_r2=0.6874 val_mape=4.02%
    ep  39 (30.3s): train_loss=0.3296 train_rmse=0.0444 val_rmse=0.0446 val_r2=0.6690 val_mape=4.04%
    final: rmse=0.0433  mae=0.0261  r2=0.6874  mape=4.02%  (1334.8s, best_ep=38)
  -- fold 1 --
    [fold-norm] fit on 71 train wafers (fold 1)...
    [fold-norm] done (143.8s)
    target oxide_etch stats: mean=0.6585 std=0.0776
    ep   0 (34.2s): train_loss=1.0178 train_rmse=0.0783 val_rmse=0.0707 val_r2=0.1318 val_mape=8.79%
    ep   1 (31.0s): train_loss=0.8010 train_rmse=0.0695 val_rmse=0.0647 val_r2=0.2730 val_mape=8.01%
    ep   2 (31.0s): train_loss=0.7169 train_rmse=0.0657 val_rmse=0.0609 val_r2=0.3551 val_mape=7.54%
    ep   3 (31.0s): train_loss=0.6835 train_rmse=0.0642 val_rmse=0.0538 val_r2=0.4970 val_mape=6.16%
    ep   4 (31.0s): train_loss=0.5770 train_rmse=0.0590 val_rmse=0.0548 val_r2=0.4785 val_mape=5.99%
    ep   5 (31.0s): train_loss=0.4896 train_rmse=0.0543 val_rmse=0.0512 val_r2=0.5451 val_mape=5.40%
    ep   6 (31.0s): train_loss=0.5220 train_rmse=0.0561 val_rmse=0.0509 val_r2=0.5505 val_mape=5.46%
    ep   7 (31.9s): train_loss=0.5312 train_rmse=0.0566 val_rmse=0.0498 val_r2=0.5686 val_mape=4.94%
    ep   8 (31.0s): train_loss=0.4373 train_rmse=0.0513 val_rmse=0.0499 val_r2=0.5678 val_mape=5.08%
    ep   9 (30.9s): train_loss=0.4412 train_rmse=0.0516 val_rmse=0.0501 val_r2=0.5640 val_mape=5.14%
    ep  10 (31.0s): train_loss=0.4195 train_rmse=0.0503 val_rmse=0.0478 val_r2=0.6023 val_mape=4.64%
    ep  11 (31.0s): train_loss=0.3992 train_rmse=0.0491 val_rmse=0.0484 val_r2=0.5926 val_mape=4.68%
    ep  12 (31.0s): train_loss=0.3779 train_rmse=0.0477 val_rmse=0.0466 val_r2=0.6223 val_mape=4.42%
    ep  13 (30.6s): train_loss=0.3655 train_rmse=0.0469 val_rmse=0.0473 val_r2=0.6109 val_mape=4.33%
    ep  14 (30.6s): train_loss=0.3566 train_rmse=0.0464 val_rmse=0.0471 val_r2=0.6140 val_mape=4.37%
    ep  15 (30.6s): train_loss=0.3385 train_rmse=0.0452 val_rmse=0.0465 val_r2=0.6249 val_mape=4.16%
    ep  16 (30.6s): train_loss=0.3605 train_rmse=0.0466 val_rmse=0.0490 val_r2=0.5833 val_mape=4.62%
    ep  17 (30.6s): train_loss=0.3444 train_rmse=0.0456 val_rmse=0.0474 val_r2=0.6104 val_mape=4.47%
    ep  18 (30.6s): train_loss=0.3601 train_rmse=0.0466 val_rmse=0.0466 val_r2=0.6233 val_mape=4.40%
    ep  19 (30.6s): train_loss=0.3307 train_rmse=0.0447 val_rmse=0.0467 val_r2=0.6214 val_mape=4.41%
    ep  20 (30.6s): train_loss=0.3171 train_rmse=0.0437 val_rmse=0.0469 val_r2=0.6170 val_mape=4.04%
    ep  21 (30.6s): train_loss=0.3987 train_rmse=0.0490 val_rmse=0.0467 val_r2=0.6207 val_mape=4.38%
    ep  22 (30.6s): train_loss=0.3460 train_rmse=0.0457 val_rmse=0.0463 val_r2=0.6277 val_mape=4.13%
    ep  23 (30.6s): train_loss=0.3040 train_rmse=0.0428 val_rmse=0.0462 val_r2=0.6297 val_mape=3.84%
    ep  24 (30.6s): train_loss=0.3001 train_rmse=0.0425 val_rmse=0.0461 val_r2=0.6310 val_mape=3.82%
    ep  25 (30.6s): train_loss=0.3023 train_rmse=0.0427 val_rmse=0.0465 val_r2=0.6238 val_mape=3.88%
    ep  26 (30.6s): train_loss=0.2938 train_rmse=0.0421 val_rmse=0.0461 val_r2=0.6299 val_mape=3.82%
    ep  27 (30.6s): train_loss=0.2915 train_rmse=0.0419 val_rmse=0.0460 val_r2=0.6322 val_mape=3.83%
    ep  28 (30.6s): train_loss=0.2946 train_rmse=0.0421 val_rmse=0.0468 val_r2=0.6188 val_mape=3.86%
    ep  29 (30.7s): train_loss=0.2920 train_rmse=0.0420 val_rmse=0.0463 val_r2=0.6272 val_mape=3.89%
    ep  30 (30.6s): train_loss=0.2938 train_rmse=0.0421 val_rmse=0.0459 val_r2=0.6333 val_mape=3.82%
    ep  31 (30.6s): train_loss=0.2780 train_rmse=0.0409 val_rmse=0.0464 val_r2=0.6266 val_mape=3.89%
    ep  32 (30.6s): train_loss=0.2761 train_rmse=0.0408 val_rmse=0.0454 val_r2=0.6422 val_mape=3.79%
    ep  33 (30.6s): train_loss=0.2803 train_rmse=0.0411 val_rmse=0.0459 val_r2=0.6341 val_mape=3.82%
    ep  34 (30.6s): train_loss=0.2748 train_rmse=0.0407 val_rmse=0.0461 val_r2=0.6309 val_mape=3.83%
    ep  35 (30.6s): train_loss=0.2820 train_rmse=0.0412 val_rmse=0.0462 val_r2=0.6299 val_mape=3.82%
    ep  36 (30.6s): train_loss=0.2814 train_rmse=0.0412 val_rmse=0.0461 val_r2=0.6309 val_mape=3.82%
    ep  37 (30.7s): train_loss=0.2733 train_rmse=0.0406 val_rmse=0.0460 val_r2=0.6319 val_mape=3.82%
    ep  38 (30.6s): train_loss=0.2764 train_rmse=0.0408 val_rmse=0.0460 val_r2=0.6326 val_mape=3.82%
    ep  39 (30.6s): train_loss=0.2757 train_rmse=0.0408 val_rmse=0.0459 val_r2=0.6337 val_mape=3.82%
    final: rmse=0.0454  mae=0.0241  r2=0.6422  mape=3.79%  (1380.7s, best_ep=32)
  -- fold 2 --
    [fold-norm] fit on 71 train wafers (fold 2)...
    [fold-norm] done (121.1s)
    target oxide_etch stats: mean=0.6577 std=0.0775
    ep   0 (33.7s): train_loss=1.0621 train_rmse=0.0799 val_rmse=0.0785 val_r2=-0.0531 val_mape=9.67%
    ep   1 (30.7s): train_loss=0.8343 train_rmse=0.0708 val_rmse=0.0674 val_r2=0.2244 val_mape=8.21%
    ep   2 (30.7s): train_loss=0.7199 train_rmse=0.0657 val_rmse=0.0679 val_r2=0.2120 val_mape=8.03%
    ep   3 (30.6s): train_loss=0.6500 train_rmse=0.0625 val_rmse=0.0737 val_r2=0.0719 val_mape=7.53%
    ep   4 (30.6s): train_loss=0.5121 train_rmse=0.0554 val_rmse=0.0647 val_r2=0.2861 val_mape=6.76%
    ep   5 (30.6s): train_loss=0.5523 train_rmse=0.0576 val_rmse=0.0686 val_r2=0.1978 val_mape=6.79%
    ep   6 (30.6s): train_loss=0.4496 train_rmse=0.0520 val_rmse=0.0633 val_r2=0.3162 val_mape=6.32%
    ep   7 (30.7s): train_loss=0.4928 train_rmse=0.0544 val_rmse=0.0714 val_r2=0.1292 val_mape=6.88%
    ep   8 (30.6s): train_loss=0.4085 train_rmse=0.0495 val_rmse=0.0599 val_r2=0.3878 val_mape=5.74%
    ep   9 (30.6s): train_loss=0.4649 train_rmse=0.0528 val_rmse=0.0554 val_r2=0.4752 val_mape=5.14%
    ep  10 (30.6s): train_loss=0.4332 train_rmse=0.0510 val_rmse=0.0595 val_r2=0.3961 val_mape=5.97%
    ep  11 (30.6s): train_loss=0.3514 train_rmse=0.0459 val_rmse=0.0659 val_r2=0.2596 val_mape=6.01%
    ep  12 (30.6s): train_loss=0.3585 train_rmse=0.0464 val_rmse=0.0654 val_r2=0.2691 val_mape=5.71%
    ep  13 (30.6s): train_loss=0.4047 train_rmse=0.0493 val_rmse=0.0603 val_r2=0.3792 val_mape=5.86%
    ep  14 (31.3s): train_loss=0.3461 train_rmse=0.0456 val_rmse=0.0619 val_r2=0.3467 val_mape=5.64%
    ep  15 (30.7s): train_loss=0.4521 train_rmse=0.0521 val_rmse=0.0629 val_r2=0.3249 val_mape=5.49%
    ep  16 (30.7s): train_loss=0.3426 train_rmse=0.0453 val_rmse=0.0631 val_r2=0.3202 val_mape=5.65%
    ep  17 (30.7s): train_loss=0.3242 train_rmse=0.0441 val_rmse=0.0622 val_r2=0.3404 val_mape=5.81%
    early stop @ epoch 17 (best 9, val_rmse=0.0554)
    final: rmse=0.0554  mae=0.0347  r2=0.4752  mape=5.14%  (680.1s, best_ep=9)
  -- fold 3 --
    [fold-norm] fit on 70 train wafers (fold 3)...
    [fold-norm] done (134.3s)
    target oxide_etch stats: mean=0.6565 std=0.0773
    ep   0 (35.3s): train_loss=1.0071 train_rmse=0.0776 val_rmse=0.0740 val_r2=0.0741 val_mape=8.85%
    ep   1 (30.3s): train_loss=0.9035 train_rmse=0.0735 val_rmse=0.0656 val_r2=0.2719 val_mape=7.70%
    ep   2 (30.2s): train_loss=0.7737 train_rmse=0.0680 val_rmse=0.0600 val_r2=0.3923 val_mape=6.95%
    ep   3 (30.1s): train_loss=0.5851 train_rmse=0.0591 val_rmse=0.0525 val_r2=0.5349 val_mape=5.57%
    ep   4 (30.1s): train_loss=0.6604 train_rmse=0.0628 val_rmse=0.0647 val_r2=0.2927 val_mape=7.44%
    ep   5 (30.1s): train_loss=0.7170 train_rmse=0.0655 val_rmse=0.0640 val_r2=0.3078 val_mape=6.34%
    ep   6 (30.2s): train_loss=0.6580 train_rmse=0.0627 val_rmse=0.0552 val_r2=0.4859 val_mape=5.98%
    ep   7 (30.1s): train_loss=0.4829 train_rmse=0.0537 val_rmse=0.0486 val_r2=0.6002 val_mape=4.58%
    ep   8 (30.1s): train_loss=0.4251 train_rmse=0.0504 val_rmse=0.0460 val_r2=0.6425 val_mape=4.46%
    ep   9 (30.1s): train_loss=0.4340 train_rmse=0.0509 val_rmse=0.0451 val_r2=0.6562 val_mape=4.31%
    ep  10 (30.1s): train_loss=0.5092 train_rmse=0.0552 val_rmse=0.0472 val_r2=0.6238 val_mape=4.64%
    ep  11 (30.1s): train_loss=0.5532 train_rmse=0.0575 val_rmse=0.0453 val_r2=0.6537 val_mape=4.22%
    ep  12 (30.1s): train_loss=0.4686 train_rmse=0.0529 val_rmse=0.0461 val_r2=0.6412 val_mape=4.21%
    ep  13 (30.1s): train_loss=0.4561 train_rmse=0.0522 val_rmse=0.0454 val_r2=0.6519 val_mape=3.96%
    ep  14 (30.1s): train_loss=0.4115 train_rmse=0.0496 val_rmse=0.0436 val_r2=0.6794 val_mape=3.89%
    ep  15 (30.1s): train_loss=0.4066 train_rmse=0.0493 val_rmse=0.0452 val_r2=0.6550 val_mape=4.17%
    ep  16 (30.1s): train_loss=0.3999 train_rmse=0.0489 val_rmse=0.0432 val_r2=0.6850 val_mape=3.70%
    ep  17 (30.1s): train_loss=0.4551 train_rmse=0.0522 val_rmse=0.0439 val_r2=0.6748 val_mape=3.90%
    ep  18 (30.1s): train_loss=0.4044 train_rmse=0.0492 val_rmse=0.0419 val_r2=0.7040 val_mape=3.59%
    ep  19 (30.1s): train_loss=0.3835 train_rmse=0.0479 val_rmse=0.0420 val_r2=0.7013 val_mape=3.49%
    ep  20 (30.1s): train_loss=0.4006 train_rmse=0.0489 val_rmse=0.0428 val_r2=0.6911 val_mape=3.72%
    ep  21 (30.1s): train_loss=0.3653 train_rmse=0.0467 val_rmse=0.0402 val_r2=0.7273 val_mape=3.35%
    ep  22 (30.1s): train_loss=0.3959 train_rmse=0.0487 val_rmse=0.0400 val_r2=0.7298 val_mape=3.57%
    ep  23 (30.1s): train_loss=0.3493 train_rmse=0.0457 val_rmse=0.0404 val_r2=0.7242 val_mape=3.36%
    ep  24 (30.1s): train_loss=0.3342 train_rmse=0.0447 val_rmse=0.0404 val_r2=0.7246 val_mape=3.30%
    ep  25 (30.1s): train_loss=0.3340 train_rmse=0.0447 val_rmse=0.0411 val_r2=0.7141 val_mape=3.34%
    ep  26 (30.1s): train_loss=0.3377 train_rmse=0.0449 val_rmse=0.0420 val_r2=0.7024 val_mape=3.51%
    ep  27 (30.1s): train_loss=0.3700 train_rmse=0.0470 val_rmse=0.0408 val_r2=0.7181 val_mape=3.33%
    ep  28 (30.1s): train_loss=0.3269 train_rmse=0.0442 val_rmse=0.0402 val_r2=0.7272 val_mape=3.21%
    ep  29 (30.1s): train_loss=0.3774 train_rmse=0.0475 val_rmse=0.0401 val_r2=0.7288 val_mape=3.25%
    ep  30 (30.1s): train_loss=0.3528 train_rmse=0.0459 val_rmse=0.0398 val_r2=0.7321 val_mape=3.24%
    ep  31 (30.1s): train_loss=0.3253 train_rmse=0.0441 val_rmse=0.0393 val_r2=0.7393 val_mape=3.19%
    ep  32 (30.1s): train_loss=0.3259 train_rmse=0.0441 val_rmse=0.0399 val_r2=0.7312 val_mape=3.21%
    ep  33 (30.1s): train_loss=0.3344 train_rmse=0.0447 val_rmse=0.0401 val_r2=0.7283 val_mape=3.18%
    ep  34 (30.1s): train_loss=0.3168 train_rmse=0.0435 val_rmse=0.0404 val_r2=0.7242 val_mape=3.23%
    ep  35 (30.1s): train_loss=0.3288 train_rmse=0.0443 val_rmse=0.0406 val_r2=0.7220 val_mape=3.25%
    ep  36 (30.1s): train_loss=0.3211 train_rmse=0.0438 val_rmse=0.0401 val_r2=0.7283 val_mape=3.21%
    ep  37 (30.1s): train_loss=0.3230 train_rmse=0.0439 val_rmse=0.0403 val_r2=0.7261 val_mape=3.21%
    ep  38 (30.1s): train_loss=0.3304 train_rmse=0.0444 val_rmse=0.0403 val_r2=0.7252 val_mape=3.21%
    ep  39 (30.1s): train_loss=0.3291 train_rmse=0.0444 val_rmse=0.0402 val_r2=0.7272 val_mape=3.21%
    early stop @ epoch 39 (best 31, val_rmse=0.0393)
    final: rmse=0.0393  mae=0.0218  r2=0.7393  mape=3.19%  (1347.8s, best_ep=31)
  -- fold 4 --
    [fold-norm] fit on 70 train wafers (fold 4)...
    [fold-norm] done (130.5s)
    target oxide_etch stats: mean=0.6594 std=0.0768
    ep   0 (34.4s): train_loss=1.0609 train_rmse=0.0791 val_rmse=0.0786 val_r2=0.0121 val_mape=9.84%
    ep   1 (30.2s): train_loss=0.9704 train_rmse=0.0756 val_rmse=0.0781 val_r2=0.0248 val_mape=9.73%
    ep   2 (30.1s): train_loss=0.9615 train_rmse=0.0753 val_rmse=0.0770 val_r2=0.0530 val_mape=9.43%
    ep   3 (30.2s): train_loss=0.9417 train_rmse=0.0745 val_rmse=0.0771 val_r2=0.0511 val_mape=9.41%
    ep   4 (30.1s): train_loss=0.9313 train_rmse=0.0741 val_rmse=0.0765 val_r2=0.0649 val_mape=9.20%
    ep   5 (30.2s): train_loss=0.9138 train_rmse=0.0734 val_rmse=0.0761 val_r2=0.0755 val_mape=9.08%
    ep   6 (30.1s): train_loss=0.8998 train_rmse=0.0728 val_rmse=0.0757 val_r2=0.0856 val_mape=8.98%
    ep   7 (30.1s): train_loss=0.9070 train_rmse=0.0731 val_rmse=0.0753 val_r2=0.0948 val_mape=8.98%
    ep   8 (30.1s): train_loss=0.8971 train_rmse=0.0727 val_rmse=0.0767 val_r2=0.0603 val_mape=9.34%
    ep   9 (30.1s): train_loss=0.8859 train_rmse=0.0723 val_rmse=0.0757 val_r2=0.0845 val_mape=9.02%
    ep  10 (30.1s): train_loss=0.8948 train_rmse=0.0726 val_rmse=0.0746 val_r2=0.1120 val_mape=8.81%
    ep  11 (30.1s): train_loss=0.8805 train_rmse=0.0720 val_rmse=0.0747 val_r2=0.1091 val_mape=8.97%
    ep  12 (30.1s): train_loss=0.8691 train_rmse=0.0716 val_rmse=0.0740 val_r2=0.1242 val_mape=8.85%
    ep  13 (30.1s): train_loss=0.8606 train_rmse=0.0712 val_rmse=0.0747 val_r2=0.1076 val_mape=8.97%
    ep  14 (30.1s): train_loss=0.8478 train_rmse=0.0707 val_rmse=0.0775 val_r2=0.0401 val_mape=9.08%
    ep  15 (30.1s): train_loss=0.9106 train_rmse=0.0733 val_rmse=0.0746 val_r2=0.1121 val_mape=8.80%
    ep  16 (30.1s): train_loss=0.8658 train_rmse=0.0714 val_rmse=0.0744 val_r2=0.1167 val_mape=8.84%
    ep  17 (30.1s): train_loss=0.8655 train_rmse=0.0714 val_rmse=0.0741 val_r2=0.1225 val_mape=8.68%
    ep  18 (30.1s): train_loss=0.8608 train_rmse=0.0712 val_rmse=0.0743 val_r2=0.1179 val_mape=8.74%
    ep  19 (30.1s): train_loss=0.8644 train_rmse=0.0714 val_rmse=0.0742 val_r2=0.1213 val_mape=8.67%
    ep  20 (30.1s): train_loss=0.8594 train_rmse=0.0712 val_rmse=0.0740 val_r2=0.1252 val_mape=8.65%
    ep  21 (30.1s): train_loss=0.8496 train_rmse=0.0708 val_rmse=0.0742 val_r2=0.1197 val_mape=8.69%
    ep  22 (30.1s): train_loss=0.8510 train_rmse=0.0708 val_rmse=0.0738 val_r2=0.1300 val_mape=8.64%
    ep  23 (30.1s): train_loss=0.8382 train_rmse=0.0703 val_rmse=0.0742 val_r2=0.1215 val_mape=8.71%
    ep  24 (30.1s): train_loss=0.8536 train_rmse=0.0709 val_rmse=0.0742 val_r2=0.1198 val_mape=8.66%
    ep  25 (30.1s): train_loss=0.8447 train_rmse=0.0706 val_rmse=0.0740 val_r2=0.1244 val_mape=8.65%
    ep  26 (30.1s): train_loss=0.8340 train_rmse=0.0701 val_rmse=0.0735 val_r2=0.1373 val_mape=8.50%
    ep  27 (30.1s): train_loss=0.8295 train_rmse=0.0699 val_rmse=0.0736 val_r2=0.1355 val_mape=8.51%
    ep  28 (30.1s): train_loss=0.8078 train_rmse=0.0690 val_rmse=0.0754 val_r2=0.0927 val_mape=8.70%
    ep  29 (30.1s): train_loss=0.8029 train_rmse=0.0688 val_rmse=0.0758 val_r2=0.0826 val_mape=8.78%
    ep  30 (30.1s): train_loss=0.8080 train_rmse=0.0690 val_rmse=0.0732 val_r2=0.1431 val_mape=8.36%
    ep  31 (30.1s): train_loss=0.8070 train_rmse=0.0690 val_rmse=0.0731 val_r2=0.1473 val_mape=8.40%
    ep  32 (30.1s): train_loss=0.8000 train_rmse=0.0687 val_rmse=0.0751 val_r2=0.0986 val_mape=8.60%
    ep  33 (30.1s): train_loss=0.7683 train_rmse=0.0673 val_rmse=0.0738 val_r2=0.1299 val_mape=8.42%
    ep  34 (30.1s): train_loss=0.7519 train_rmse=0.0666 val_rmse=0.0755 val_r2=0.0897 val_mape=8.66%
    ep  35 (30.1s): train_loss=0.7341 train_rmse=0.0658 val_rmse=0.0763 val_r2=0.0706 val_mape=8.75%
    ep  36 (30.1s): train_loss=0.7516 train_rmse=0.0666 val_rmse=0.0762 val_r2=0.0720 val_mape=8.73%
    ep  37 (30.1s): train_loss=0.7665 train_rmse=0.0672 val_rmse=0.0759 val_r2=0.0795 val_mape=8.69%
    ep  38 (30.1s): train_loss=0.7372 train_rmse=0.0659 val_rmse=0.0753 val_r2=0.0941 val_mape=8.61%
    ep  39 (30.1s): train_loss=0.7507 train_rmse=0.0665 val_rmse=0.0754 val_r2=0.0909 val_mape=8.63%
    early stop @ epoch 39 (best 31, val_rmse=0.0731)
    final: rmse=0.0731  mae=0.0508  r2=0.1473  mape=8.40%  (1342.6s, best_ep=31)
  AGG    rmse=0.0513±0.0121  r2=0.5383±0.2146

=== Target: si_etch ===
  -- fold 0 --
    [fold-norm] fit on 70 train wafers (fold 0)...
    [fold-norm] done (130.6s)
    target si_etch stats: mean=43.6490 std=3.6103
    ep   0 (35.7s): train_loss=0.7159 train_rmse=3.0547 val_rmse=1.8654 val_r2=0.7325 val_mape=3.69%
    ep   1 (30.2s): train_loss=0.1576 train_rmse=1.4334 val_rmse=0.9254 val_r2=0.9342 val_mape=1.65%
    ep   2 (30.1s): train_loss=0.0552 train_rmse=0.8486 val_rmse=0.8105 val_r2=0.9495 val_mape=1.39%
    ep   3 (30.2s): train_loss=0.0397 train_rmse=0.7194 val_rmse=0.6302 val_r2=0.9695 val_mape=1.09%
    ep   4 (30.1s): train_loss=0.0351 train_rmse=0.6762 val_rmse=0.5869 val_r2=0.9735 val_mape=1.00%
    ep   5 (30.1s): train_loss=0.0303 train_rmse=0.6280 val_rmse=0.5534 val_r2=0.9765 val_mape=0.96%
    ep   6 (30.1s): train_loss=0.0252 train_rmse=0.5733 val_rmse=0.3431 val_r2=0.9909 val_mape=0.63%
    ep   7 (30.2s): train_loss=0.0318 train_rmse=0.6438 val_rmse=0.3827 val_r2=0.9887 val_mape=0.72%
    ep   8 (30.1s): train_loss=0.0355 train_rmse=0.6805 val_rmse=0.3437 val_r2=0.9909 val_mape=0.62%
    ep   9 (30.1s): train_loss=0.0239 train_rmse=0.5576 val_rmse=0.4004 val_r2=0.9877 val_mape=0.68%
    ep  10 (30.1s): train_loss=0.0218 train_rmse=0.5329 val_rmse=0.3046 val_r2=0.9929 val_mape=0.55%
    ep  11 (30.1s): train_loss=0.0189 train_rmse=0.4962 val_rmse=0.4698 val_r2=0.9830 val_mape=0.78%
    ep  12 (30.1s): train_loss=0.0216 train_rmse=0.5303 val_rmse=0.3699 val_r2=0.9895 val_mape=0.63%
    ep  13 (30.1s): train_loss=0.0166 train_rmse=0.4653 val_rmse=0.3142 val_r2=0.9924 val_mape=0.54%
    ep  14 (30.1s): train_loss=0.0178 train_rmse=0.4822 val_rmse=0.3786 val_r2=0.9890 val_mape=0.64%
    ep  15 (30.1s): train_loss=0.0184 train_rmse=0.4899 val_rmse=0.3053 val_r2=0.9928 val_mape=0.52%
    ep  16 (30.1s): train_loss=0.0155 train_rmse=0.4492 val_rmse=0.3382 val_r2=0.9912 val_mape=0.59%
    ep  17 (30.2s): train_loss=0.0155 train_rmse=0.4497 val_rmse=0.3338 val_r2=0.9914 val_mape=0.61%
    ep  18 (30.2s): train_loss=0.0171 train_rmse=0.4717 val_rmse=0.3801 val_r2=0.9889 val_mape=0.67%
    early stop @ epoch 18 (best 10, val_rmse=0.3046)
    final: rmse=0.3046  mae=0.2426  r2=0.9929  mape=0.55%  (712.5s, best_ep=10)
  -- fold 1 --
    [fold-norm] fit on 71 train wafers (fold 1)...
    [fold-norm] done (138.6s)
    target si_etch stats: mean=43.6569 std=3.6078
    ep   0 (37.5s): train_loss=0.7002 train_rmse=3.0191 val_rmse=2.2573 val_r2=0.6105 val_mape=4.31%
    ep   1 (30.8s): train_loss=0.2218 train_rmse=1.6992 val_rmse=1.0728 val_r2=0.9120 val_mape=1.98%
    ep   2 (30.7s): train_loss=0.0730 train_rmse=0.9749 val_rmse=0.5877 val_r2=0.9736 val_mape=1.08%
    ep   3 (30.7s): train_loss=0.0413 train_rmse=0.7332 val_rmse=0.5505 val_r2=0.9768 val_mape=0.96%
    ep   4 (31.0s): train_loss=0.0312 train_rmse=0.6370 val_rmse=0.4761 val_r2=0.9827 val_mape=0.89%
    ep   5 (30.8s): train_loss=0.0238 train_rmse=0.5562 val_rmse=0.3788 val_r2=0.9890 val_mape=0.71%
    ep   6 (30.8s): train_loss=0.0187 train_rmse=0.4939 val_rmse=0.5823 val_r2=0.9741 val_mape=1.05%
    ep   7 (30.8s): train_loss=0.0256 train_rmse=0.5771 val_rmse=0.4925 val_r2=0.9815 val_mape=0.87%
    ep   8 (30.8s): train_loss=0.0218 train_rmse=0.5327 val_rmse=0.3624 val_r2=0.9900 val_mape=0.66%
    ep   9 (30.8s): train_loss=0.0198 train_rmse=0.5076 val_rmse=0.4028 val_r2=0.9876 val_mape=0.70%
    ep  10 (30.8s): train_loss=0.0196 train_rmse=0.5045 val_rmse=0.4997 val_r2=0.9809 val_mape=0.87%
    ep  11 (30.8s): train_loss=0.0184 train_rmse=0.4891 val_rmse=0.3594 val_r2=0.9901 val_mape=0.66%
    ep  12 (30.8s): train_loss=0.0174 train_rmse=0.4753 val_rmse=0.3708 val_r2=0.9895 val_mape=0.72%
    ep  13 (30.8s): train_loss=0.0249 train_rmse=0.5695 val_rmse=0.4164 val_r2=0.9867 val_mape=0.73%
    ep  14 (30.8s): train_loss=0.0179 train_rmse=0.4830 val_rmse=0.3271 val_r2=0.9918 val_mape=0.60%
    ep  15 (30.8s): train_loss=0.0157 train_rmse=0.4526 val_rmse=0.3846 val_r2=0.9887 val_mape=0.63%
    ep  16 (30.8s): train_loss=0.0242 train_rmse=0.5608 val_rmse=0.3534 val_r2=0.9905 val_mape=0.62%
    ep  17 (30.8s): train_loss=0.0190 train_rmse=0.4972 val_rmse=0.3278 val_r2=0.9918 val_mape=0.59%
    ep  18 (30.8s): train_loss=0.0149 train_rmse=0.4397 val_rmse=0.3340 val_r2=0.9915 val_mape=0.60%
    ep  19 (30.8s): train_loss=0.0168 train_rmse=0.4677 val_rmse=0.3362 val_r2=0.9914 val_mape=0.58%
    ep  20 (30.8s): train_loss=0.0168 train_rmse=0.4669 val_rmse=0.3286 val_r2=0.9917 val_mape=0.57%
    ep  21 (30.8s): train_loss=0.0135 train_rmse=0.4196 val_rmse=0.3397 val_r2=0.9912 val_mape=0.61%
    ep  22 (30.8s): train_loss=0.0136 train_rmse=0.4211 val_rmse=0.3227 val_r2=0.9920 val_mape=0.58%
    ep  23 (30.8s): train_loss=0.0126 train_rmse=0.4044 val_rmse=0.3011 val_r2=0.9931 val_mape=0.54%
    ep  24 (30.8s): train_loss=0.0124 train_rmse=0.4018 val_rmse=0.3281 val_r2=0.9918 val_mape=0.60%
    ep  25 (30.8s): train_loss=0.0132 train_rmse=0.4148 val_rmse=0.3120 val_r2=0.9926 val_mape=0.58%
    ep  26 (30.8s): train_loss=0.0135 train_rmse=0.4186 val_rmse=0.2949 val_r2=0.9934 val_mape=0.53%
    ep  27 (30.8s): train_loss=0.0133 train_rmse=0.4162 val_rmse=0.3078 val_r2=0.9928 val_mape=0.54%
    ep  28 (30.8s): train_loss=0.0139 train_rmse=0.4252 val_rmse=0.2970 val_r2=0.9933 val_mape=0.51%
    ep  29 (30.8s): train_loss=0.0131 train_rmse=0.4125 val_rmse=0.2901 val_r2=0.9936 val_mape=0.51%
    ep  30 (30.8s): train_loss=0.0115 train_rmse=0.3861 val_rmse=0.2971 val_r2=0.9933 val_mape=0.53%
    ep  31 (30.8s): train_loss=0.0123 train_rmse=0.4009 val_rmse=0.2901 val_r2=0.9936 val_mape=0.51%
    ep  32 (30.8s): train_loss=0.0130 train_rmse=0.4107 val_rmse=0.2864 val_r2=0.9937 val_mape=0.51%
    ep  33 (30.8s): train_loss=0.0122 train_rmse=0.3993 val_rmse=0.2935 val_r2=0.9934 val_mape=0.52%
    ep  34 (30.8s): train_loss=0.0121 train_rmse=0.3966 val_rmse=0.2820 val_r2=0.9939 val_mape=0.50%
    ep  35 (30.8s): train_loss=0.0111 train_rmse=0.3802 val_rmse=0.2904 val_r2=0.9936 val_mape=0.51%
    ep  36 (30.8s): train_loss=0.0113 train_rmse=0.3832 val_rmse=0.2884 val_r2=0.9936 val_mape=0.51%
    ep  37 (30.8s): train_loss=0.0111 train_rmse=0.3810 val_rmse=0.2832 val_r2=0.9939 val_mape=0.50%
    ep  38 (30.8s): train_loss=0.0118 train_rmse=0.3923 val_rmse=0.2875 val_r2=0.9937 val_mape=0.51%
    ep  39 (30.8s): train_loss=0.0116 train_rmse=0.3889 val_rmse=0.2893 val_r2=0.9936 val_mape=0.51%
    final: rmse=0.2820  mae=0.2196  r2=0.9939  mape=0.50%  (1381.3s, best_ep=34)
  -- fold 2 --
    [fold-norm] fit on 71 train wafers (fold 2)...
    [fold-norm] done (125.0s)
    target si_etch stats: mean=43.6898 std=3.6121
    ep   0 (35.1s): train_loss=0.6560 train_rmse=2.9255 val_rmse=2.0900 val_r2=0.6627 val_mape=4.03%
    ep   1 (30.9s): train_loss=0.1959 train_rmse=1.5987 val_rmse=0.9935 val_r2=0.9238 val_mape=1.80%
    ep   2 (30.9s): train_loss=0.0546 train_rmse=0.8441 val_rmse=0.6104 val_r2=0.9712 val_mape=1.11%
    ep   3 (30.9s): train_loss=0.0330 train_rmse=0.6557 val_rmse=0.5194 val_r2=0.9792 val_mape=0.94%
    ep   4 (30.9s): train_loss=0.0323 train_rmse=0.6488 val_rmse=0.5037 val_r2=0.9804 val_mape=0.90%
    ep   5 (30.8s): train_loss=0.0270 train_rmse=0.5938 val_rmse=0.4510 val_r2=0.9843 val_mape=0.81%
    ep   6 (30.8s): train_loss=0.0210 train_rmse=0.5228 val_rmse=0.4880 val_r2=0.9816 val_mape=0.93%
    ep   7 (30.8s): train_loss=0.0255 train_rmse=0.5769 val_rmse=0.3959 val_r2=0.9879 val_mape=0.71%
    ep   8 (30.8s): train_loss=0.0198 train_rmse=0.5084 val_rmse=0.5667 val_r2=0.9752 val_mape=1.02%
    ep   9 (30.8s): train_loss=0.0184 train_rmse=0.4904 val_rmse=0.3680 val_r2=0.9895 val_mape=0.66%
    ep  10 (30.8s): train_loss=0.0182 train_rmse=0.4872 val_rmse=0.4319 val_r2=0.9856 val_mape=0.80%
    ep  11 (30.8s): train_loss=0.0175 train_rmse=0.4777 val_rmse=0.4149 val_r2=0.9867 val_mape=0.75%
    ep  12 (30.8s): train_loss=0.0181 train_rmse=0.4854 val_rmse=0.3138 val_r2=0.9924 val_mape=0.59%
    ep  13 (30.8s): train_loss=0.0178 train_rmse=0.4825 val_rmse=0.3741 val_r2=0.9892 val_mape=0.67%
    ep  14 (30.8s): train_loss=0.0159 train_rmse=0.4551 val_rmse=0.4090 val_r2=0.9871 val_mape=0.79%
    ep  15 (30.8s): train_loss=0.0143 train_rmse=0.4316 val_rmse=0.3812 val_r2=0.9888 val_mape=0.69%
    ep  16 (30.8s): train_loss=0.0231 train_rmse=0.5494 val_rmse=0.4578 val_r2=0.9838 val_mape=0.80%
    ep  17 (30.8s): train_loss=0.0196 train_rmse=0.5062 val_rmse=0.3303 val_r2=0.9916 val_mape=0.62%
    ep  18 (30.8s): train_loss=0.0131 train_rmse=0.4129 val_rmse=0.3947 val_r2=0.9880 val_mape=0.73%
    ep  19 (30.8s): train_loss=0.0149 train_rmse=0.4408 val_rmse=0.3942 val_r2=0.9880 val_mape=0.77%
    ep  20 (30.8s): train_loss=0.0149 train_rmse=0.4412 val_rmse=0.3440 val_r2=0.9909 val_mape=0.63%
    early stop @ epoch 20 (best 12, val_rmse=0.3138)
    final: rmse=0.3138  mae=0.2560  r2=0.9924  mape=0.59%  (780.4s, best_ep=12)
  -- fold 3 --
    [fold-norm] fit on 70 train wafers (fold 3)...
    [fold-norm] done (123.5s)
    target si_etch stats: mean=43.6450 std=3.6029
    ep   0 (34.5s): train_loss=0.6817 train_rmse=2.9747 val_rmse=2.1461 val_r2=0.6514 val_mape=4.12%
    ep   1 (30.3s): train_loss=0.1939 train_rmse=1.5864 val_rmse=0.9859 val_r2=0.9264 val_mape=1.67%
    ep   2 (30.2s): train_loss=0.0557 train_rmse=0.8500 val_rmse=0.7019 val_r2=0.9627 val_mape=1.12%
    ep   3 (30.3s): train_loss=0.0392 train_rmse=0.7129 val_rmse=0.6587 val_r2=0.9672 val_mape=0.97%
    ep   4 (30.2s): train_loss=0.0318 train_rmse=0.6422 val_rmse=0.6071 val_r2=0.9721 val_mape=0.84%
    ep   5 (30.2s): train_loss=0.0260 train_rmse=0.5807 val_rmse=0.7998 val_r2=0.9516 val_mape=1.15%
    ep   6 (30.2s): train_loss=0.0415 train_rmse=0.7340 val_rmse=0.6560 val_r2=0.9674 val_mape=0.89%
    ep   7 (30.2s): train_loss=0.0228 train_rmse=0.5437 val_rmse=0.6046 val_r2=0.9723 val_mape=0.80%
    ep   8 (30.2s): train_loss=0.0184 train_rmse=0.4890 val_rmse=0.5914 val_r2=0.9735 val_mape=0.77%
    ep   9 (30.2s): train_loss=0.0169 train_rmse=0.4688 val_rmse=0.5072 val_r2=0.9805 val_mape=0.59%
    ep  10 (30.2s): train_loss=0.0184 train_rmse=0.4894 val_rmse=0.5612 val_r2=0.9762 val_mape=0.76%
    ep  11 (30.2s): train_loss=0.0265 train_rmse=0.5868 val_rmse=0.6192 val_r2=0.9710 val_mape=0.87%
    ep  12 (30.2s): train_loss=0.0175 train_rmse=0.4764 val_rmse=0.5591 val_r2=0.9763 val_mape=0.74%
    ep  13 (30.3s): train_loss=0.0165 train_rmse=0.4631 val_rmse=0.6973 val_r2=0.9632 val_mape=1.17%
    ep  14 (30.2s): train_loss=0.0179 train_rmse=0.4816 val_rmse=0.5570 val_r2=0.9765 val_mape=0.75%
    ep  15 (30.2s): train_loss=0.0142 train_rmse=0.4300 val_rmse=0.5801 val_r2=0.9745 val_mape=0.79%
    ep  16 (30.2s): train_loss=0.0137 train_rmse=0.4224 val_rmse=0.5028 val_r2=0.9809 val_mape=0.58%
    ep  17 (30.2s): train_loss=0.0129 train_rmse=0.4086 val_rmse=0.5064 val_r2=0.9806 val_mape=0.56%
    ep  18 (30.2s): train_loss=0.0119 train_rmse=0.3930 val_rmse=0.4870 val_r2=0.9820 val_mape=0.55%
    ep  19 (30.2s): train_loss=0.0106 train_rmse=0.3718 val_rmse=0.4999 val_r2=0.9811 val_mape=0.60%
    ep  20 (30.2s): train_loss=0.0147 train_rmse=0.4365 val_rmse=0.5084 val_r2=0.9804 val_mape=0.61%
    ep  21 (30.2s): train_loss=0.0111 train_rmse=0.3801 val_rmse=0.4962 val_r2=0.9814 val_mape=0.58%
    ep  22 (30.3s): train_loss=0.0141 train_rmse=0.4274 val_rmse=0.5104 val_r2=0.9803 val_mape=0.63%
    ep  23 (30.2s): train_loss=0.0118 train_rmse=0.3913 val_rmse=0.5022 val_r2=0.9809 val_mape=0.58%
    ep  24 (30.2s): train_loss=0.0126 train_rmse=0.4052 val_rmse=0.4944 val_r2=0.9815 val_mape=0.56%
    ep  25 (30.2s): train_loss=0.0109 train_rmse=0.3764 val_rmse=0.5592 val_r2=0.9763 val_mape=0.72%
    ep  26 (30.2s): train_loss=0.0109 train_rmse=0.3755 val_rmse=0.4892 val_r2=0.9819 val_mape=0.56%
    early stop @ epoch 26 (best 18, val_rmse=0.4870)
    final: rmse=0.4870  mae=0.2375  r2=0.9820  mape=0.55%  (947.7s, best_ep=18)
  -- fold 4 --
    [fold-norm] fit on 70 train wafers (fold 4)...
    [fold-norm] done (133.3s)
    target si_etch stats: mean=43.6998 std=3.6151
    ep   0 (36.4s): train_loss=0.6668 train_rmse=2.9521 val_rmse=1.9986 val_r2=0.6894 val_mape=3.76%
    ep   1 (30.4s): train_loss=0.1607 train_rmse=1.4492 val_rmse=0.9491 val_r2=0.9299 val_mape=1.68%
    ep   2 (30.3s): train_loss=0.0498 train_rmse=0.8070 val_rmse=0.7400 val_r2=0.9574 val_mape=1.23%
    ep   3 (30.2s): train_loss=0.0379 train_rmse=0.7040 val_rmse=0.6218 val_r2=0.9699 val_mape=1.06%
    ep   4 (30.2s): train_loss=0.0296 train_rmse=0.6218 val_rmse=0.5838 val_r2=0.9735 val_mape=1.04%
    ep   5 (30.2s): train_loss=0.0300 train_rmse=0.6265 val_rmse=0.5788 val_r2=0.9739 val_mape=0.98%
    ep   6 (30.2s): train_loss=0.0224 train_rmse=0.5408 val_rmse=0.5642 val_r2=0.9752 val_mape=0.99%
    ep   7 (30.2s): train_loss=0.0211 train_rmse=0.5247 val_rmse=0.6058 val_r2=0.9715 val_mape=1.09%
    ep   8 (30.5s): train_loss=0.0211 train_rmse=0.5249 val_rmse=0.6326 val_r2=0.9689 val_mape=1.11%
    ep   9 (30.3s): train_loss=0.0205 train_rmse=0.5181 val_rmse=0.5473 val_r2=0.9767 val_mape=0.94%
    ep  10 (30.2s): train_loss=0.0213 train_rmse=0.5271 val_rmse=0.7468 val_r2=0.9566 val_mape=1.25%
    ep  11 (30.2s): train_loss=0.0226 train_rmse=0.5433 val_rmse=0.9515 val_r2=0.9296 val_mape=1.64%
    ep  12 (30.2s): train_loss=0.0258 train_rmse=0.5811 val_rmse=0.5587 val_r2=0.9757 val_mape=0.86%
    ep  13 (30.2s): train_loss=0.0231 train_rmse=0.5495 val_rmse=0.5512 val_r2=0.9764 val_mape=0.92%
    ep  14 (30.2s): train_loss=0.0210 train_rmse=0.5240 val_rmse=0.8039 val_r2=0.9497 val_mape=1.39%
    ep  15 (30.2s): train_loss=0.0181 train_rmse=0.4865 val_rmse=0.5917 val_r2=0.9728 val_mape=0.95%
    ep  16 (30.2s): train_loss=0.0202 train_rmse=0.5143 val_rmse=0.8291 val_r2=0.9465 val_mape=1.43%
    ep  17 (30.2s): train_loss=0.0189 train_rmse=0.4964 val_rmse=0.6942 val_r2=0.9625 val_mape=1.18%
    early stop @ epoch 17 (best 9, val_rmse=0.5473)
    final: rmse=0.5473  mae=0.4084  r2=0.9767  mape=0.94%  (687.8s, best_ep=9)
  AGG    rmse=0.3869±0.1085  r2=0.9876±0.0069