Experiment dir: outputs\experiments\2026-05-28_13-45_dl-multimodal-oes-aux-mixup-ema-longrun-5fold-split43
Config: configs\exp_dl_multimodal_oes_aux_mixup_ema_longrun_5fold_split43.yaml
Device: cuda  (CUDA=True)
Cache: cache\v1  |  split: splits/kfold5_wafer_seed43.npz (StratifiedGroupKFold(n_splits=5, stratify=lot, group=wafer), running folds [0, 1, 2, 3, 4] of 5)
Targets: ['oxide_etch']  |  modality: multimodal

[setup] loading 88 wafers (one-time, shared across folds)...
[setup] done in 323.7s  (discover=0.7 load=323.0)
[setup] proc channels kept: 31
[setup] XGB injection features: 0 (disabled)
[setup] normalisation deferred to per-fold (no val leakage)

=== Target: oxide_etch ===
  -- fold 0 --
    [seed] reset RNG for target/fold: 42
    [fold-norm] fit on 70 train wafers (fold 0)...
    [fold-norm] done (116.4s)
    target oxide_etch stats: mean=0.6588 std=0.0770
    [oes-band] correlation selection: stat=late_mean, top_k=256, train_wafers=70
    [oes-band] selected 256/3648 wavelengths (max|corr|=0.573, min selected |corr|=0.323, 77.0s)
    [aux] wafer-mean aux head ENABLED, weight=0.3
    [mixup] ENABLED  alpha=0.2  prob=1.0
    [ema] ENABLED  decay=0.999  validates on shadow weights
    [early-stop] DISABLED (patience=0). Will run full 120 epochs.
    ep   0 (51.8s): train_loss=0.9272 train_rmse=0.0741 val_rmse=0.0782 val_r2=0.0113 val_mape=9.75%
    ep   1 (7.3s): train_loss=0.9278 train_rmse=0.0741 val_rmse=0.0752 val_r2=0.0847 val_mape=9.36%
    ep   2 (6.6s): train_loss=0.8242 train_rmse=0.0699 val_rmse=0.0741 val_r2=0.1118 val_mape=9.07%
    ep   3 (7.2s): train_loss=0.8196 train_rmse=0.0697 val_rmse=0.0731 val_r2=0.1352 val_mape=9.04%
    ep   4 (7.5s): train_loss=0.9017 train_rmse=0.0731 val_rmse=0.0755 val_r2=0.0780 val_mape=9.40%
    ep   5 (6.5s): train_loss=0.8108 train_rmse=0.0693 val_rmse=0.0741 val_r2=0.1121 val_mape=9.14%
    ep   6 (6.3s): train_loss=0.7728 train_rmse=0.0676 val_rmse=0.0729 val_r2=0.1398 val_mape=8.99%
    ep   7 (6.8s): train_loss=0.7916 train_rmse=0.0685 val_rmse=0.0716 val_r2=0.1703 val_mape=8.70%
    ep   8 (6.4s): train_loss=0.8092 train_rmse=0.0692 val_rmse=0.0714 val_r2=0.1743 val_mape=8.69%
    ep   9 (6.5s): train_loss=0.8078 train_rmse=0.0692 val_rmse=0.0754 val_r2=0.0799 val_mape=9.27%
    ep  10 (6.4s): train_loss=0.6783 train_rmse=0.0634 val_rmse=0.0725 val_r2=0.1506 val_mape=8.80%
    ep  11 (6.4s): train_loss=0.7123 train_rmse=0.0649 val_rmse=0.0708 val_r2=0.1881 val_mape=8.36%
    ep  12 (6.4s): train_loss=0.6471 train_rmse=0.0619 val_rmse=0.0708 val_r2=0.1895 val_mape=7.75%
    ep  13 (6.4s): train_loss=0.7250 train_rmse=0.0655 val_rmse=0.0770 val_r2=0.0412 val_mape=7.71%
    ep  14 (6.3s): train_loss=0.7450 train_rmse=0.0664 val_rmse=0.0832 val_r2=-0.1189 val_mape=8.01%
    ep  15 (6.4s): train_loss=0.6315 train_rmse=0.0611 val_rmse=0.0706 val_r2=0.1934 val_mape=7.00%
    ep  16 (6.5s): train_loss=0.5862 train_rmse=0.0589 val_rmse=0.0711 val_r2=0.1829 val_mape=8.01%
    ep  17 (6.5s): train_loss=0.6273 train_rmse=0.0609 val_rmse=0.0721 val_r2=0.1592 val_mape=8.16%
    ep  18 (6.6s): train_loss=0.6835 train_rmse=0.0636 val_rmse=0.0711 val_r2=0.1830 val_mape=7.86%
    ep  19 (6.4s): train_loss=0.6556 train_rmse=0.0623 val_rmse=0.0705 val_r2=0.1952 val_mape=7.77%
    ep  20 (6.4s): train_loss=0.6681 train_rmse=0.0629 val_rmse=0.0694 val_r2=0.2199 val_mape=7.50%
    ep  21 (6.4s): train_loss=0.6283 train_rmse=0.0610 val_rmse=0.0677 val_r2=0.2592 val_mape=6.59%
    ep  22 (6.4s): train_loss=0.7625 train_rmse=0.0672 val_rmse=0.0680 val_r2=0.2511 val_mape=6.70%
    ep  23 (6.4s): train_loss=0.7413 train_rmse=0.0663 val_rmse=0.0689 val_r2=0.2330 val_mape=7.44%
    ep  24 (6.4s): train_loss=0.6763 train_rmse=0.0633 val_rmse=0.0678 val_r2=0.2563 val_mape=7.10%
    ep  25 (6.4s): train_loss=0.5914 train_rmse=0.0592 val_rmse=0.0672 val_r2=0.2690 val_mape=6.48%
    ep  26 (6.4s): train_loss=0.6323 train_rmse=0.0612 val_rmse=0.0745 val_r2=0.1023 val_mape=6.55%
    ep  27 (6.4s): train_loss=0.5516 train_rmse=0.0571 val_rmse=0.0765 val_r2=0.0535 val_mape=6.64%
    ep  28 (6.4s): train_loss=0.6438 train_rmse=0.0617 val_rmse=0.0699 val_r2=0.2103 val_mape=6.35%
    ep  29 (6.4s): train_loss=0.6297 train_rmse=0.0611 val_rmse=0.0693 val_r2=0.2224 val_mape=7.13%
    ep  30 (6.4s): train_loss=0.5603 train_rmse=0.0576 val_rmse=0.0702 val_r2=0.2030 val_mape=7.24%
    ep  31 (6.7s): train_loss=0.5396 train_rmse=0.0565 val_rmse=0.0702 val_r2=0.2035 val_mape=7.03%
    ep  32 (6.8s): train_loss=0.5994 train_rmse=0.0596 val_rmse=0.0714 val_r2=0.1759 val_mape=6.74%
    ep  33 (6.5s): train_loss=0.5712 train_rmse=0.0582 val_rmse=0.0713 val_r2=0.1774 val_mape=7.20%
    ep  34 (6.4s): train_loss=0.4998 train_rmse=0.0544 val_rmse=0.0702 val_r2=0.2027 val_mape=7.09%
    ep  35 (6.4s): train_loss=0.4793 train_rmse=0.0533 val_rmse=0.0695 val_r2=0.2180 val_mape=7.01%
    ep  36 (6.5s): train_loss=0.6324 train_rmse=0.0612 val_rmse=0.0766 val_r2=0.0515 val_mape=7.04%
    ep  37 (6.5s): train_loss=0.5407 train_rmse=0.0566 val_rmse=0.0895 val_r2=-0.2957 val_mape=7.39%
    ep  38 (6.7s): train_loss=0.5013 train_rmse=0.0545 val_rmse=0.0738 val_r2=0.1186 val_mape=6.78%
    ep  39 (6.4s): train_loss=0.5619 train_rmse=0.0577 val_rmse=0.0709 val_r2=0.1859 val_mape=6.95%
    ep  40 (6.4s): train_loss=0.5938 train_rmse=0.0593 val_rmse=0.0712 val_r2=0.1804 val_mape=6.97%
    ep  41 (6.4s): train_loss=0.5152 train_rmse=0.0552 val_rmse=0.0716 val_r2=0.1701 val_mape=6.85%
    ep  42 (6.5s): train_loss=0.5375 train_rmse=0.0564 val_rmse=0.0725 val_r2=0.1499 val_mape=6.49%
    ep  43 (6.4s): train_loss=0.5705 train_rmse=0.0581 val_rmse=0.0726 val_r2=0.1474 val_mape=6.79%
    ep  44 (6.4s): train_loss=0.5105 train_rmse=0.0550 val_rmse=0.0726 val_r2=0.1487 val_mape=7.00%
    ep  45 (6.4s): train_loss=0.3940 train_rmse=0.0483 val_rmse=0.0731 val_r2=0.1367 val_mape=6.99%
    ep  46 (6.6s): train_loss=0.6257 train_rmse=0.0609 val_rmse=0.0720 val_r2=0.1609 val_mape=6.70%
    ep  47 (6.4s): train_loss=0.5686 train_rmse=0.0580 val_rmse=0.0755 val_r2=0.0780 val_mape=6.21%
    ep  48 (5.8s): train_loss=0.4563 train_rmse=0.0520 val_rmse=0.0799 val_r2=-0.0320 val_mape=6.31%
    ep  49 (5.5s): train_loss=0.5325 train_rmse=0.0562 val_rmse=0.0751 val_r2=0.0872 val_mape=6.47%
    ep  50 (5.6s): train_loss=0.5138 train_rmse=0.0552 val_rmse=0.0785 val_r2=0.0025 val_mape=6.34%
    ep  51 (5.6s): train_loss=0.4371 train_rmse=0.0509 val_rmse=0.0819 val_r2=-0.0862 val_mape=6.46%
    ep  52 (5.4s): train_loss=0.4308 train_rmse=0.0505 val_rmse=0.0851 val_r2=-0.1708 val_mape=6.72%
    ep  53 (5.4s): train_loss=0.4311 train_rmse=0.0505 val_rmse=0.0871 val_r2=-0.2281 val_mape=6.95%
    ep  54 (5.4s): train_loss=0.5310 train_rmse=0.0561 val_rmse=0.0797 val_r2=-0.0283 val_mape=6.49%
    ep  55 (5.9s): train_loss=0.5840 train_rmse=0.0588 val_rmse=0.0683 val_r2=0.2452 val_mape=6.70%
    ep  56 (6.4s): train_loss=0.5497 train_rmse=0.0571 val_rmse=0.0685 val_r2=0.2408 val_mape=6.78%
    ep  57 (6.6s): train_loss=0.4146 train_rmse=0.0496 val_rmse=0.0712 val_r2=0.1803 val_mape=6.95%
    ep  58 (6.4s): train_loss=0.4782 train_rmse=0.0532 val_rmse=0.0726 val_r2=0.1478 val_mape=6.75%
    ep  59 (6.5s): train_loss=0.4176 train_rmse=0.0497 val_rmse=0.0786 val_r2=0.0010 val_mape=6.35%
    ep  60 (6.4s): train_loss=0.4202 train_rmse=0.0499 val_rmse=0.0773 val_r2=0.0331 val_mape=6.30%
    ep  61 (6.4s): train_loss=0.4236 train_rmse=0.0501 val_rmse=0.0745 val_r2=0.1016 val_mape=6.32%
    ep  62 (6.5s): train_loss=0.3885 train_rmse=0.0480 val_rmse=0.0736 val_r2=0.1238 val_mape=6.45%
    ep  63 (6.5s): train_loss=0.3996 train_rmse=0.0486 val_rmse=0.0733 val_r2=0.1315 val_mape=6.51%
    ep  64 (6.5s): train_loss=0.4124 train_rmse=0.0494 val_rmse=0.0729 val_r2=0.1402 val_mape=6.54%
    ep  65 (6.5s): train_loss=0.4611 train_rmse=0.0523 val_rmse=0.0777 val_r2=0.0226 val_mape=6.44%
    ep  66 (6.6s): train_loss=0.4034 train_rmse=0.0489 val_rmse=0.0881 val_r2=-0.2567 val_mape=7.10%
    ep  67 (6.5s): train_loss=0.3873 train_rmse=0.0479 val_rmse=0.0888 val_r2=-0.2746 val_mape=7.21%
    ep  68 (6.5s): train_loss=0.4828 train_rmse=0.0535 val_rmse=0.0751 val_r2=0.0883 val_mape=7.02%
    ep  69 (6.4s): train_loss=0.3518 train_rmse=0.0456 val_rmse=0.0699 val_r2=0.2088 val_mape=6.95%
    ep  70 (6.4s): train_loss=0.3824 train_rmse=0.0476 val_rmse=0.0698 val_r2=0.2114 val_mape=6.95%
    ep  71 (6.4s): train_loss=0.3472 train_rmse=0.0453 val_rmse=0.0702 val_r2=0.2025 val_mape=6.99%
    ep  72 (6.4s): train_loss=0.4069 train_rmse=0.0491 val_rmse=0.0729 val_r2=0.1411 val_mape=7.06%
    ep  73 (6.6s): train_loss=0.3719 train_rmse=0.0469 val_rmse=0.0839 val_r2=-0.1391 val_mape=6.70%
    ep  74 (6.5s): train_loss=0.3964 train_rmse=0.0484 val_rmse=0.0896 val_r2=-0.2989 val_mape=7.16%
    ep  75 (6.5s): train_loss=0.3398 train_rmse=0.0449 val_rmse=0.0821 val_r2=-0.0909 val_mape=6.64%
    ep  76 (6.5s): train_loss=0.3178 train_rmse=0.0434 val_rmse=0.0735 val_r2=0.1264 val_mape=6.34%
    ep  77 (6.5s): train_loss=0.3593 train_rmse=0.0461 val_rmse=0.0754 val_r2=0.0803 val_mape=6.34%
    ep  78 (6.5s): train_loss=0.4227 train_rmse=0.0500 val_rmse=0.0762 val_r2=0.0605 val_mape=6.37%
    ep  79 (6.7s): train_loss=0.3195 train_rmse=0.0435 val_rmse=0.0729 val_r2=0.1399 val_mape=6.31%
    ep  80 (6.6s): train_loss=0.2935 train_rmse=0.0417 val_rmse=0.0696 val_r2=0.2162 val_mape=6.41%
    ep  81 (6.4s): train_loss=0.3692 train_rmse=0.0468 val_rmse=0.0694 val_r2=0.2205 val_mape=6.23%
    ep  82 (6.5s): train_loss=0.3751 train_rmse=0.0471 val_rmse=0.0685 val_r2=0.2401 val_mape=6.25%
    ep  83 (6.5s): train_loss=0.3456 train_rmse=0.0452 val_rmse=0.0685 val_r2=0.2403 val_mape=6.30%
    ep  84 (6.5s): train_loss=0.3469 train_rmse=0.0453 val_rmse=0.0683 val_r2=0.2446 val_mape=6.23%
    ep  85 (6.5s): train_loss=0.2847 train_rmse=0.0411 val_rmse=0.0685 val_r2=0.2421 val_mape=6.27%
    ep  86 (6.4s): train_loss=0.3171 train_rmse=0.0433 val_rmse=0.0679 val_r2=0.2534 val_mape=6.12%
    ep  87 (6.5s): train_loss=0.3328 train_rmse=0.0444 val_rmse=0.0676 val_r2=0.2616 val_mape=6.06%
    ep  88 (6.6s): train_loss=0.3098 train_rmse=0.0428 val_rmse=0.0677 val_r2=0.2594 val_mape=6.07%
    ep  89 (6.6s): train_loss=0.2967 train_rmse=0.0419 val_rmse=0.0709 val_r2=0.1871 val_mape=6.07%
    ep  90 (6.6s): train_loss=0.3129 train_rmse=0.0430 val_rmse=0.0705 val_r2=0.1959 val_mape=6.07%
    ep  91 (6.6s): train_loss=0.3330 train_rmse=0.0444 val_rmse=0.0707 val_r2=0.1905 val_mape=6.11%
    ep  92 (6.4s): train_loss=0.3412 train_rmse=0.0449 val_rmse=0.0772 val_r2=0.0363 val_mape=6.43%
    ep  93 (6.5s): train_loss=0.3055 train_rmse=0.0425 val_rmse=0.0687 val_r2=0.2358 val_mape=5.99%
    ep  94 (6.4s): train_loss=0.3051 train_rmse=0.0425 val_rmse=0.0678 val_r2=0.2571 val_mape=6.16%
    ep  95 (6.3s): train_loss=0.2960 train_rmse=0.0419 val_rmse=0.0679 val_r2=0.2552 val_mape=6.27%
    ep  96 (6.5s): train_loss=0.3118 train_rmse=0.0430 val_rmse=0.0687 val_r2=0.2358 val_mape=6.45%
    ep  97 (6.9s): train_loss=0.2990 train_rmse=0.0421 val_rmse=0.0667 val_r2=0.2805 val_mape=6.18%
    ep  98 (6.9s): train_loss=0.3040 train_rmse=0.0424 val_rmse=0.0661 val_r2=0.2938 val_mape=6.05%
    ep  99 (6.8s): train_loss=0.2686 train_rmse=0.0399 val_rmse=0.0662 val_r2=0.2907 val_mape=6.16%
    ep 100 (6.8s): train_loss=0.2907 train_rmse=0.0415 val_rmse=0.0665 val_r2=0.2846 val_mape=6.23%
    ep 101 (6.7s): train_loss=0.2946 train_rmse=0.0418 val_rmse=0.0658 val_r2=0.3004 val_mape=6.07%
    ep 102 (6.8s): train_loss=0.3025 train_rmse=0.0423 val_rmse=0.0678 val_r2=0.2574 val_mape=6.37%
    ep 103 (7.1s): train_loss=0.3075 train_rmse=0.0427 val_rmse=0.0671 val_r2=0.2719 val_mape=6.31%
    ep 104 (6.8s): train_loss=0.3781 train_rmse=0.0473 val_rmse=0.0670 val_r2=0.2747 val_mape=6.26%
    ep 105 (6.8s): train_loss=0.3092 train_rmse=0.0428 val_rmse=0.0659 val_r2=0.2977 val_mape=6.03%
    ep 106 (7.0s): train_loss=0.3156 train_rmse=0.0432 val_rmse=0.0667 val_r2=0.2811 val_mape=6.23%
    ep 107 (6.8s): train_loss=0.2893 train_rmse=0.0414 val_rmse=0.0659 val_r2=0.2986 val_mape=6.07%
    ep 108 (6.8s): train_loss=0.2750 train_rmse=0.0403 val_rmse=0.0660 val_r2=0.2948 val_mape=6.15%
    ep 109 (6.7s): train_loss=0.2930 train_rmse=0.0417 val_rmse=0.0663 val_r2=0.2901 val_mape=6.18%
    ep 110 (6.8s): train_loss=0.2783 train_rmse=0.0406 val_rmse=0.0662 val_r2=0.2911 val_mape=6.19%
    ep 111 (6.8s): train_loss=0.3305 train_rmse=0.0442 val_rmse=0.0669 val_r2=0.2763 val_mape=6.29%
    ep 112 (6.7s): train_loss=0.3112 train_rmse=0.0429 val_rmse=0.0660 val_r2=0.2955 val_mape=6.18%
    ep 113 (6.8s): train_loss=0.3212 train_rmse=0.0436 val_rmse=0.0663 val_r2=0.2883 val_mape=6.25%
    ep 114 (6.7s): train_loss=0.2785 train_rmse=0.0406 val_rmse=0.0660 val_r2=0.2951 val_mape=6.22%
    ep 115 (6.7s): train_loss=0.2809 train_rmse=0.0408 val_rmse=0.0684 val_r2=0.2424 val_mape=6.49%
    ep 116 (6.7s): train_loss=0.2737 train_rmse=0.0403 val_rmse=0.0674 val_r2=0.2646 val_mape=6.40%
    ep 117 (7.4s): train_loss=0.2912 train_rmse=0.0415 val_rmse=0.0670 val_r2=0.2735 val_mape=6.33%
    ep 118 (6.0s): train_loss=0.3220 train_rmse=0.0437 val_rmse=0.0679 val_r2=0.2539 val_mape=6.47%
    ep 119 (5.8s): train_loss=0.3009 train_rmse=0.0422 val_rmse=0.0683 val_r2=0.2449 val_mape=6.50%
    final: rmse=0.0658  mae=0.0391  r2=0.3004  mape=6.07%  (1020.8s, best_ep=101)
  -- fold 1 --
    [seed] reset RNG for target/fold: 43
    [fold-norm] fit on 71 train wafers (fold 1)...
    [fold-norm] done (343.2s)
    target oxide_etch stats: mean=0.6577 std=0.0774
    [oes-band] correlation selection: stat=late_mean, top_k=256, train_wafers=71
    [oes-band] selected 256/3648 wavelengths (max|corr|=0.577, min selected |corr|=0.342, 187.1s)
    [aux] wafer-mean aux head ENABLED, weight=0.3
    [mixup] ENABLED  alpha=0.2  prob=1.0
    [ema] ENABLED  decay=0.999  validates on shadow weights
    [early-stop] DISABLED (patience=0). Will run full 120 epochs.
    ep   0 (55.9s): train_loss=0.9233 train_rmse=0.0744 val_rmse=0.0747 val_r2=0.0587 val_mape=9.05%
    ep   1 (6.7s): train_loss=0.8537 train_rmse=0.0715 val_rmse=0.0674 val_r2=0.2343 val_mape=8.23%
    ep   2 (5.8s): train_loss=0.7469 train_rmse=0.0669 val_rmse=0.0641 val_r2=0.3060 val_mape=7.87%
    ep   3 (6.1s): train_loss=0.7784 train_rmse=0.0683 val_rmse=0.0646 val_r2=0.2965 val_mape=7.73%
    ep   4 (5.7s): train_loss=0.6517 train_rmse=0.0625 val_rmse=0.0617 val_r2=0.3568 val_mape=7.46%
    ep   5 (5.6s): train_loss=0.6198 train_rmse=0.0609 val_rmse=0.0595 val_r2=0.4027 val_mape=6.98%
    ep   6 (5.5s): train_loss=0.5734 train_rmse=0.0586 val_rmse=0.0567 val_r2=0.4567 val_mape=6.43%
    ep   7 (5.6s): train_loss=0.5913 train_rmse=0.0595 val_rmse=0.0557 val_r2=0.4769 val_mape=6.02%
    ep   8 (5.7s): train_loss=0.5336 train_rmse=0.0565 val_rmse=0.0549 val_r2=0.4910 val_mape=5.71%
    ep   9 (6.4s): train_loss=0.4756 train_rmse=0.0534 val_rmse=0.0527 val_r2=0.5315 val_mape=5.43%
    ep  10 (7.0s): train_loss=0.4554 train_rmse=0.0522 val_rmse=0.0517 val_r2=0.5485 val_mape=5.21%
    ep  11 (6.4s): train_loss=0.5335 train_rmse=0.0565 val_rmse=0.0526 val_r2=0.5325 val_mape=5.24%
    ep  12 (5.7s): train_loss=0.4683 train_rmse=0.0529 val_rmse=0.0511 val_r2=0.5593 val_mape=5.15%
    ep  13 (5.5s): train_loss=0.4341 train_rmse=0.0510 val_rmse=0.0518 val_r2=0.5480 val_mape=5.13%
    ep  14 (5.7s): train_loss=0.4194 train_rmse=0.0501 val_rmse=0.0500 val_r2=0.5778 val_mape=4.88%
    ep  15 (5.6s): train_loss=0.4212 train_rmse=0.0502 val_rmse=0.0505 val_r2=0.5691 val_mape=4.91%
    ep  16 (5.6s): train_loss=0.4264 train_rmse=0.0505 val_rmse=0.0494 val_r2=0.5891 val_mape=4.74%
    ep  17 (5.6s): train_loss=0.4502 train_rmse=0.0519 val_rmse=0.0488 val_r2=0.5988 val_mape=4.62%
    ep  18 (5.5s): train_loss=0.4103 train_rmse=0.0496 val_rmse=0.0487 val_r2=0.6003 val_mape=4.59%
    ep  19 (5.6s): train_loss=0.3725 train_rmse=0.0472 val_rmse=0.0481 val_r2=0.6102 val_mape=4.50%
    ep  20 (5.9s): train_loss=0.3456 train_rmse=0.0455 val_rmse=0.0477 val_r2=0.6163 val_mape=4.48%
    ep  21 (5.7s): train_loss=0.4272 train_rmse=0.0506 val_rmse=0.0475 val_r2=0.6194 val_mape=4.40%
    ep  22 (5.4s): train_loss=0.3810 train_rmse=0.0478 val_rmse=0.0469 val_r2=0.6287 val_mape=4.33%
    ep  23 (5.5s): train_loss=0.3954 train_rmse=0.0487 val_rmse=0.0464 val_r2=0.6365 val_mape=4.25%
    ep  24 (5.5s): train_loss=0.3688 train_rmse=0.0470 val_rmse=0.0463 val_r2=0.6378 val_mape=4.21%
    ep  25 (5.5s): train_loss=0.3117 train_rmse=0.0432 val_rmse=0.0464 val_r2=0.6375 val_mape=4.26%
    ep  26 (5.5s): train_loss=0.3569 train_rmse=0.0462 val_rmse=0.0459 val_r2=0.6439 val_mape=4.17%
    ep  27 (5.4s): train_loss=0.3222 train_rmse=0.0439 val_rmse=0.0455 val_r2=0.6501 val_mape=4.12%
    ep  28 (5.5s): train_loss=0.3598 train_rmse=0.0464 val_rmse=0.0454 val_r2=0.6525 val_mape=4.11%
    ep  29 (5.4s): train_loss=0.3099 train_rmse=0.0431 val_rmse=0.0451 val_r2=0.6566 val_mape=4.12%
    ep  30 (6.3s): train_loss=0.3292 train_rmse=0.0444 val_rmse=0.0447 val_r2=0.6634 val_mape=4.04%
    ep  31 (6.2s): train_loss=0.2997 train_rmse=0.0424 val_rmse=0.0446 val_r2=0.6643 val_mape=4.02%
    ep  32 (7.1s): train_loss=0.3154 train_rmse=0.0435 val_rmse=0.0440 val_r2=0.6727 val_mape=3.95%
    ep  33 (7.1s): train_loss=0.3123 train_rmse=0.0432 val_rmse=0.0435 val_r2=0.6804 val_mape=3.87%
    ep  34 (7.3s): train_loss=0.3097 train_rmse=0.0431 val_rmse=0.0432 val_r2=0.6854 val_mape=3.82%
    ep  35 (7.1s): train_loss=0.3060 train_rmse=0.0428 val_rmse=0.0430 val_r2=0.6875 val_mape=3.82%
    ep  36 (6.1s): train_loss=0.2914 train_rmse=0.0418 val_rmse=0.0427 val_r2=0.6925 val_mape=3.76%
    ep  37 (7.5s): train_loss=0.2925 train_rmse=0.0419 val_rmse=0.0425 val_r2=0.6956 val_mape=3.80%
    ep  38 (7.5s): train_loss=0.2963 train_rmse=0.0421 val_rmse=0.0422 val_r2=0.7000 val_mape=3.76%
    ep  39 (6.8s): train_loss=0.3107 train_rmse=0.0431 val_rmse=0.0422 val_r2=0.6990 val_mape=3.77%
    ep  40 (6.5s): train_loss=0.2729 train_rmse=0.0404 val_rmse=0.0418 val_r2=0.7053 val_mape=3.72%
    ep  41 (5.8s): train_loss=0.2806 train_rmse=0.0410 val_rmse=0.0415 val_r2=0.7097 val_mape=3.66%
    ep  42 (5.5s): train_loss=0.2527 train_rmse=0.0389 val_rmse=0.0412 val_r2=0.7139 val_mape=3.62%
    ep  43 (5.5s): train_loss=0.2716 train_rmse=0.0403 val_rmse=0.0411 val_r2=0.7156 val_mape=3.58%
    ep  44 (5.5s): train_loss=0.2668 train_rmse=0.0400 val_rmse=0.0406 val_r2=0.7214 val_mape=3.59%
    ep  45 (5.4s): train_loss=0.2485 train_rmse=0.0386 val_rmse=0.0406 val_r2=0.7213 val_mape=3.57%
    ep  46 (5.5s): train_loss=0.2609 train_rmse=0.0395 val_rmse=0.0405 val_r2=0.7231 val_mape=3.52%
    ep  47 (5.8s): train_loss=0.2490 train_rmse=0.0386 val_rmse=0.0403 val_r2=0.7256 val_mape=3.50%
    ep  48 (5.6s): train_loss=0.2557 train_rmse=0.0391 val_rmse=0.0401 val_r2=0.7283 val_mape=3.51%
    ep  49 (5.6s): train_loss=0.2391 train_rmse=0.0378 val_rmse=0.0398 val_r2=0.7322 val_mape=3.44%
    ep  50 (5.6s): train_loss=0.2622 train_rmse=0.0396 val_rmse=0.0398 val_r2=0.7330 val_mape=3.44%
    ep  51 (5.6s): train_loss=0.2450 train_rmse=0.0383 val_rmse=0.0401 val_r2=0.7286 val_mape=3.47%
    ep  52 (5.6s): train_loss=0.2560 train_rmse=0.0391 val_rmse=0.0396 val_r2=0.7351 val_mape=3.39%
    ep  53 (5.7s): train_loss=0.2707 train_rmse=0.0403 val_rmse=0.0398 val_r2=0.7322 val_mape=3.41%
    ep  54 (5.7s): train_loss=0.2552 train_rmse=0.0391 val_rmse=0.0398 val_r2=0.7326 val_mape=3.39%
    ep  55 (5.6s): train_loss=0.2714 train_rmse=0.0403 val_rmse=0.0394 val_r2=0.7376 val_mape=3.32%
    ep  56 (5.8s): train_loss=0.2330 train_rmse=0.0374 val_rmse=0.0393 val_r2=0.7392 val_mape=3.34%
    ep  57 (5.8s): train_loss=0.3202 train_rmse=0.0438 val_rmse=0.0398 val_r2=0.7328 val_mape=3.35%
    ep  58 (6.1s): train_loss=0.2502 train_rmse=0.0387 val_rmse=0.0402 val_r2=0.7272 val_mape=3.38%
    ep  59 (5.6s): train_loss=0.2700 train_rmse=0.0402 val_rmse=0.0403 val_r2=0.7254 val_mape=3.40%
    ep  60 (5.9s): train_loss=0.2352 train_rmse=0.0375 val_rmse=0.0403 val_r2=0.7263 val_mape=3.39%
    ep  61 (5.5s): train_loss=0.2567 train_rmse=0.0392 val_rmse=0.0404 val_r2=0.7242 val_mape=3.39%
    ep  62 (5.6s): train_loss=0.2415 train_rmse=0.0380 val_rmse=0.0406 val_r2=0.7221 val_mape=3.42%
    ep  63 (5.7s): train_loss=0.2429 train_rmse=0.0381 val_rmse=0.0406 val_r2=0.7225 val_mape=3.38%
    ep  64 (5.6s): train_loss=0.2483 train_rmse=0.0386 val_rmse=0.0402 val_r2=0.7269 val_mape=3.32%
    ep  65 (5.6s): train_loss=0.2437 train_rmse=0.0382 val_rmse=0.0403 val_r2=0.7264 val_mape=3.34%
    ep  66 (5.7s): train_loss=0.2175 train_rmse=0.0361 val_rmse=0.0403 val_r2=0.7259 val_mape=3.37%
    ep  67 (5.6s): train_loss=0.2161 train_rmse=0.0360 val_rmse=0.0404 val_r2=0.7249 val_mape=3.38%
    ep  68 (5.9s): train_loss=0.2394 train_rmse=0.0379 val_rmse=0.0402 val_r2=0.7272 val_mape=3.36%
    ep  69 (6.3s): train_loss=0.2371 train_rmse=0.0377 val_rmse=0.0402 val_r2=0.7268 val_mape=3.37%
    ep  70 (6.0s): train_loss=0.2251 train_rmse=0.0367 val_rmse=0.0403 val_r2=0.7265 val_mape=3.40%
    ep  71 (5.7s): train_loss=0.2331 train_rmse=0.0374 val_rmse=0.0406 val_r2=0.7223 val_mape=3.42%
    ep  72 (5.9s): train_loss=0.2114 train_rmse=0.0356 val_rmse=0.0401 val_r2=0.7289 val_mape=3.30%
    ep  73 (5.9s): train_loss=0.2669 train_rmse=0.0400 val_rmse=0.0402 val_r2=0.7270 val_mape=3.36%
    ep  74 (6.7s): train_loss=0.2121 train_rmse=0.0356 val_rmse=0.0401 val_r2=0.7283 val_mape=3.35%
    ep  75 (6.6s): train_loss=0.2205 train_rmse=0.0363 val_rmse=0.0401 val_r2=0.7294 val_mape=3.35%
    ep  76 (5.7s): train_loss=0.2273 train_rmse=0.0369 val_rmse=0.0399 val_r2=0.7308 val_mape=3.33%
    ep  77 (5.6s): train_loss=0.2199 train_rmse=0.0363 val_rmse=0.0401 val_r2=0.7290 val_mape=3.34%
    ep  78 (5.6s): train_loss=0.2299 train_rmse=0.0371 val_rmse=0.0398 val_r2=0.7332 val_mape=3.31%
    ep  79 (5.5s): train_loss=0.2258 train_rmse=0.0368 val_rmse=0.0396 val_r2=0.7357 val_mape=3.29%
    ep  80 (5.4s): train_loss=0.2377 train_rmse=0.0377 val_rmse=0.0395 val_r2=0.7374 val_mape=3.23%
    ep  81 (5.5s): train_loss=0.2113 train_rmse=0.0356 val_rmse=0.0400 val_r2=0.7294 val_mape=3.37%
    ep  82 (5.8s): train_loss=0.2183 train_rmse=0.0362 val_rmse=0.0401 val_r2=0.7285 val_mape=3.39%
    ep  83 (5.8s): train_loss=0.2263 train_rmse=0.0368 val_rmse=0.0397 val_r2=0.7347 val_mape=3.32%
    ep  84 (5.5s): train_loss=0.1960 train_rmse=0.0343 val_rmse=0.0397 val_r2=0.7339 val_mape=3.34%
    ep  85 (5.7s): train_loss=0.2078 train_rmse=0.0353 val_rmse=0.0394 val_r2=0.7383 val_mape=3.28%
    ep  86 (6.1s): train_loss=0.1970 train_rmse=0.0343 val_rmse=0.0393 val_r2=0.7389 val_mape=3.26%
    ep  87 (5.6s): train_loss=0.2071 train_rmse=0.0352 val_rmse=0.0393 val_r2=0.7401 val_mape=3.23%
    ep  88 (5.7s): train_loss=0.2092 train_rmse=0.0354 val_rmse=0.0392 val_r2=0.7408 val_mape=3.23%
    ep  89 (5.6s): train_loss=0.1948 train_rmse=0.0342 val_rmse=0.0395 val_r2=0.7365 val_mape=3.27%
    ep  90 (5.6s): train_loss=0.2117 train_rmse=0.0356 val_rmse=0.0393 val_r2=0.7394 val_mape=3.26%
    ep  91 (5.5s): train_loss=0.2125 train_rmse=0.0357 val_rmse=0.0392 val_r2=0.7413 val_mape=3.23%
    ep  92 (5.6s): train_loss=0.2102 train_rmse=0.0355 val_rmse=0.0390 val_r2=0.7437 val_mape=3.26%
    ep  93 (5.4s): train_loss=0.2156 train_rmse=0.0359 val_rmse=0.0388 val_r2=0.7465 val_mape=3.19%
    ep  94 (5.6s): train_loss=0.1866 train_rmse=0.0334 val_rmse=0.0388 val_r2=0.7460 val_mape=3.20%
    ep  95 (5.5s): train_loss=0.1834 train_rmse=0.0331 val_rmse=0.0386 val_r2=0.7481 val_mape=3.18%
    ep  96 (5.4s): train_loss=0.2053 train_rmse=0.0351 val_rmse=0.0387 val_r2=0.7470 val_mape=3.17%
    ep  97 (5.9s): train_loss=0.2058 train_rmse=0.0351 val_rmse=0.0384 val_r2=0.7507 val_mape=3.19%
    ep  98 (5.9s): train_loss=0.1978 train_rmse=0.0344 val_rmse=0.0381 val_r2=0.7547 val_mape=3.15%
    ep  99 (5.6s): train_loss=0.1819 train_rmse=0.0330 val_rmse=0.0381 val_r2=0.7554 val_mape=3.12%
    ep 100 (5.6s): train_loss=0.1797 train_rmse=0.0328 val_rmse=0.0383 val_r2=0.7520 val_mape=3.12%
    ep 101 (5.5s): train_loss=0.2089 train_rmse=0.0354 val_rmse=0.0378 val_r2=0.7595 val_mape=3.07%
    ep 102 (6.1s): train_loss=0.1944 train_rmse=0.0341 val_rmse=0.0374 val_r2=0.7636 val_mape=3.07%
    ep 103 (5.8s): train_loss=0.2000 train_rmse=0.0346 val_rmse=0.0376 val_r2=0.7616 val_mape=3.05%
    ep 104 (5.8s): train_loss=0.1784 train_rmse=0.0327 val_rmse=0.0374 val_r2=0.7646 val_mape=3.04%
    ep 105 (5.7s): train_loss=0.2010 train_rmse=0.0347 val_rmse=0.0373 val_r2=0.7658 val_mape=3.04%
    ep 106 (5.8s): train_loss=0.1895 train_rmse=0.0337 val_rmse=0.0374 val_r2=0.7641 val_mape=3.04%
    ep 107 (5.6s): train_loss=0.2113 train_rmse=0.0356 val_rmse=0.0377 val_r2=0.7604 val_mape=3.06%
    ep 108 (5.4s): train_loss=0.2048 train_rmse=0.0350 val_rmse=0.0377 val_r2=0.7600 val_mape=3.07%
    ep 109 (5.5s): train_loss=0.1975 train_rmse=0.0344 val_rmse=0.0375 val_r2=0.7623 val_mape=3.06%
    ep 110 (5.6s): train_loss=0.1835 train_rmse=0.0331 val_rmse=0.0376 val_r2=0.7614 val_mape=3.05%
    ep 111 (5.5s): train_loss=0.1955 train_rmse=0.0342 val_rmse=0.0376 val_r2=0.7617 val_mape=3.05%
    ep 112 (5.5s): train_loss=0.2050 train_rmse=0.0350 val_rmse=0.0375 val_r2=0.7625 val_mape=3.05%
    ep 113 (5.7s): train_loss=0.1912 train_rmse=0.0338 val_rmse=0.0378 val_r2=0.7588 val_mape=3.05%
    ep 114 (5.5s): train_loss=0.1886 train_rmse=0.0336 val_rmse=0.0377 val_r2=0.7600 val_mape=3.05%
    ep 115 (5.6s): train_loss=0.1803 train_rmse=0.0329 val_rmse=0.0380 val_r2=0.7565 val_mape=3.07%
    ep 116 (5.5s): train_loss=0.2004 train_rmse=0.0346 val_rmse=0.0376 val_r2=0.7617 val_mape=3.05%
    ep 117 (5.5s): train_loss=0.1961 train_rmse=0.0343 val_rmse=0.0376 val_r2=0.7620 val_mape=3.02%
    ep 118 (6.6s): train_loss=0.2057 train_rmse=0.0351 val_rmse=0.0373 val_r2=0.7657 val_mape=2.99%
    ep 119 (6.7s): train_loss=0.1872 train_rmse=0.0335 val_rmse=0.0377 val_r2=0.7604 val_mape=3.04%
    final: rmse=0.0373  mae=0.0206  r2=0.7658  mape=3.04%  (1281.3s, best_ep=105)