Experiment dir: outputs\experiments\2026-05-27_19-02_dl-multimodal-pwnorm-instnorm-5fold
Config: configs\exp_dl_multimodal_pwnorm_instnorm_5fold.yaml
Device: cuda  (CUDA=True)
Cache: cache\v1  |  split: splits/kfold5_wafer.npz (StratifiedGroupKFold(n_splits=5, stratify=lot, group=wafer), running folds [0, 1, 2, 3, 4] of 5)
Targets: ['oxide_etch']  |  modality: multimodal

[setup] loading 88 wafers (one-time, shared across folds)...
[setup] done in 176.5s  (discover=0.2 load=176.3)
[setup] proc channels kept: 31
[setup] XGB injection features: 0 (disabled)
[setup] normalisation deferred to per-fold (no val leakage)
[setup] per-wafer normalization ENABLED (removes wafer-level absolute offset)

=== Target: oxide_etch ===
  -- fold 0 --
    [seed] reset RNG for target/fold: 42
    [fold-norm] fit on 70 train wafers (fold 0)...
    [fold-norm] done (130.5s)
    target oxide_etch stats: mean=0.6587 std=0.0773
    [oes-band] correlation selection: stat=late_mean, top_k=256, train_wafers=70
    [oes-band] selected 256/3648 wavelengths (max|corr|=0.618, min selected |corr|=0.324, 77.9s)
    [aux] wafer-mean aux head ENABLED, weight=0.3
    ep   0 (57.5s): train_loss=1.0510 train_rmse=0.0792 val_rmse=0.0771 val_r2=0.0101 val_mape=9.65%
    ep   1 (6.9s): train_loss=0.9953 train_rmse=0.0771 val_rmse=0.0766 val_r2=0.0230 val_mape=9.60%
    ep   2 (6.4s): train_loss=0.9759 train_rmse=0.0763 val_rmse=0.0758 val_r2=0.0415 val_mape=9.50%
    ep   3 (6.3s): train_loss=0.9758 train_rmse=0.0763 val_rmse=0.0749 val_r2=0.0651 val_mape=9.29%
    ep   4 (6.4s): train_loss=0.9430 train_rmse=0.0750 val_rmse=0.0733 val_r2=0.1035 val_mape=9.08%
    ep   5 (6.3s): train_loss=0.8200 train_rmse=0.0700 val_rmse=0.0653 val_r2=0.2888 val_mape=8.23%
    ep   6 (6.4s): train_loss=0.6925 train_rmse=0.0643 val_rmse=0.0616 val_r2=0.3678 val_mape=7.76%
    ep   7 (6.4s): train_loss=0.6579 train_rmse=0.0627 val_rmse=0.0581 val_r2=0.4363 val_mape=7.14%
    ep   8 (6.4s): train_loss=0.5880 train_rmse=0.0592 val_rmse=0.0595 val_r2=0.4106 val_mape=7.14%
    ep   9 (6.4s): train_loss=0.5623 train_rmse=0.0579 val_rmse=0.0515 val_r2=0.5574 val_mape=5.82%
    ep  10 (6.3s): train_loss=0.4831 train_rmse=0.0537 val_rmse=0.0573 val_r2=0.4525 val_mape=6.57%
    ep  11 (6.1s): train_loss=0.5002 train_rmse=0.0546 val_rmse=0.0617 val_r2=0.3655 val_mape=7.02%
    ep  12 (6.3s): train_loss=0.4797 train_rmse=0.0535 val_rmse=0.0498 val_r2=0.5863 val_mape=5.34%
    ep  13 (6.4s): train_loss=0.4413 train_rmse=0.0513 val_rmse=0.0483 val_r2=0.6105 val_mape=5.15%
    ep  14 (6.3s): train_loss=0.4288 train_rmse=0.0506 val_rmse=0.0491 val_r2=0.5975 val_mape=5.17%
    ep  15 (6.4s): train_loss=0.4270 train_rmse=0.0505 val_rmse=0.0477 val_r2=0.6202 val_mape=5.04%
    ep  16 (6.3s): train_loss=0.4147 train_rmse=0.0498 val_rmse=0.0453 val_r2=0.6577 val_mape=4.54%
    ep  17 (6.4s): train_loss=0.4605 train_rmse=0.0524 val_rmse=0.0451 val_r2=0.6603 val_mape=4.63%
    ep  18 (6.3s): train_loss=0.4080 train_rmse=0.0494 val_rmse=0.0447 val_r2=0.6675 val_mape=4.40%
    ep  19 (6.4s): train_loss=0.3882 train_rmse=0.0481 val_rmse=0.0447 val_r2=0.6675 val_mape=4.43%
    ep  20 (6.3s): train_loss=0.3788 train_rmse=0.0476 val_rmse=0.0442 val_r2=0.6750 val_mape=4.24%
    ep  21 (6.4s): train_loss=0.3664 train_rmse=0.0468 val_rmse=0.0430 val_r2=0.6923 val_mape=4.09%
    ep  22 (6.2s): train_loss=0.3676 train_rmse=0.0468 val_rmse=0.0431 val_r2=0.6901 val_mape=4.29%
    ep  23 (6.3s): train_loss=0.3567 train_rmse=0.0461 val_rmse=0.0430 val_r2=0.6915 val_mape=4.11%
    ep  24 (6.2s): train_loss=0.3476 train_rmse=0.0456 val_rmse=0.0426 val_r2=0.6971 val_mape=3.91%
    ep  25 (6.3s): train_loss=0.3546 train_rmse=0.0460 val_rmse=0.0408 val_r2=0.7229 val_mape=3.86%
    ep  26 (6.3s): train_loss=0.3475 train_rmse=0.0455 val_rmse=0.0417 val_r2=0.7098 val_mape=3.79%
    ep  27 (6.3s): train_loss=0.3487 train_rmse=0.0456 val_rmse=0.0414 val_r2=0.7150 val_mape=3.69%
    ep  28 (6.3s): train_loss=0.3449 train_rmse=0.0454 val_rmse=0.0415 val_r2=0.7124 val_mape=3.71%
    ep  29 (6.4s): train_loss=0.3382 train_rmse=0.0449 val_rmse=0.0414 val_r2=0.7143 val_mape=3.78%
    ep  30 (6.2s): train_loss=0.3413 train_rmse=0.0451 val_rmse=0.0412 val_r2=0.7166 val_mape=3.67%
    ep  31 (6.4s): train_loss=0.3310 train_rmse=0.0444 val_rmse=0.0410 val_r2=0.7200 val_mape=3.59%
    ep  32 (6.4s): train_loss=0.3300 train_rmse=0.0444 val_rmse=0.0409 val_r2=0.7217 val_mape=3.56%
    ep  33 (6.1s): train_loss=0.3279 train_rmse=0.0442 val_rmse=0.0409 val_r2=0.7208 val_mape=3.54%
    ep  34 (6.3s): train_loss=0.3249 train_rmse=0.0440 val_rmse=0.0409 val_r2=0.7209 val_mape=3.62%
    ep  35 (6.3s): train_loss=0.3241 train_rmse=0.0440 val_rmse=0.0408 val_r2=0.7223 val_mape=3.56%
    ep  36 (6.3s): train_loss=0.3168 train_rmse=0.0435 val_rmse=0.0409 val_r2=0.7208 val_mape=3.65%
    ep  37 (6.3s): train_loss=0.3144 train_rmse=0.0433 val_rmse=0.0407 val_r2=0.7243 val_mape=3.61%
    ep  38 (6.4s): train_loss=0.3133 train_rmse=0.0432 val_rmse=0.0406 val_r2=0.7257 val_mape=3.66%
    ep  39 (6.3s): train_loss=0.3217 train_rmse=0.0438 val_rmse=0.0402 val_r2=0.7303 val_mape=3.63%
    ep  40 (6.3s): train_loss=0.3160 train_rmse=0.0434 val_rmse=0.0409 val_r2=0.7209 val_mape=3.76%
    ep  41 (6.3s): train_loss=0.3165 train_rmse=0.0435 val_rmse=0.0404 val_r2=0.7280 val_mape=3.76%
    ep  42 (6.4s): train_loss=0.3093 train_rmse=0.0430 val_rmse=0.0400 val_r2=0.7331 val_mape=3.63%
    ep  43 (6.3s): train_loss=0.3049 train_rmse=0.0427 val_rmse=0.0399 val_r2=0.7344 val_mape=3.64%
    ep  44 (6.3s): train_loss=0.3050 train_rmse=0.0427 val_rmse=0.0405 val_r2=0.7270 val_mape=3.88%
    ep  45 (6.3s): train_loss=0.3032 train_rmse=0.0425 val_rmse=0.0399 val_r2=0.7340 val_mape=3.64%
    ep  46 (6.3s): train_loss=0.2994 train_rmse=0.0423 val_rmse=0.0400 val_r2=0.7332 val_mape=3.67%
    ep  47 (6.3s): train_loss=0.2975 train_rmse=0.0421 val_rmse=0.0399 val_r2=0.7348 val_mape=3.73%
    ep  48 (6.3s): train_loss=0.2978 train_rmse=0.0422 val_rmse=0.0402 val_r2=0.7311 val_mape=3.80%
    ep  49 (6.3s): train_loss=0.2936 train_rmse=0.0419 val_rmse=0.0400 val_r2=0.7326 val_mape=3.67%
    ep  50 (6.3s): train_loss=0.2950 train_rmse=0.0420 val_rmse=0.0399 val_r2=0.7341 val_mape=3.73%
    ep  51 (6.3s): train_loss=0.2913 train_rmse=0.0417 val_rmse=0.0393 val_r2=0.7426 val_mape=3.63%
    ep  52 (6.4s): train_loss=0.2900 train_rmse=0.0416 val_rmse=0.0391 val_r2=0.7453 val_mape=3.51%
    ep  53 (6.5s): train_loss=0.2966 train_rmse=0.0421 val_rmse=0.0392 val_r2=0.7439 val_mape=3.64%
    ep  54 (6.3s): train_loss=0.2866 train_rmse=0.0414 val_rmse=0.0393 val_r2=0.7431 val_mape=3.65%
    ep  55 (6.4s): train_loss=0.2882 train_rmse=0.0415 val_rmse=0.0389 val_r2=0.7471 val_mape=3.59%
    ep  56 (6.4s): train_loss=0.2796 train_rmse=0.0409 val_rmse=0.0388 val_r2=0.7495 val_mape=3.55%
    ep  57 (6.4s): train_loss=0.2825 train_rmse=0.0411 val_rmse=0.0388 val_r2=0.7489 val_mape=3.62%
    ep  58 (6.4s): train_loss=0.2774 train_rmse=0.0407 val_rmse=0.0387 val_r2=0.7497 val_mape=3.55%
    ep  59 (6.4s): train_loss=0.2760 train_rmse=0.0406 val_rmse=0.0391 val_r2=0.7453 val_mape=3.59%
    ep  60 (6.4s): train_loss=0.2792 train_rmse=0.0408 val_rmse=0.0388 val_r2=0.7486 val_mape=3.56%
    ep  61 (6.5s): train_loss=0.2729 train_rmse=0.0404 val_rmse=0.0390 val_r2=0.7459 val_mape=3.63%
    ep  62 (6.4s): train_loss=0.2746 train_rmse=0.0405 val_rmse=0.0389 val_r2=0.7477 val_mape=3.62%
    ep  63 (6.3s): train_loss=0.2737 train_rmse=0.0404 val_rmse=0.0392 val_r2=0.7433 val_mape=3.66%
    ep  64 (6.3s): train_loss=0.2692 train_rmse=0.0401 val_rmse=0.0391 val_r2=0.7452 val_mape=3.64%
    ep  65 (6.3s): train_loss=0.2685 train_rmse=0.0400 val_rmse=0.0391 val_r2=0.7452 val_mape=3.63%
    ep  66 (6.4s): train_loss=0.2717 train_rmse=0.0403 val_rmse=0.0393 val_r2=0.7428 val_mape=3.67%
    ep  67 (6.3s): train_loss=0.2679 train_rmse=0.0400 val_rmse=0.0393 val_r2=0.7419 val_mape=3.67%
    ep  68 (6.3s): train_loss=0.2658 train_rmse=0.0398 val_rmse=0.0391 val_r2=0.7450 val_mape=3.62%
    ep  69 (6.4s): train_loss=0.2679 train_rmse=0.0400 val_rmse=0.0392 val_r2=0.7438 val_mape=3.64%
    ep  70 (6.4s): train_loss=0.2642 train_rmse=0.0397 val_rmse=0.0394 val_r2=0.7412 val_mape=3.68%
    ep  71 (6.4s): train_loss=0.2693 train_rmse=0.0401 val_rmse=0.0394 val_r2=0.7418 val_mape=3.68%
    ep  72 (6.2s): train_loss=0.2655 train_rmse=0.0398 val_rmse=0.0395 val_r2=0.7393 val_mape=3.71%
    ep  73 (6.3s): train_loss=0.2651 train_rmse=0.0398 val_rmse=0.0394 val_r2=0.7408 val_mape=3.69%
    early stop @ epoch 73 (best 58, val_rmse=0.0387)
    final: rmse=0.0387  mae=0.0233  r2=0.7497  mape=3.55%  (733.0s, best_ep=58)
  -- fold 1 --
    [seed] reset RNG for target/fold: 43
    [fold-norm] fit on 71 train wafers (fold 1)...
    [fold-norm] done (167.7s)
    target oxide_etch stats: mean=0.6585 std=0.0776
    [oes-band] correlation selection: stat=late_mean, top_k=256, train_wafers=71
    [oes-band] selected 256/3648 wavelengths (max|corr|=0.563, min selected |corr|=0.346, 80.2s)
    [aux] wafer-mean aux head ENABLED, weight=0.3
    ep   0 (22.4s): train_loss=1.0231 train_rmse=0.0785 val_rmse=0.0752 val_r2=0.0164 val_mape=9.34%
    ep   1 (7.5s): train_loss=0.9863 train_rmse=0.0771 val_rmse=0.0746 val_r2=0.0331 val_mape=9.21%
    ep   2 (6.3s): train_loss=0.9673 train_rmse=0.0764 val_rmse=0.0740 val_r2=0.0496 val_mape=9.05%
    ep   3 (6.3s): train_loss=0.9560 train_rmse=0.0759 val_rmse=0.0735 val_r2=0.0617 val_mape=8.92%
    ep   4 (6.3s): train_loss=0.9336 train_rmse=0.0750 val_rmse=0.0697 val_r2=0.1547 val_mape=8.41%
    ep   5 (6.3s): train_loss=0.8096 train_rmse=0.0699 val_rmse=0.0660 val_r2=0.2439 val_mape=8.19%
    ep   6 (6.3s): train_loss=0.7056 train_rmse=0.0652 val_rmse=0.0623 val_r2=0.3263 val_mape=7.88%
    ep   7 (6.4s): train_loss=0.6826 train_rmse=0.0642 val_rmse=0.0577 val_r2=0.4216 val_mape=7.04%
    ep   8 (6.3s): train_loss=0.5854 train_rmse=0.0594 val_rmse=0.0543 val_r2=0.4882 val_mape=6.25%
    ep   9 (6.3s): train_loss=0.4892 train_rmse=0.0543 val_rmse=0.0519 val_r2=0.5326 val_mape=5.54%
    ep  10 (6.3s): train_loss=0.4442 train_rmse=0.0518 val_rmse=0.0512 val_r2=0.5450 val_mape=5.38%
    ep  11 (6.3s): train_loss=0.5021 train_rmse=0.0550 val_rmse=0.0528 val_r2=0.5153 val_mape=5.85%
    ep  12 (6.3s): train_loss=0.4719 train_rmse=0.0533 val_rmse=0.0495 val_r2=0.5740 val_mape=4.98%
    ep  13 (6.3s): train_loss=0.4157 train_rmse=0.0501 val_rmse=0.0511 val_r2=0.5457 val_mape=5.20%
    ep  14 (6.3s): train_loss=0.4089 train_rmse=0.0496 val_rmse=0.0492 val_r2=0.5795 val_mape=4.79%
    ep  15 (6.3s): train_loss=0.4054 train_rmse=0.0494 val_rmse=0.0488 val_r2=0.5861 val_mape=4.76%
    ep  16 (6.4s): train_loss=0.4032 train_rmse=0.0493 val_rmse=0.0482 val_r2=0.5962 val_mape=4.62%
    ep  17 (6.3s): train_loss=0.3880 train_rmse=0.0484 val_rmse=0.0482 val_r2=0.5958 val_mape=4.62%
    ep  18 (6.3s): train_loss=0.3796 train_rmse=0.0478 val_rmse=0.0478 val_r2=0.6034 val_mape=4.50%
    ep  19 (6.3s): train_loss=0.3771 train_rmse=0.0477 val_rmse=0.0475 val_r2=0.6072 val_mape=4.44%
    ep  20 (6.3s): train_loss=0.3737 train_rmse=0.0475 val_rmse=0.0499 val_r2=0.5671 val_mape=4.92%
    ep  21 (6.4s): train_loss=0.3706 train_rmse=0.0473 val_rmse=0.0476 val_r2=0.6066 val_mape=4.47%
    ep  22 (6.3s): train_loss=0.3622 train_rmse=0.0467 val_rmse=0.0478 val_r2=0.6036 val_mape=4.49%
    ep  23 (6.3s): train_loss=0.3521 train_rmse=0.0461 val_rmse=0.0469 val_r2=0.6174 val_mape=4.33%
    ep  24 (6.3s): train_loss=0.3574 train_rmse=0.0464 val_rmse=0.0505 val_r2=0.5561 val_mape=4.93%
    ep  25 (6.3s): train_loss=0.3733 train_rmse=0.0474 val_rmse=0.0466 val_r2=0.6226 val_mape=4.18%
    ep  26 (6.3s): train_loss=0.3653 train_rmse=0.0469 val_rmse=0.0463 val_r2=0.6279 val_mape=4.26%
    ep  27 (6.4s): train_loss=0.3667 train_rmse=0.0470 val_rmse=0.0464 val_r2=0.6262 val_mape=4.20%
    ep  28 (6.3s): train_loss=0.3494 train_rmse=0.0459 val_rmse=0.0464 val_r2=0.6253 val_mape=4.26%
    ep  29 (6.5s): train_loss=0.3396 train_rmse=0.0452 val_rmse=0.0464 val_r2=0.6258 val_mape=4.29%
    ep  30 (6.4s): train_loss=0.3454 train_rmse=0.0456 val_rmse=0.0464 val_r2=0.6258 val_mape=4.23%
    ep  31 (6.4s): train_loss=0.3312 train_rmse=0.0447 val_rmse=0.0461 val_r2=0.6301 val_mape=4.06%
    ep  32 (6.3s): train_loss=0.3234 train_rmse=0.0442 val_rmse=0.0458 val_r2=0.6361 val_mape=4.02%
    ep  33 (6.3s): train_loss=0.3278 train_rmse=0.0445 val_rmse=0.0455 val_r2=0.6402 val_mape=3.96%
    ep  34 (6.3s): train_loss=0.3204 train_rmse=0.0439 val_rmse=0.0471 val_r2=0.6142 val_mape=4.12%
    ep  35 (6.7s): train_loss=0.3230 train_rmse=0.0441 val_rmse=0.0454 val_r2=0.6416 val_mape=3.89%
    ep  36 (6.8s): train_loss=0.3101 train_rmse=0.0432 val_rmse=0.0461 val_r2=0.6309 val_mape=3.96%
    ep  37 (6.7s): train_loss=0.3041 train_rmse=0.0428 val_rmse=0.0464 val_r2=0.6256 val_mape=3.95%
    ep  38 (6.6s): train_loss=0.3049 train_rmse=0.0429 val_rmse=0.0463 val_r2=0.6274 val_mape=4.13%
    ep  39 (6.5s): train_loss=0.3124 train_rmse=0.0434 val_rmse=0.0455 val_r2=0.6404 val_mape=3.96%
    ep  40 (6.4s): train_loss=0.3023 train_rmse=0.0427 val_rmse=0.0451 val_r2=0.6458 val_mape=3.86%
    ep  41 (6.4s): train_loss=0.2991 train_rmse=0.0425 val_rmse=0.0452 val_r2=0.6448 val_mape=3.83%
    ep  42 (6.4s): train_loss=0.3003 train_rmse=0.0426 val_rmse=0.0452 val_r2=0.6451 val_mape=3.85%
    ep  43 (6.4s): train_loss=0.3001 train_rmse=0.0425 val_rmse=0.0455 val_r2=0.6407 val_mape=4.21%
    ep  44 (6.4s): train_loss=0.3118 train_rmse=0.0434 val_rmse=0.0478 val_r2=0.6030 val_mape=4.24%
    ep  45 (6.4s): train_loss=0.2954 train_rmse=0.0422 val_rmse=0.0447 val_r2=0.6532 val_mape=3.91%
    ep  46 (6.4s): train_loss=0.2965 train_rmse=0.0423 val_rmse=0.0448 val_r2=0.6520 val_mape=3.82%
    ep  47 (6.4s): train_loss=0.2907 train_rmse=0.0419 val_rmse=0.0450 val_r2=0.6479 val_mape=3.85%
    ep  48 (6.4s): train_loss=0.2909 train_rmse=0.0419 val_rmse=0.0449 val_r2=0.6503 val_mape=3.83%
    ep  49 (6.4s): train_loss=0.2932 train_rmse=0.0420 val_rmse=0.0445 val_r2=0.6557 val_mape=3.88%
    ep  50 (6.4s): train_loss=0.2915 train_rmse=0.0419 val_rmse=0.0447 val_r2=0.6525 val_mape=3.87%
    ep  51 (6.4s): train_loss=0.2854 train_rmse=0.0415 val_rmse=0.0447 val_r2=0.6527 val_mape=3.88%
    ep  52 (6.4s): train_loss=0.2871 train_rmse=0.0416 val_rmse=0.0445 val_r2=0.6555 val_mape=3.88%
    ep  53 (6.4s): train_loss=0.2846 train_rmse=0.0414 val_rmse=0.0447 val_r2=0.6527 val_mape=3.88%
    ep  54 (6.4s): train_loss=0.2870 train_rmse=0.0416 val_rmse=0.0447 val_r2=0.6529 val_mape=3.95%
    ep  55 (6.4s): train_loss=0.2832 train_rmse=0.0413 val_rmse=0.0450 val_r2=0.6479 val_mape=3.97%
    ep  56 (6.5s): train_loss=0.2789 train_rmse=0.0410 val_rmse=0.0445 val_r2=0.6558 val_mape=3.90%
    ep  57 (6.4s): train_loss=0.2830 train_rmse=0.0413 val_rmse=0.0448 val_r2=0.6520 val_mape=4.00%
    ep  58 (6.4s): train_loss=0.2800 train_rmse=0.0411 val_rmse=0.0448 val_r2=0.6518 val_mape=3.97%
    ep  59 (6.4s): train_loss=0.2807 train_rmse=0.0411 val_rmse=0.0449 val_r2=0.6497 val_mape=3.99%
    ep  60 (6.4s): train_loss=0.2833 train_rmse=0.0413 val_rmse=0.0444 val_r2=0.6578 val_mape=3.96%
    ep  61 (6.4s): train_loss=0.3007 train_rmse=0.0426 val_rmse=0.0444 val_r2=0.6580 val_mape=3.95%
    ep  62 (6.3s): train_loss=0.2858 train_rmse=0.0415 val_rmse=0.0446 val_r2=0.6547 val_mape=3.93%
    ep  63 (6.4s): train_loss=0.2824 train_rmse=0.0413 val_rmse=0.0439 val_r2=0.6650 val_mape=3.88%
    ep  64 (6.4s): train_loss=0.2800 train_rmse=0.0411 val_rmse=0.0449 val_r2=0.6495 val_mape=3.96%
    ep  65 (6.3s): train_loss=0.2754 train_rmse=0.0407 val_rmse=0.0442 val_r2=0.6602 val_mape=3.91%
    ep  66 (6.3s): train_loss=0.2771 train_rmse=0.0409 val_rmse=0.0445 val_r2=0.6563 val_mape=3.93%
    ep  67 (6.3s): train_loss=0.2765 train_rmse=0.0408 val_rmse=0.0444 val_r2=0.6567 val_mape=3.93%
    ep  68 (6.3s): train_loss=0.2756 train_rmse=0.0408 val_rmse=0.0446 val_r2=0.6543 val_mape=3.94%
    ep  69 (6.3s): train_loss=0.2750 train_rmse=0.0407 val_rmse=0.0443 val_r2=0.6588 val_mape=3.91%
    ep  70 (6.4s): train_loss=0.2744 train_rmse=0.0407 val_rmse=0.0442 val_r2=0.6611 val_mape=3.92%
    ep  71 (6.3s): train_loss=0.2720 train_rmse=0.0405 val_rmse=0.0442 val_r2=0.6600 val_mape=3.91%
    ep  72 (6.3s): train_loss=0.2755 train_rmse=0.0408 val_rmse=0.0444 val_r2=0.6570 val_mape=3.92%
    ep  73 (6.3s): train_loss=0.2748 train_rmse=0.0407 val_rmse=0.0443 val_r2=0.6594 val_mape=3.92%
    ep  74 (6.3s): train_loss=0.2760 train_rmse=0.0408 val_rmse=0.0443 val_r2=0.6588 val_mape=3.92%
    ep  75 (6.4s): train_loss=0.2742 train_rmse=0.0407 val_rmse=0.0443 val_r2=0.6582 val_mape=3.92%
    ep  76 (6.4s): train_loss=0.2721 train_rmse=0.0405 val_rmse=0.0444 val_r2=0.6582 val_mape=3.92%
    ep  77 (6.3s): train_loss=0.2742 train_rmse=0.0407 val_rmse=0.0443 val_r2=0.6582 val_mape=3.92%
    ep  78 (6.3s): train_loss=0.2739 train_rmse=0.0406 val_rmse=0.0443 val_r2=0.6582 val_mape=3.92%
    early stop @ epoch 78 (best 63, val_rmse=0.0439)
    final: rmse=0.0439  mae=0.0251  r2=0.6650  mape=3.88%  (770.2s, best_ep=63)
  -- fold 2 --
    [seed] reset RNG for target/fold: 44
    [fold-norm] fit on 71 train wafers (fold 2)...
    [fold-norm] done (166.8s)
    target oxide_etch stats: mean=0.6577 std=0.0775
    [oes-band] correlation selection: stat=late_mean, top_k=256, train_wafers=71
    [oes-band] selected 256/3648 wavelengths (max|corr|=0.619, min selected |corr|=0.367, 76.1s)
    [aux] wafer-mean aux head ENABLED, weight=0.3
    ep   0 (26.5s): train_loss=1.0183 train_rmse=0.0782 val_rmse=0.0760 val_r2=0.0133 val_mape=9.25%
    ep   1 (6.7s): train_loss=0.9853 train_rmse=0.0769 val_rmse=0.0754 val_r2=0.0307 val_mape=9.17%
    ep   2 (6.3s): train_loss=0.9664 train_rmse=0.0762 val_rmse=0.0747 val_r2=0.0481 val_mape=9.03%
    ep   3 (6.2s): train_loss=0.9532 train_rmse=0.0756 val_rmse=0.0741 val_r2=0.0634 val_mape=8.96%
    ep   4 (6.2s): train_loss=0.8588 train_rmse=0.0718 val_rmse=0.0723 val_r2=0.1070 val_mape=8.97%
    ep   5 (6.3s): train_loss=0.6559 train_rmse=0.0628 val_rmse=0.0679 val_r2=0.2122 val_mape=8.40%
    ep   6 (6.3s): train_loss=0.6086 train_rmse=0.0604 val_rmse=0.0647 val_r2=0.2845 val_mape=7.70%
    ep   7 (6.2s): train_loss=0.5181 train_rmse=0.0558 val_rmse=0.0654 val_r2=0.2703 val_mape=7.18%
    ep   8 (6.3s): train_loss=0.4668 train_rmse=0.0529 val_rmse=0.0751 val_r2=0.0377 val_mape=7.49%
    ep   9 (6.3s): train_loss=0.4287 train_rmse=0.0507 val_rmse=0.0660 val_r2=0.2559 val_mape=6.67%
    ep  10 (6.3s): train_loss=0.4050 train_rmse=0.0493 val_rmse=0.0639 val_r2=0.3035 val_mape=6.37%
    ep  11 (6.3s): train_loss=0.3911 train_rmse=0.0485 val_rmse=0.0722 val_r2=0.1111 val_mape=7.07%
    ep  12 (6.2s): train_loss=0.3936 train_rmse=0.0486 val_rmse=0.0673 val_r2=0.2275 val_mape=6.53%
    ep  13 (6.2s): train_loss=0.3913 train_rmse=0.0485 val_rmse=0.0635 val_r2=0.3110 val_mape=5.92%
    ep  14 (6.3s): train_loss=0.3644 train_rmse=0.0468 val_rmse=0.0629 val_r2=0.3248 val_mape=6.05%
    ep  15 (6.3s): train_loss=0.3458 train_rmse=0.0456 val_rmse=0.0667 val_r2=0.2399 val_mape=6.12%
    ep  16 (6.3s): train_loss=0.3465 train_rmse=0.0456 val_rmse=0.0752 val_r2=0.0346 val_mape=6.73%
    ep  17 (6.2s): train_loss=0.3401 train_rmse=0.0452 val_rmse=0.0614 val_r2=0.3568 val_mape=5.60%
    ep  18 (6.2s): train_loss=0.3233 train_rmse=0.0441 val_rmse=0.0672 val_r2=0.2301 val_mape=6.26%
    ep  19 (6.3s): train_loss=0.3186 train_rmse=0.0437 val_rmse=0.0627 val_r2=0.3291 val_mape=5.63%
    ep  20 (6.2s): train_loss=0.3163 train_rmse=0.0436 val_rmse=0.0711 val_r2=0.1378 val_mape=6.10%
    ep  21 (6.2s): train_loss=0.3224 train_rmse=0.0440 val_rmse=0.0582 val_r2=0.4219 val_mape=5.25%
    ep  22 (6.2s): train_loss=0.3132 train_rmse=0.0434 val_rmse=0.0612 val_r2=0.3598 val_mape=5.47%
    ep  23 (6.2s): train_loss=0.3058 train_rmse=0.0428 val_rmse=0.0626 val_r2=0.3316 val_mape=5.48%
    ep  24 (6.2s): train_loss=0.2926 train_rmse=0.0419 val_rmse=0.0581 val_r2=0.4234 val_mape=5.30%
    ep  25 (6.3s): train_loss=0.2944 train_rmse=0.0420 val_rmse=0.0619 val_r2=0.3456 val_mape=5.89%
    ep  26 (6.2s): train_loss=0.2879 train_rmse=0.0416 val_rmse=0.0600 val_r2=0.3862 val_mape=5.52%
    ep  27 (6.2s): train_loss=0.2871 train_rmse=0.0415 val_rmse=0.0596 val_r2=0.3936 val_mape=5.33%
    ep  28 (6.2s): train_loss=0.2740 train_rmse=0.0406 val_rmse=0.0567 val_r2=0.4510 val_mape=4.99%
    ep  29 (6.3s): train_loss=0.2628 train_rmse=0.0397 val_rmse=0.0601 val_r2=0.3830 val_mape=5.42%
    ep  30 (6.2s): train_loss=0.2845 train_rmse=0.0413 val_rmse=0.0614 val_r2=0.3560 val_mape=5.62%
    ep  31 (6.2s): train_loss=0.2673 train_rmse=0.0401 val_rmse=0.0583 val_r2=0.4208 val_mape=5.11%
    ep  32 (6.3s): train_loss=0.2608 train_rmse=0.0396 val_rmse=0.0689 val_r2=0.1888 val_mape=5.88%
    ep  33 (6.2s): train_loss=0.2853 train_rmse=0.0414 val_rmse=0.0732 val_r2=0.0858 val_mape=5.94%
    ep  34 (6.2s): train_loss=0.2775 train_rmse=0.0408 val_rmse=0.0675 val_r2=0.2211 val_mape=5.66%
    ep  35 (6.2s): train_loss=0.2661 train_rmse=0.0400 val_rmse=0.0617 val_r2=0.3509 val_mape=5.22%
    ep  36 (6.3s): train_loss=0.2603 train_rmse=0.0395 val_rmse=0.0598 val_r2=0.3890 val_mape=5.02%
    ep  37 (6.3s): train_loss=0.2475 train_rmse=0.0385 val_rmse=0.0607 val_r2=0.3709 val_mape=5.27%
    ep  38 (6.3s): train_loss=0.2547 train_rmse=0.0391 val_rmse=0.0586 val_r2=0.4141 val_mape=4.97%
    ep  39 (6.3s): train_loss=0.2469 train_rmse=0.0385 val_rmse=0.0591 val_r2=0.4028 val_mape=5.08%
    ep  40 (6.3s): train_loss=0.2451 train_rmse=0.0384 val_rmse=0.0573 val_r2=0.4401 val_mape=4.87%
    ep  41 (6.3s): train_loss=0.2477 train_rmse=0.0386 val_rmse=0.0581 val_r2=0.4246 val_mape=5.23%
    ep  42 (6.3s): train_loss=0.2515 train_rmse=0.0389 val_rmse=0.0579 val_r2=0.4278 val_mape=5.03%
    ep  43 (6.3s): train_loss=0.2444 train_rmse=0.0383 val_rmse=0.0579 val_r2=0.4282 val_mape=4.87%
    early stop @ epoch 43 (best 28, val_rmse=0.0567)
    final: rmse=0.0567  mae=0.0329  r2=0.4510  mape=4.99%  (540.0s, best_ep=28)
  -- fold 3 --
    [seed] reset RNG for target/fold: 45
    [fold-norm] fit on 70 train wafers (fold 3)...
    [fold-norm] done (152.9s)
    target oxide_etch stats: mean=0.6565 std=0.0773
    [oes-band] correlation selection: stat=late_mean, top_k=256, train_wafers=70
    [oes-band] selected 256/3648 wavelengths (max|corr|=0.606, min selected |corr|=0.339, 74.9s)
    [aux] wafer-mean aux head ENABLED, weight=0.3
    ep   0 (18.4s): train_loss=0.9995 train_rmse=0.0773 val_rmse=0.0764 val_r2=0.0123 val_mape=9.13%
    ep   1 (7.1s): train_loss=0.9868 train_rmse=0.0768 val_rmse=0.0764 val_r2=0.0130 val_mape=9.05%
    ep   2 (6.3s): train_loss=0.9603 train_rmse=0.0758 val_rmse=0.0750 val_r2=0.0482 val_mape=8.80%
    ep   3 (6.5s): train_loss=0.9979 train_rmse=0.0772 val_rmse=0.0785 val_r2=-0.0400 val_mape=9.20%
    ep   4 (6.5s): train_loss=0.9802 train_rmse=0.0766 val_rmse=0.0753 val_r2=0.0417 val_mape=8.79%
    ep   5 (6.4s): train_loss=0.9156 train_rmse=0.0740 val_rmse=0.0697 val_r2=0.1790 val_mape=8.05%
    ep   6 (6.4s): train_loss=0.7421 train_rmse=0.0666 val_rmse=0.0641 val_r2=0.3067 val_mape=7.57%
    ep   7 (6.4s): train_loss=0.6588 train_rmse=0.0628 val_rmse=0.0608 val_r2=0.3750 val_mape=7.23%
    ep   8 (6.5s): train_loss=0.6551 train_rmse=0.0626 val_rmse=0.0626 val_r2=0.3386 val_mape=6.91%
    ep   9 (6.5s): train_loss=0.6389 train_rmse=0.0618 val_rmse=0.0568 val_r2=0.4547 val_mape=6.20%
    ep  10 (6.5s): train_loss=0.5500 train_rmse=0.0573 val_rmse=0.0542 val_r2=0.5033 val_mape=5.59%
    ep  11 (6.5s): train_loss=0.4787 train_rmse=0.0535 val_rmse=0.0507 val_r2=0.5655 val_mape=5.14%
    ep  12 (6.4s): train_loss=0.4533 train_rmse=0.0521 val_rmse=0.0504 val_r2=0.5707 val_mape=5.06%
    ep  13 (6.4s): train_loss=0.4455 train_rmse=0.0516 val_rmse=0.0498 val_r2=0.5802 val_mape=4.76%
    ep  14 (6.4s): train_loss=0.4379 train_rmse=0.0512 val_rmse=0.0497 val_r2=0.5819 val_mape=4.67%
    ep  15 (6.5s): train_loss=0.4217 train_rmse=0.0502 val_rmse=0.0484 val_r2=0.6037 val_mape=4.73%
    ep  16 (6.5s): train_loss=0.4202 train_rmse=0.0501 val_rmse=0.0486 val_r2=0.6008 val_mape=4.41%
    ep  17 (6.5s): train_loss=0.4033 train_rmse=0.0491 val_rmse=0.0475 val_r2=0.6191 val_mape=4.30%
    ep  18 (6.4s): train_loss=0.3953 train_rmse=0.0486 val_rmse=0.0469 val_r2=0.6290 val_mape=4.39%
    ep  19 (6.3s): train_loss=0.3948 train_rmse=0.0486 val_rmse=0.0482 val_r2=0.6079 val_mape=4.31%
    ep  20 (6.3s): train_loss=0.3862 train_rmse=0.0480 val_rmse=0.0464 val_r2=0.6364 val_mape=4.13%
    ep  21 (6.3s): train_loss=0.3796 train_rmse=0.0476 val_rmse=0.0457 val_r2=0.6467 val_mape=4.16%
    ep  22 (6.3s): train_loss=0.3714 train_rmse=0.0471 val_rmse=0.0466 val_r2=0.6330 val_mape=4.06%
    ep  23 (6.3s): train_loss=0.3855 train_rmse=0.0480 val_rmse=0.0460 val_r2=0.6427 val_mape=4.34%
    ep  24 (6.3s): train_loss=0.3696 train_rmse=0.0470 val_rmse=0.0461 val_r2=0.6408 val_mape=4.28%
    ep  25 (6.2s): train_loss=0.3693 train_rmse=0.0470 val_rmse=0.0454 val_r2=0.6520 val_mape=4.14%
    ep  26 (6.3s): train_loss=0.3646 train_rmse=0.0467 val_rmse=0.0446 val_r2=0.6635 val_mape=3.85%
    ep  27 (6.3s): train_loss=0.3660 train_rmse=0.0468 val_rmse=0.0440 val_r2=0.6735 val_mape=3.76%
    ep  28 (6.3s): train_loss=0.3939 train_rmse=0.0485 val_rmse=0.0464 val_r2=0.6356 val_mape=3.98%
    ep  29 (6.4s): train_loss=0.3709 train_rmse=0.0471 val_rmse=0.0440 val_r2=0.6730 val_mape=3.86%
    ep  30 (6.3s): train_loss=0.3624 train_rmse=0.0465 val_rmse=0.0437 val_r2=0.6776 val_mape=3.78%
    ep  31 (6.4s): train_loss=0.3502 train_rmse=0.0458 val_rmse=0.0440 val_r2=0.6725 val_mape=3.64%
    ep  32 (6.5s): train_loss=0.3468 train_rmse=0.0455 val_rmse=0.0436 val_r2=0.6787 val_mape=3.66%
    ep  33 (6.3s): train_loss=0.3377 train_rmse=0.0449 val_rmse=0.0434 val_r2=0.6822 val_mape=3.64%
    ep  34 (6.3s): train_loss=0.3402 train_rmse=0.0451 val_rmse=0.0434 val_r2=0.6824 val_mape=3.68%
    ep  35 (6.3s): train_loss=0.3384 train_rmse=0.0450 val_rmse=0.0432 val_r2=0.6845 val_mape=3.63%
    ep  36 (6.4s): train_loss=0.3344 train_rmse=0.0447 val_rmse=0.0429 val_r2=0.6888 val_mape=3.67%
    ep  37 (6.3s): train_loss=0.3337 train_rmse=0.0447 val_rmse=0.0423 val_r2=0.6981 val_mape=3.43%
    ep  38 (6.3s): train_loss=0.3297 train_rmse=0.0444 val_rmse=0.0424 val_r2=0.6958 val_mape=3.55%
    ep  39 (6.7s): train_loss=0.3284 train_rmse=0.0443 val_rmse=0.0430 val_r2=0.6869 val_mape=3.66%
    ep  40 (6.8s): train_loss=0.3270 train_rmse=0.0442 val_rmse=0.0426 val_r2=0.6932 val_mape=3.62%
    ep  41 (6.5s): train_loss=0.3301 train_rmse=0.0444 val_rmse=0.0420 val_r2=0.7019 val_mape=3.57%
    ep  42 (6.4s): train_loss=0.3174 train_rmse=0.0436 val_rmse=0.0417 val_r2=0.7060 val_mape=3.51%
    ep  43 (6.3s): train_loss=0.3215 train_rmse=0.0438 val_rmse=0.0418 val_r2=0.7049 val_mape=3.56%
    ep  44 (6.3s): train_loss=0.3613 train_rmse=0.0465 val_rmse=0.0466 val_r2=0.6333 val_mape=4.34%
    ep  45 (6.3s): train_loss=0.3704 train_rmse=0.0471 val_rmse=0.0448 val_r2=0.6609 val_mape=4.40%
    ep  46 (6.3s): train_loss=0.3425 train_rmse=0.0453 val_rmse=0.0413 val_r2=0.7114 val_mape=3.37%
    ep  47 (6.2s): train_loss=0.3366 train_rmse=0.0449 val_rmse=0.0418 val_r2=0.7042 val_mape=3.50%
    ep  48 (6.3s): train_loss=0.3262 train_rmse=0.0442 val_rmse=0.0411 val_r2=0.7143 val_mape=3.33%
    ep  49 (6.4s): train_loss=0.3228 train_rmse=0.0439 val_rmse=0.0417 val_r2=0.7058 val_mape=3.43%
    ep  50 (6.5s): train_loss=0.3230 train_rmse=0.0439 val_rmse=0.0411 val_r2=0.7152 val_mape=3.36%
    ep  51 (6.4s): train_loss=0.3182 train_rmse=0.0436 val_rmse=0.0420 val_r2=0.7017 val_mape=3.51%
    ep  52 (6.5s): train_loss=0.3201 train_rmse=0.0437 val_rmse=0.0406 val_r2=0.7214 val_mape=3.39%
    ep  53 (6.5s): train_loss=0.3155 train_rmse=0.0434 val_rmse=0.0409 val_r2=0.7172 val_mape=3.45%
    ep  54 (6.4s): train_loss=0.3165 train_rmse=0.0435 val_rmse=0.0415 val_r2=0.7088 val_mape=3.56%
    ep  55 (6.6s): train_loss=0.3149 train_rmse=0.0434 val_rmse=0.0409 val_r2=0.7169 val_mape=3.45%
    ep  56 (6.5s): train_loss=0.3120 train_rmse=0.0432 val_rmse=0.0401 val_r2=0.7282 val_mape=3.36%
    ep  57 (6.4s): train_loss=0.3109 train_rmse=0.0431 val_rmse=0.0409 val_r2=0.7179 val_mape=3.51%
    ep  58 (6.4s): train_loss=0.3056 train_rmse=0.0427 val_rmse=0.0402 val_r2=0.7271 val_mape=3.40%
    ep  59 (6.5s): train_loss=0.3104 train_rmse=0.0431 val_rmse=0.0415 val_r2=0.7087 val_mape=3.66%
    ep  60 (6.6s): train_loss=0.3085 train_rmse=0.0429 val_rmse=0.0411 val_r2=0.7150 val_mape=3.55%
    ep  61 (6.5s): train_loss=0.3039 train_rmse=0.0426 val_rmse=0.0407 val_r2=0.7203 val_mape=3.54%
    ep  62 (6.5s): train_loss=0.3051 train_rmse=0.0427 val_rmse=0.0402 val_r2=0.7270 val_mape=3.49%
    ep  63 (6.4s): train_loss=0.3015 train_rmse=0.0425 val_rmse=0.0405 val_r2=0.7225 val_mape=3.53%
    ep  64 (6.3s): train_loss=0.3014 train_rmse=0.0425 val_rmse=0.0394 val_r2=0.7374 val_mape=3.39%
    ep  65 (6.3s): train_loss=0.3074 train_rmse=0.0429 val_rmse=0.0403 val_r2=0.7252 val_mape=3.53%
    ep  66 (6.2s): train_loss=0.3065 train_rmse=0.0428 val_rmse=0.0403 val_r2=0.7262 val_mape=3.51%
    ep  67 (6.3s): train_loss=0.2988 train_rmse=0.0423 val_rmse=0.0401 val_r2=0.7289 val_mape=3.49%
    ep  68 (6.3s): train_loss=0.2995 train_rmse=0.0423 val_rmse=0.0398 val_r2=0.7327 val_mape=3.45%
    ep  69 (6.5s): train_loss=0.2982 train_rmse=0.0422 val_rmse=0.0401 val_r2=0.7283 val_mape=3.50%
    ep  70 (6.7s): train_loss=0.2959 train_rmse=0.0421 val_rmse=0.0406 val_r2=0.7211 val_mape=3.57%
    ep  71 (6.6s): train_loss=0.2975 train_rmse=0.0422 val_rmse=0.0399 val_r2=0.7305 val_mape=3.48%
    ep  72 (6.4s): train_loss=0.2941 train_rmse=0.0419 val_rmse=0.0404 val_r2=0.7245 val_mape=3.54%
    ep  73 (6.4s): train_loss=0.2930 train_rmse=0.0419 val_rmse=0.0405 val_r2=0.7223 val_mape=3.56%
    ep  74 (6.4s): train_loss=0.2913 train_rmse=0.0417 val_rmse=0.0404 val_r2=0.7239 val_mape=3.54%
    ep  75 (6.2s): train_loss=0.2901 train_rmse=0.0416 val_rmse=0.0403 val_r2=0.7261 val_mape=3.52%
    ep  76 (6.3s): train_loss=0.2934 train_rmse=0.0419 val_rmse=0.0403 val_r2=0.7251 val_mape=3.54%
    ep  77 (6.3s): train_loss=0.2912 train_rmse=0.0417 val_rmse=0.0402 val_r2=0.7271 val_mape=3.52%
    ep  78 (6.3s): train_loss=0.2943 train_rmse=0.0419 val_rmse=0.0402 val_r2=0.7269 val_mape=3.52%
    ep  79 (6.6s): train_loss=0.2927 train_rmse=0.0418 val_rmse=0.0402 val_r2=0.7269 val_mape=3.52%
    early stop @ epoch 79 (best 64, val_rmse=0.0394)
    final: rmse=0.0394  mae=0.0231  r2=0.7374  mape=3.39%  (753.2s, best_ep=64)
  -- fold 4 --
    [seed] reset RNG for target/fold: 46
    [fold-norm] fit on 70 train wafers (fold 4)...
    [fold-norm] done (168.2s)
    target oxide_etch stats: mean=0.6594 std=0.0768
    [oes-band] correlation selection: stat=late_mean, top_k=256, train_wafers=70
    [oes-band] selected 256/3648 wavelengths (max|corr|=0.584, min selected |corr|=0.332, 74.1s)
    [aux] wafer-mean aux head ENABLED, weight=0.3
    ep   0 (64.3s): train_loss=1.0564 train_rmse=0.0789 val_rmse=0.0787 val_r2=0.0102 val_mape=9.85%
    ep   1 (7.2s): train_loss=0.9926 train_rmse=0.0765 val_rmse=0.0785 val_r2=0.0155 val_mape=9.84%
    ep   2 (6.5s): train_loss=0.9706 train_rmse=0.0756 val_rmse=0.0784 val_r2=0.0193 val_mape=9.79%
    ep   3 (6.5s): train_loss=0.9627 train_rmse=0.0753 val_rmse=0.0776 val_r2=0.0369 val_mape=9.61%
    ep   4 (6.3s): train_loss=0.9484 train_rmse=0.0748 val_rmse=0.0774 val_r2=0.0436 val_mape=9.51%
    ep   5 (6.3s): train_loss=0.9453 train_rmse=0.0747 val_rmse=0.0775 val_r2=0.0417 val_mape=9.54%
    ep   6 (6.3s): train_loss=0.9422 train_rmse=0.0745 val_rmse=0.0768 val_r2=0.0572 val_mape=9.35%
    ep   7 (6.3s): train_loss=0.9479 train_rmse=0.0748 val_rmse=0.0771 val_r2=0.0517 val_mape=9.43%
    ep   8 (6.3s): train_loss=0.9419 train_rmse=0.0745 val_rmse=0.0767 val_r2=0.0591 val_mape=9.35%
    ep   9 (6.3s): train_loss=0.9361 train_rmse=0.0743 val_rmse=0.0766 val_r2=0.0634 val_mape=9.31%
    ep  10 (6.4s): train_loss=0.9226 train_rmse=0.0738 val_rmse=0.0768 val_r2=0.0580 val_mape=9.34%
    ep  11 (6.2s): train_loss=0.9192 train_rmse=0.0736 val_rmse=0.0763 val_r2=0.0693 val_mape=9.22%
    ep  12 (6.3s): train_loss=0.9220 train_rmse=0.0737 val_rmse=0.0760 val_r2=0.0779 val_mape=9.12%
    ep  13 (6.3s): train_loss=0.9215 train_rmse=0.0737 val_rmse=0.0760 val_r2=0.0774 val_mape=9.13%
    ep  14 (6.3s): train_loss=0.9068 train_rmse=0.0731 val_rmse=0.0758 val_r2=0.0822 val_mape=9.07%
    ep  15 (6.3s): train_loss=0.9027 train_rmse=0.0730 val_rmse=0.0758 val_r2=0.0833 val_mape=9.06%
    ep  16 (6.3s): train_loss=0.9002 train_rmse=0.0728 val_rmse=0.0753 val_r2=0.0950 val_mape=8.92%
    ep  17 (6.3s): train_loss=0.8986 train_rmse=0.0728 val_rmse=0.0757 val_r2=0.0851 val_mape=9.10%
    ep  18 (6.3s): train_loss=0.8890 train_rmse=0.0724 val_rmse=0.0757 val_r2=0.0857 val_mape=9.05%
    ep  19 (6.4s): train_loss=0.8845 train_rmse=0.0722 val_rmse=0.0765 val_r2=0.0650 val_mape=9.24%
    ep  20 (6.5s): train_loss=0.8879 train_rmse=0.0724 val_rmse=0.0758 val_r2=0.0827 val_mape=9.05%
    ep  21 (6.4s): train_loss=0.8855 train_rmse=0.0723 val_rmse=0.0748 val_r2=0.1071 val_mape=8.87%
    ep  22 (6.5s): train_loss=0.8704 train_rmse=0.0716 val_rmse=0.0771 val_r2=0.0492 val_mape=9.48%
    ep  23 (6.4s): train_loss=0.8832 train_rmse=0.0722 val_rmse=0.0752 val_r2=0.0978 val_mape=8.81%
    ep  24 (6.4s): train_loss=0.8659 train_rmse=0.0714 val_rmse=0.0734 val_r2=0.1404 val_mape=8.49%
    ep  25 (6.3s): train_loss=0.8782 train_rmse=0.0720 val_rmse=0.0738 val_r2=0.1304 val_mape=8.58%
    ep  26 (6.3s): train_loss=0.8469 train_rmse=0.0707 val_rmse=0.0734 val_r2=0.1399 val_mape=8.72%
    ep  27 (6.3s): train_loss=0.8546 train_rmse=0.0710 val_rmse=0.0728 val_r2=0.1534 val_mape=8.45%
    ep  28 (6.3s): train_loss=0.7992 train_rmse=0.0686 val_rmse=0.0737 val_r2=0.1322 val_mape=8.75%
    ep  29 (6.3s): train_loss=0.7559 train_rmse=0.0668 val_rmse=0.0761 val_r2=0.0747 val_mape=9.08%
    ep  30 (6.3s): train_loss=0.8370 train_rmse=0.0702 val_rmse=0.0771 val_r2=0.0506 val_mape=9.14%
    ep  31 (6.3s): train_loss=0.8376 train_rmse=0.0703 val_rmse=0.0739 val_r2=0.1283 val_mape=8.42%
    ep  32 (6.3s): train_loss=0.7691 train_rmse=0.0673 val_rmse=0.0738 val_r2=0.1293 val_mape=8.42%
    ep  33 (6.3s): train_loss=0.7268 train_rmse=0.0655 val_rmse=0.0784 val_r2=0.0180 val_mape=9.20%
    ep  34 (6.3s): train_loss=0.7709 train_rmse=0.0674 val_rmse=0.0770 val_r2=0.0537 val_mape=8.89%
    ep  35 (6.3s): train_loss=0.6927 train_rmse=0.0639 val_rmse=0.0707 val_r2=0.2015 val_mape=7.79%
    ep  36 (6.3s): train_loss=0.7444 train_rmse=0.0662 val_rmse=0.0764 val_r2=0.0681 val_mape=8.52%
    ep  37 (6.3s): train_loss=0.6869 train_rmse=0.0636 val_rmse=0.0736 val_r2=0.1336 val_mape=8.30%
    ep  38 (6.3s): train_loss=0.6086 train_rmse=0.0599 val_rmse=0.0735 val_r2=0.1373 val_mape=7.98%
    ep  39 (6.3s): train_loss=0.6137 train_rmse=0.0602 val_rmse=0.0749 val_r2=0.1031 val_mape=8.16%
    ep  40 (6.3s): train_loss=0.6053 train_rmse=0.0597 val_rmse=0.0746 val_r2=0.1121 val_mape=8.22%
    ep  41 (6.2s): train_loss=0.6039 train_rmse=0.0597 val_rmse=0.0729 val_r2=0.1504 val_mape=7.34%
    ep  42 (6.2s): train_loss=0.6840 train_rmse=0.0635 val_rmse=0.0743 val_r2=0.1189 val_mape=7.99%
    ep  43 (6.3s): train_loss=0.5923 train_rmse=0.0591 val_rmse=0.0720 val_r2=0.1718 val_mape=7.75%
    ep  44 (6.3s): train_loss=0.5454 train_rmse=0.0567 val_rmse=0.0718 val_r2=0.1756 val_mape=7.54%
    ep  45 (6.3s): train_loss=0.5503 train_rmse=0.0570 val_rmse=0.0734 val_r2=0.1392 val_mape=7.79%
    ep  46 (6.3s): train_loss=0.5376 train_rmse=0.0563 val_rmse=0.0733 val_r2=0.1411 val_mape=7.73%
    ep  47 (6.3s): train_loss=0.5167 train_rmse=0.0552 val_rmse=0.0741 val_r2=0.1231 val_mape=7.80%
    ep  48 (6.3s): train_loss=0.5463 train_rmse=0.0568 val_rmse=0.0745 val_r2=0.1126 val_mape=8.05%
    ep  49 (6.3s): train_loss=0.5413 train_rmse=0.0565 val_rmse=0.0755 val_r2=0.0887 val_mape=8.05%
    ep  50 (6.3s): train_loss=0.4963 train_rmse=0.0541 val_rmse=0.0740 val_r2=0.1259 val_mape=7.78%
    early stop @ epoch 50 (best 35, val_rmse=0.0707)
    final: rmse=0.0707  mae=0.0473  r2=0.2015  mape=7.79%  (624.3s, best_ep=35)
  AGG    rmse=0.0499±0.0122  r2=0.5609±0.2092