Experiment dir: outputs\experiments\2026-05-01_13-00_dl-oes-only-singlefold
Config: configs\exp_dl_oes_only.yaml
Device: cuda  (CUDA=True)
Cache: cache\v1  |  split: splits/kfold5_wafer.npz (StratifiedGroupKFold(n_splits=5, stratify=lot, group=wafer), 1 folds)
Targets: ['oxide_etch', 'si_etch']  |  modality: oes

[setup] loading 88 wafers (one-time, shared across folds)...
[setup] done in 167.8s  (discover=0.2 load=167.6)
[setup] proc channels kept: 31
[setup] normalisation deferred to per-fold (no val leakage)

=== Target: oxide_etch ===
  -- fold 0 --
    [fold-norm] fit on 70 train wafers (fold 0)...
    [fold-norm] done (110.5s)
    target oxide_etch stats: mean=0.6587 std=0.0773
    ep   0 (85.9s): train_loss=1.0440 train_rmse=0.0789 val_rmse=0.0768 val_r2=0.0172 val_mape=9.56%
    ep   1 (80.3s): train_loss=0.9862 train_rmse=0.0767 val_rmse=0.0760 val_r2=0.0364 val_mape=9.40%
    ep   2 (81.8s): train_loss=0.9521 train_rmse=0.0754 val_rmse=0.0747 val_r2=0.0686 val_mape=9.12%
    ep   3 (84.1s): train_loss=0.9389 train_rmse=0.0749 val_rmse=0.0743 val_r2=0.0805 val_mape=8.99%
    ep   4 (88.9s): train_loss=0.9343 train_rmse=0.0747 val_rmse=0.0743 val_r2=0.0801 val_mape=9.00%
    ep   5 (92.2s): train_loss=0.9210 train_rmse=0.0741 val_rmse=0.0741 val_r2=0.0839 val_mape=8.96%
    ep   6 (83.1s): train_loss=0.9240 train_rmse=0.0743 val_rmse=0.0735 val_r2=0.1000 val_mape=8.67%
    ep   7 (84.6s): train_loss=0.9236 train_rmse=0.0743 val_rmse=0.0734 val_r2=0.1023 val_mape=8.75%
    ep   8 (82.4s): train_loss=0.9153 train_rmse=0.0739 val_rmse=0.0730 val_r2=0.1121 val_mape=8.68%
    ep   9 (87.0s): train_loss=0.8973 train_rmse=0.0732 val_rmse=0.0725 val_r2=0.1233 val_mape=8.58%
    ep  10 (86.9s): train_loss=0.8902 train_rmse=0.0729 val_rmse=0.0720 val_r2=0.1349 val_mape=8.47%
    ep  11 (82.8s): train_loss=0.8840 train_rmse=0.0726 val_rmse=0.0726 val_r2=0.1220 val_mape=8.68%
    ep  12 (83.2s): train_loss=0.8707 train_rmse=0.0721 val_rmse=0.0715 val_r2=0.1487 val_mape=8.33%
    ep  13 (80.8s): train_loss=0.8677 train_rmse=0.0720 val_rmse=0.0719 val_r2=0.1390 val_mape=8.32%
    ep  14 (80.0s): train_loss=0.8556 train_rmse=0.0715 val_rmse=0.0717 val_r2=0.1438 val_mape=8.57%
    ep  15 (82.3s): train_loss=0.8714 train_rmse=0.0721 val_rmse=0.0708 val_r2=0.1650 val_mape=8.25%
    ep  16 (79.5s): train_loss=0.8527 train_rmse=0.0713 val_rmse=0.0700 val_r2=0.1821 val_mape=8.34%
    ep  17 (79.3s): train_loss=0.8413 train_rmse=0.0709 val_rmse=0.0718 val_r2=0.1407 val_mape=8.35%
    ep  18 (79.3s): train_loss=0.8484 train_rmse=0.0712 val_rmse=0.0810 val_r2=-0.0936 val_mape=9.44%
    ep  19 (80.2s): train_loss=0.8332 train_rmse=0.0705 val_rmse=0.0684 val_r2=0.2210 val_mape=8.01%
    ep  20 (82.3s): train_loss=0.8490 train_rmse=0.0712 val_rmse=0.0666 val_r2=0.2614 val_mape=7.76%
    ep  21 (85.1s): train_loss=0.8387 train_rmse=0.0708 val_rmse=0.0704 val_r2=0.1746 val_mape=8.18%
    ep  22 (84.6s): train_loss=0.8593 train_rmse=0.0716 val_rmse=0.0695 val_r2=0.1945 val_mape=8.07%
    ep  23 (85.4s): train_loss=0.8479 train_rmse=0.0711 val_rmse=0.0680 val_r2=0.2285 val_mape=7.91%
    ep  24 (96.5s): train_loss=0.8092 train_rmse=0.0695 val_rmse=0.0659 val_r2=0.2765 val_mape=8.12%
    ep  25 (96.3s): train_loss=0.8122 train_rmse=0.0696 val_rmse=0.0651 val_r2=0.2940 val_mape=7.85%
    ep  26 (89.8s): train_loss=0.8073 train_rmse=0.0694 val_rmse=0.0738 val_r2=0.0923 val_mape=9.25%
    ep  27 (85.2s): train_loss=0.8144 train_rmse=0.0697 val_rmse=0.0649 val_r2=0.2977 val_mape=7.65%
    ep  28 (85.7s): train_loss=0.7907 train_rmse=0.0687 val_rmse=0.0650 val_r2=0.2952 val_mape=7.69%
    ep  29 (84.6s): train_loss=0.7801 train_rmse=0.0682 val_rmse=0.0658 val_r2=0.2781 val_mape=7.94%
    ep  30 (87.5s): train_loss=0.7404 train_rmse=0.0665 val_rmse=0.0654 val_r2=0.2861 val_mape=8.00%
    ep  31 (88.8s): train_loss=0.7802 train_rmse=0.0682 val_rmse=0.0679 val_r2=0.2311 val_mape=8.14%
    ep  32 (89.1s): train_loss=0.7588 train_rmse=0.0673 val_rmse=0.0630 val_r2=0.3379 val_mape=7.58%
    ep  33 (86.7s): train_loss=0.7471 train_rmse=0.0668 val_rmse=0.0674 val_r2=0.2422 val_mape=8.08%
    ep  34 (87.7s): train_loss=0.7614 train_rmse=0.0674 val_rmse=0.0626 val_r2=0.3458 val_mape=7.52%
    ep  35 (96.3s): train_loss=0.7710 train_rmse=0.0678 val_rmse=0.0631 val_r2=0.3359 val_mape=7.57%
    ep  36 (108.6s): train_loss=0.7867 train_rmse=0.0685 val_rmse=0.0628 val_r2=0.3434 val_mape=7.51%
    ep  37 (100.7s): train_loss=0.7104 train_rmse=0.0651 val_rmse=0.0646 val_r2=0.3037 val_mape=7.73%
    ep  38 (98.0s): train_loss=0.7561 train_rmse=0.0672 val_rmse=0.0632 val_r2=0.3349 val_mape=7.57%
    ep  39 (96.8s): train_loss=0.7490 train_rmse=0.0669 val_rmse=0.0645 val_r2=0.3071 val_mape=7.71%
    final: rmse=0.0626  mae=0.0474  r2=0.3458  mape=7.52%  (3599.0s, best_ep=34)
  AGG    rmse=0.0626±0.0000  r2=0.3458±0.0000

=== Target: si_etch ===
  -- fold 0 --
    [fold-norm] reusing fold 0 fit from previous target
    target si_etch stats: mean=43.6490 std=3.6103
    ep   0 (96.7s): train_loss=0.8311 train_rmse=3.2912 val_rmse=2.5105 val_r2=0.5155 val_mape=4.62%
    ep   1 (97.9s): train_loss=0.2698 train_rmse=1.8753 val_rmse=1.0785 val_r2=0.9106 val_mape=1.91%
    ep   2 (103.0s): train_loss=0.0730 train_rmse=0.9755 val_rmse=0.6716 val_r2=0.9653 val_mape=1.25%
    ep   3 (99.9s): train_loss=0.0468 train_rmse=0.7806 val_rmse=0.5565 val_r2=0.9762 val_mape=1.00%
    ep   4 (97.4s): train_loss=0.0323 train_rmse=0.6493 val_rmse=0.6956 val_r2=0.9628 val_mape=1.17%
    ep   5 (97.3s): train_loss=0.0299 train_rmse=0.6245 val_rmse=0.5738 val_r2=0.9747 val_mape=0.98%
    ep   6 (99.0s): train_loss=0.0344 train_rmse=0.6696 val_rmse=0.6040 val_r2=0.9720 val_mape=1.02%
    ep   7 (99.9s): train_loss=0.0352 train_rmse=0.6774 val_rmse=0.4984 val_r2=0.9809 val_mape=0.94%
    ep   8 (98.7s): train_loss=0.0284 train_rmse=0.6083 val_rmse=0.6009 val_r2=0.9722 val_mape=1.08%
    ep   9 (100.5s): train_loss=0.0293 train_rmse=0.6175 val_rmse=0.5510 val_r2=0.9767 val_mape=0.94%
    ep  10 (98.4s): train_loss=0.0300 train_rmse=0.6255 val_rmse=0.5199 val_r2=0.9792 val_mape=0.97%
    ep  11 (100.7s): train_loss=0.0281 train_rmse=0.6055 val_rmse=0.4673 val_r2=0.9832 val_mape=0.89%
    ep  12 (99.3s): train_loss=0.0259 train_rmse=0.5814 val_rmse=0.4728 val_r2=0.9828 val_mape=0.86%
    ep  13 (96.7s): train_loss=0.0242 train_rmse=0.5615 val_rmse=0.4396 val_r2=0.9851 val_mape=0.84%
    ep  14 (98.5s): train_loss=0.0242 train_rmse=0.5612 val_rmse=0.4238 val_r2=0.9862 val_mape=0.81%
    ep  15 (97.7s): train_loss=0.0232 train_rmse=0.5501 val_rmse=0.4819 val_r2=0.9821 val_mape=0.89%
    ep  16 (97.3s): train_loss=0.0260 train_rmse=0.5822 val_rmse=0.4185 val_r2=0.9865 val_mape=0.80%
    ep  17 (97.0s): train_loss=0.0249 train_rmse=0.5693 val_rmse=0.4395 val_r2=0.9851 val_mape=0.80%
    ep  18 (98.7s): train_loss=0.0237 train_rmse=0.5553 val_rmse=0.6586 val_r2=0.9667 val_mape=1.12%
    ep  19 (99.5s): train_loss=0.0303 train_rmse=0.6282 val_rmse=0.5162 val_r2=0.9795 val_mape=0.94%
    ep  20 (96.2s): train_loss=0.0265 train_rmse=0.5878 val_rmse=0.4167 val_r2=0.9866 val_mape=0.79%
    ep  21 (96.1s): train_loss=0.0269 train_rmse=0.5920 val_rmse=0.5108 val_r2=0.9799 val_mape=0.85%
    ep  22 (94.6s): train_loss=0.0252 train_rmse=0.5735 val_rmse=0.4456 val_r2=0.9847 val_mape=0.76%
    ep  23 (99.1s): train_loss=0.0219 train_rmse=0.5337 val_rmse=0.3810 val_r2=0.9888 val_mape=0.67%
    ep  24 (97.3s): train_loss=0.0211 train_rmse=0.5241 val_rmse=0.4464 val_r2=0.9847 val_mape=0.82%
    ep  25 (93.7s): train_loss=0.0199 train_rmse=0.5091 val_rmse=0.3547 val_r2=0.9903 val_mape=0.63%
    ep  26 (92.3s): train_loss=0.0241 train_rmse=0.5604 val_rmse=0.7778 val_r2=0.9535 val_mape=1.45%
    ep  27 (94.2s): train_loss=0.0227 train_rmse=0.5435 val_rmse=0.4551 val_r2=0.9841 val_mape=0.75%
    ep  28 (95.4s): train_loss=0.0230 train_rmse=0.5473 val_rmse=0.3456 val_r2=0.9908 val_mape=0.65%
    ep  29 (102.0s): train_loss=0.0199 train_rmse=0.5093 val_rmse=0.3567 val_r2=0.9902 val_mape=0.62%
    ep  30 (120.6s): train_loss=0.0195 train_rmse=0.5046 val_rmse=0.3860 val_r2=0.9885 val_mape=0.70%
    ep  31 (106.1s): train_loss=0.0191 train_rmse=0.4992 val_rmse=0.5103 val_r2=0.9800 val_mape=0.91%
    ep  32 (104.3s): train_loss=0.0204 train_rmse=0.5158 val_rmse=0.2981 val_r2=0.9932 val_mape=0.53%
    ep  33 (108.3s): train_loss=0.0187 train_rmse=0.4940 val_rmse=0.2968 val_r2=0.9932 val_mape=0.52%
    ep  34 (113.2s): train_loss=0.0180 train_rmse=0.4845 val_rmse=0.3018 val_r2=0.9930 val_mape=0.53%
    ep  35 (106.2s): train_loss=0.0176 train_rmse=0.4787 val_rmse=0.2918 val_r2=0.9935 val_mape=0.51%
    ep  36 (109.1s): train_loss=0.0184 train_rmse=0.4898 val_rmse=0.2910 val_r2=0.9935 val_mape=0.51%
    ep  37 (103.1s): train_loss=0.0180 train_rmse=0.4849 val_rmse=0.2899 val_r2=0.9935 val_mape=0.51%
    ep  38 (76.5s): train_loss=0.0179 train_rmse=0.4828 val_rmse=0.2902 val_r2=0.9935 val_mape=0.51%
    ep  39 (75.5s): train_loss=0.0177 train_rmse=0.4799 val_rmse=0.2897 val_r2=0.9935 val_mape=0.51%
    final: rmse=0.2897  mae=0.2238  r2=0.9935  mape=0.51%  (3962.7s, best_ep=39)
  AGG    rmse=0.2897±0.0000  r2=0.9935±0.0000