Experiment dir: outputs\experiments\2026-05-28_04-19_dl-multimodal-oes-aux-mixup-ema-longrun-5fold
Config: configs\exp_dl_multimodal_oes_aux_mixup_ema_longrun_5fold.yaml
Device: cuda  (CUDA=True)
Cache: cache\v1  |  split: splits/kfold5_wafer.npz (StratifiedGroupKFold(n_splits=5, stratify=lot, group=wafer), running folds [0, 1, 2, 3, 4] of 5)
Targets: ['oxide_etch']  |  modality: multimodal

[setup] loading 88 wafers (one-time, shared across folds)...
[setup] done in 150.7s  (discover=0.2 load=150.5)
[setup] proc channels kept: 31
[setup] XGB injection features: 0 (disabled)
[setup] normalisation deferred to per-fold (no val leakage)

=== Target: oxide_etch ===
  -- fold 0 --
    [seed] reset RNG for target/fold: 42
    [fold-norm] fit on 70 train wafers (fold 0)...
    [fold-norm] done (91.4s)
    target oxide_etch stats: mean=0.6587 std=0.0773
    [oes-band] correlation selection: stat=late_mean, top_k=256, train_wafers=70
    [oes-band] selected 256/3648 wavelengths (max|corr|=0.618, min selected |corr|=0.324, 64.2s)
    [aux] wafer-mean aux head ENABLED, weight=0.3
    [mixup] ENABLED  alpha=0.2  prob=1.0
    [ema] ENABLED  decay=0.999  validates on shadow weights
    [early-stop] DISABLED (patience=0). Will run full 120 epochs.
    ep   0 (59.5s): train_loss=0.9137 train_rmse=0.0739 val_rmse=0.0764 val_r2=0.0275 val_mape=9.56%
    ep   1 (3.0s): train_loss=0.8892 train_rmse=0.0729 val_rmse=0.0680 val_r2=0.2288 val_mape=8.58%
    ep   2 (2.7s): train_loss=0.7180 train_rmse=0.0655 val_rmse=0.0663 val_r2=0.2681 val_mape=8.31%
    ep   3 (2.8s): train_loss=0.7061 train_rmse=0.0649 val_rmse=0.0645 val_r2=0.3069 val_mape=8.03%
    ep   4 (2.8s): train_loss=0.7317 train_rmse=0.0661 val_rmse=0.0630 val_r2=0.3382 val_mape=7.82%
    ep   5 (2.8s): train_loss=0.5779 train_rmse=0.0587 val_rmse=0.0618 val_r2=0.3629 val_mape=7.57%
    ep   6 (2.8s): train_loss=0.5637 train_rmse=0.0580 val_rmse=0.0600 val_r2=0.3994 val_mape=7.12%
    ep   7 (2.7s): train_loss=0.5532 train_rmse=0.0575 val_rmse=0.0588 val_r2=0.4228 val_mape=6.83%
    ep   8 (2.8s): train_loss=0.5777 train_rmse=0.0587 val_rmse=0.0582 val_r2=0.4355 val_mape=6.62%
    ep   9 (2.8s): train_loss=0.5215 train_rmse=0.0558 val_rmse=0.0569 val_r2=0.4602 val_mape=6.30%
    ep  10 (2.8s): train_loss=0.4697 train_rmse=0.0530 val_rmse=0.0538 val_r2=0.5168 val_mape=5.95%
    ep  11 (2.8s): train_loss=0.5275 train_rmse=0.0561 val_rmse=0.0523 val_r2=0.5446 val_mape=5.60%
    ep  12 (2.8s): train_loss=0.4142 train_rmse=0.0497 val_rmse=0.0501 val_r2=0.5817 val_mape=5.33%
    ep  13 (2.9s): train_loss=0.4866 train_rmse=0.0539 val_rmse=0.0484 val_r2=0.6102 val_mape=5.15%
    ep  14 (2.7s): train_loss=0.4539 train_rmse=0.0521 val_rmse=0.0485 val_r2=0.6082 val_mape=5.17%
    ep  15 (2.8s): train_loss=0.5159 train_rmse=0.0555 val_rmse=0.0514 val_r2=0.5592 val_mape=5.53%
    ep  16 (2.8s): train_loss=0.4011 train_rmse=0.0489 val_rmse=0.0506 val_r2=0.5724 val_mape=5.33%
    ep  17 (2.8s): train_loss=0.3993 train_rmse=0.0488 val_rmse=0.0499 val_r2=0.5841 val_mape=5.25%
    ep  18 (2.8s): train_loss=0.3991 train_rmse=0.0488 val_rmse=0.0496 val_r2=0.5901 val_mape=5.02%
    ep  19 (2.9s): train_loss=0.3611 train_rmse=0.0464 val_rmse=0.0491 val_r2=0.5985 val_mape=4.88%
    ep  20 (2.7s): train_loss=0.4308 train_rmse=0.0507 val_rmse=0.0485 val_r2=0.6074 val_mape=4.83%
    ep  21 (2.7s): train_loss=0.4009 train_rmse=0.0489 val_rmse=0.0488 val_r2=0.6022 val_mape=4.82%
    ep  22 (2.7s): train_loss=0.5159 train_rmse=0.0555 val_rmse=0.0481 val_r2=0.6141 val_mape=4.73%
    ep  23 (2.7s): train_loss=0.4025 train_rmse=0.0490 val_rmse=0.0477 val_r2=0.6200 val_mape=4.87%
    ep  24 (2.7s): train_loss=0.3510 train_rmse=0.0458 val_rmse=0.0473 val_r2=0.6272 val_mape=4.79%
    ep  25 (2.7s): train_loss=0.3397 train_rmse=0.0450 val_rmse=0.0461 val_r2=0.6452 val_mape=4.71%
    ep  26 (2.8s): train_loss=0.3423 train_rmse=0.0452 val_rmse=0.0466 val_r2=0.6378 val_mape=4.55%
    ep  27 (2.8s): train_loss=0.3262 train_rmse=0.0441 val_rmse=0.0464 val_r2=0.6411 val_mape=4.49%
    ep  28 (2.8s): train_loss=0.3253 train_rmse=0.0441 val_rmse=0.0461 val_r2=0.6451 val_mape=4.47%
    ep  29 (2.8s): train_loss=0.3256 train_rmse=0.0441 val_rmse=0.0448 val_r2=0.6661 val_mape=4.30%
    ep  30 (2.8s): train_loss=0.2856 train_rmse=0.0413 val_rmse=0.0448 val_r2=0.6655 val_mape=4.26%
    ep  31 (2.8s): train_loss=0.3196 train_rmse=0.0437 val_rmse=0.0446 val_r2=0.6680 val_mape=4.21%
    ep  32 (2.8s): train_loss=0.3007 train_rmse=0.0424 val_rmse=0.0436 val_r2=0.6830 val_mape=4.14%
    ep  33 (2.8s): train_loss=0.3345 train_rmse=0.0447 val_rmse=0.0430 val_r2=0.6921 val_mape=4.09%
    ep  34 (2.8s): train_loss=0.2895 train_rmse=0.0416 val_rmse=0.0426 val_r2=0.6975 val_mape=4.03%
    ep  35 (2.9s): train_loss=0.2962 train_rmse=0.0421 val_rmse=0.0427 val_r2=0.6957 val_mape=4.00%
    ep  36 (2.7s): train_loss=0.2959 train_rmse=0.0420 val_rmse=0.0425 val_r2=0.6990 val_mape=3.94%
    ep  37 (2.8s): train_loss=0.2984 train_rmse=0.0422 val_rmse=0.0437 val_r2=0.6818 val_mape=3.97%
    ep  38 (2.7s): train_loss=0.3108 train_rmse=0.0431 val_rmse=0.0448 val_r2=0.6652 val_mape=4.04%
    ep  39 (2.7s): train_loss=0.2990 train_rmse=0.0422 val_rmse=0.0425 val_r2=0.6988 val_mape=3.91%
    ep  40 (2.7s): train_loss=0.2979 train_rmse=0.0422 val_rmse=0.0415 val_r2=0.7130 val_mape=3.84%
    ep  41 (2.7s): train_loss=0.2773 train_rmse=0.0407 val_rmse=0.0409 val_r2=0.7206 val_mape=3.81%
    ep  42 (2.8s): train_loss=0.2916 train_rmse=0.0417 val_rmse=0.0407 val_r2=0.7232 val_mape=3.80%
    ep  43 (2.8s): train_loss=0.2885 train_rmse=0.0415 val_rmse=0.0405 val_r2=0.7261 val_mape=3.78%
    ep  44 (2.8s): train_loss=0.3123 train_rmse=0.0432 val_rmse=0.0410 val_r2=0.7204 val_mape=3.81%
    ep  45 (2.8s): train_loss=0.2678 train_rmse=0.0400 val_rmse=0.0407 val_r2=0.7241 val_mape=3.78%
    ep  46 (2.8s): train_loss=0.2741 train_rmse=0.0404 val_rmse=0.0404 val_r2=0.7275 val_mape=3.75%
    ep  47 (2.8s): train_loss=0.2850 train_rmse=0.0412 val_rmse=0.0404 val_r2=0.7284 val_mape=3.72%
    ep  48 (2.7s): train_loss=0.2844 train_rmse=0.0412 val_rmse=0.0421 val_r2=0.7045 val_mape=3.70%
    ep  49 (2.8s): train_loss=0.3473 train_rmse=0.0455 val_rmse=0.0421 val_r2=0.7042 val_mape=3.71%
    ep  50 (2.7s): train_loss=0.2860 train_rmse=0.0413 val_rmse=0.0407 val_r2=0.7243 val_mape=3.69%
    ep  51 (2.8s): train_loss=0.2950 train_rmse=0.0420 val_rmse=0.0409 val_r2=0.7217 val_mape=3.73%
    ep  52 (2.8s): train_loss=0.2860 train_rmse=0.0413 val_rmse=0.0419 val_r2=0.7078 val_mape=3.82%
    ep  53 (2.8s): train_loss=0.2668 train_rmse=0.0399 val_rmse=0.0439 val_r2=0.6788 val_mape=3.93%
    ep  54 (2.8s): train_loss=0.2704 train_rmse=0.0402 val_rmse=0.0424 val_r2=0.7005 val_mape=3.90%
    ep  55 (2.8s): train_loss=0.2741 train_rmse=0.0405 val_rmse=0.0419 val_r2=0.7069 val_mape=3.90%
    ep  56 (2.8s): train_loss=0.2535 train_rmse=0.0389 val_rmse=0.0418 val_r2=0.7085 val_mape=3.80%
    ep  57 (2.8s): train_loss=0.2606 train_rmse=0.0394 val_rmse=0.0423 val_r2=0.7015 val_mape=3.78%
    ep  58 (2.8s): train_loss=0.2721 train_rmse=0.0403 val_rmse=0.0424 val_r2=0.6996 val_mape=3.75%
    ep  59 (2.8s): train_loss=0.2679 train_rmse=0.0400 val_rmse=0.0420 val_r2=0.7061 val_mape=3.71%
    ep  60 (2.8s): train_loss=0.2863 train_rmse=0.0413 val_rmse=0.0441 val_r2=0.6752 val_mape=3.86%
    ep  61 (2.7s): train_loss=0.2838 train_rmse=0.0412 val_rmse=0.0407 val_r2=0.7242 val_mape=3.67%
    ep  62 (2.7s): train_loss=0.2617 train_rmse=0.0395 val_rmse=0.0397 val_r2=0.7371 val_mape=3.59%
    ep  63 (2.7s): train_loss=0.2961 train_rmse=0.0420 val_rmse=0.0390 val_r2=0.7471 val_mape=3.50%
    ep  64 (2.8s): train_loss=0.2578 train_rmse=0.0392 val_rmse=0.0395 val_r2=0.7399 val_mape=3.54%
    ep  65 (2.8s): train_loss=0.2550 train_rmse=0.0390 val_rmse=0.0399 val_r2=0.7342 val_mape=3.57%
    ep  66 (2.8s): train_loss=0.2521 train_rmse=0.0388 val_rmse=0.0400 val_r2=0.7337 val_mape=3.56%
    ep  67 (2.8s): train_loss=0.2731 train_rmse=0.0404 val_rmse=0.0396 val_r2=0.7388 val_mape=3.52%
    ep  68 (2.8s): train_loss=0.2453 train_rmse=0.0383 val_rmse=0.0397 val_r2=0.7376 val_mape=3.52%
    ep  69 (2.8s): train_loss=0.2558 train_rmse=0.0391 val_rmse=0.0389 val_r2=0.7482 val_mape=3.45%
    ep  70 (2.8s): train_loss=0.2663 train_rmse=0.0399 val_rmse=0.0392 val_r2=0.7444 val_mape=3.48%
    ep  71 (2.8s): train_loss=0.2505 train_rmse=0.0387 val_rmse=0.0393 val_r2=0.7427 val_mape=3.48%
    ep  72 (2.8s): train_loss=0.2289 train_rmse=0.0370 val_rmse=0.0393 val_r2=0.7431 val_mape=3.49%
    ep  73 (2.8s): train_loss=0.2621 train_rmse=0.0396 val_rmse=0.0397 val_r2=0.7375 val_mape=3.51%
    ep  74 (2.8s): train_loss=0.2601 train_rmse=0.0394 val_rmse=0.0393 val_r2=0.7420 val_mape=3.47%
    ep  75 (2.8s): train_loss=0.2481 train_rmse=0.0385 val_rmse=0.0397 val_r2=0.7370 val_mape=3.52%
    ep  76 (2.8s): train_loss=0.2412 train_rmse=0.0379 val_rmse=0.0397 val_r2=0.7377 val_mape=3.50%
    ep  77 (2.8s): train_loss=0.2669 train_rmse=0.0399 val_rmse=0.0391 val_r2=0.7452 val_mape=3.43%
    ep  78 (2.8s): train_loss=0.2331 train_rmse=0.0373 val_rmse=0.0394 val_r2=0.7406 val_mape=3.46%
    ep  79 (2.8s): train_loss=0.2730 train_rmse=0.0404 val_rmse=0.0406 val_r2=0.7253 val_mape=3.57%
    ep  80 (2.8s): train_loss=0.2491 train_rmse=0.0386 val_rmse=0.0405 val_r2=0.7260 val_mape=3.56%
    ep  81 (2.8s): train_loss=0.2782 train_rmse=0.0408 val_rmse=0.0431 val_r2=0.6899 val_mape=3.75%
    ep  82 (2.8s): train_loss=0.2470 train_rmse=0.0384 val_rmse=0.0431 val_r2=0.6897 val_mape=3.68%
    ep  83 (2.8s): train_loss=0.2435 train_rmse=0.0381 val_rmse=0.0406 val_r2=0.7251 val_mape=3.49%
    ep  84 (2.8s): train_loss=0.2305 train_rmse=0.0371 val_rmse=0.0421 val_r2=0.7039 val_mape=3.58%
    ep  85 (2.8s): train_loss=0.2412 train_rmse=0.0379 val_rmse=0.0424 val_r2=0.6997 val_mape=3.58%
    ep  86 (2.8s): train_loss=0.2331 train_rmse=0.0373 val_rmse=0.0425 val_r2=0.6985 val_mape=3.57%
    ep  87 (2.8s): train_loss=0.2283 train_rmse=0.0369 val_rmse=0.0424 val_r2=0.7004 val_mape=3.56%
    ep  88 (2.8s): train_loss=0.2170 train_rmse=0.0360 val_rmse=0.0428 val_r2=0.6943 val_mape=3.59%
    ep  89 (2.8s): train_loss=0.2395 train_rmse=0.0378 val_rmse=0.0439 val_r2=0.6783 val_mape=3.64%
    ep  90 (2.8s): train_loss=0.2389 train_rmse=0.0378 val_rmse=0.0437 val_r2=0.6815 val_mape=3.58%
    ep  91 (2.8s): train_loss=0.2411 train_rmse=0.0379 val_rmse=0.0433 val_r2=0.6869 val_mape=3.54%
    ep  92 (2.8s): train_loss=0.2411 train_rmse=0.0379 val_rmse=0.0441 val_r2=0.6764 val_mape=3.62%
    ep  93 (2.8s): train_loss=0.2523 train_rmse=0.0388 val_rmse=0.0428 val_r2=0.6953 val_mape=3.50%
    ep  94 (2.8s): train_loss=0.2227 train_rmse=0.0365 val_rmse=0.0422 val_r2=0.7029 val_mape=3.47%
    ep  95 (2.8s): train_loss=0.2374 train_rmse=0.0376 val_rmse=0.0433 val_r2=0.6869 val_mape=3.54%
    ep  96 (2.7s): train_loss=0.2256 train_rmse=0.0367 val_rmse=0.0427 val_r2=0.6963 val_mape=3.51%
    ep  97 (2.7s): train_loss=0.2355 train_rmse=0.0375 val_rmse=0.0415 val_r2=0.7125 val_mape=3.48%
    ep  98 (2.7s): train_loss=0.2456 train_rmse=0.0383 val_rmse=0.0416 val_r2=0.7111 val_mape=3.44%
    ep  99 (2.7s): train_loss=0.2208 train_rmse=0.0363 val_rmse=0.0418 val_r2=0.7082 val_mape=3.46%
    ep 100 (2.7s): train_loss=0.2314 train_rmse=0.0372 val_rmse=0.0407 val_r2=0.7241 val_mape=3.44%
    ep 101 (2.7s): train_loss=0.2272 train_rmse=0.0368 val_rmse=0.0405 val_r2=0.7270 val_mape=3.41%
    ep 102 (2.8s): train_loss=0.2345 train_rmse=0.0374 val_rmse=0.0386 val_r2=0.7516 val_mape=3.37%
    ep 103 (2.7s): train_loss=0.2265 train_rmse=0.0368 val_rmse=0.0398 val_r2=0.7358 val_mape=3.42%
    ep 104 (2.7s): train_loss=0.2227 train_rmse=0.0365 val_rmse=0.0406 val_r2=0.7252 val_mape=3.48%
    ep 105 (2.7s): train_loss=0.2245 train_rmse=0.0366 val_rmse=0.0396 val_r2=0.7382 val_mape=3.42%
    ep 106 (2.7s): train_loss=0.2337 train_rmse=0.0374 val_rmse=0.0397 val_r2=0.7367 val_mape=3.49%
    ep 107 (2.7s): train_loss=0.2241 train_rmse=0.0366 val_rmse=0.0389 val_r2=0.7484 val_mape=3.39%
    ep 108 (2.7s): train_loss=0.2211 train_rmse=0.0363 val_rmse=0.0416 val_r2=0.7110 val_mape=3.54%
    ep 109 (2.7s): train_loss=0.2314 train_rmse=0.0372 val_rmse=0.0408 val_r2=0.7223 val_mape=3.51%
    ep 110 (2.7s): train_loss=0.2291 train_rmse=0.0370 val_rmse=0.0399 val_r2=0.7348 val_mape=3.41%
    ep 111 (2.7s): train_loss=0.2245 train_rmse=0.0366 val_rmse=0.0401 val_r2=0.7313 val_mape=3.45%
    ep 112 (2.7s): train_loss=0.2225 train_rmse=0.0364 val_rmse=0.0401 val_r2=0.7321 val_mape=3.40%
    ep 113 (2.7s): train_loss=0.2207 train_rmse=0.0363 val_rmse=0.0401 val_r2=0.7317 val_mape=3.40%
    ep 114 (2.8s): train_loss=0.2092 train_rmse=0.0353 val_rmse=0.0421 val_r2=0.7048 val_mape=3.51%
    ep 115 (2.8s): train_loss=0.2178 train_rmse=0.0361 val_rmse=0.0414 val_r2=0.7147 val_mape=3.56%
    ep 116 (2.7s): train_loss=0.2195 train_rmse=0.0362 val_rmse=0.0400 val_r2=0.7332 val_mape=3.44%
    ep 117 (2.7s): train_loss=0.2092 train_rmse=0.0353 val_rmse=0.0418 val_r2=0.7092 val_mape=3.52%
    ep 118 (2.7s): train_loss=0.2157 train_rmse=0.0359 val_rmse=0.0418 val_r2=0.7093 val_mape=3.52%
    ep 119 (2.7s): train_loss=0.2262 train_rmse=0.0367 val_rmse=0.0408 val_r2=0.7220 val_mape=3.48%
    final: rmse=0.0386  mae=0.0222  r2=0.7516  mape=3.37%  (547.8s, best_ep=102)
  -- fold 1 --
    [seed] reset RNG for target/fold: 43
    [fold-norm] fit on 71 train wafers (fold 1)...
    [fold-norm] done (133.3s)
    target oxide_etch stats: mean=0.6585 std=0.0776
    [oes-band] correlation selection: stat=late_mean, top_k=256, train_wafers=71
    [oes-band] selected 256/3648 wavelengths (max|corr|=0.563, min selected |corr|=0.346, 62.6s)
    [aux] wafer-mean aux head ENABLED, weight=0.3
    [mixup] ENABLED  alpha=0.2  prob=1.0
    [ema] ENABLED  decay=0.999  validates on shadow weights
    [early-stop] DISABLED (patience=0). Will run full 120 epochs.
    ep   0 (22.1s): train_loss=0.9344 train_rmse=0.0751 val_rmse=0.0740 val_r2=0.0487 val_mape=9.17%
    ep   1 (2.8s): train_loss=0.8604 train_rmse=0.0720 val_rmse=0.0661 val_r2=0.2411 val_mape=8.24%
    ep   2 (2.7s): train_loss=0.7384 train_rmse=0.0667 val_rmse=0.0628 val_r2=0.3144 val_mape=7.86%
    ep   3 (2.6s): train_loss=0.7799 train_rmse=0.0686 val_rmse=0.0609 val_r2=0.3550 val_mape=7.58%
    ep   4 (2.7s): train_loss=0.6480 train_rmse=0.0625 val_rmse=0.0596 val_r2=0.3817 val_mape=7.40%
    ep   5 (2.6s): train_loss=0.6143 train_rmse=0.0609 val_rmse=0.0567 val_r2=0.4412 val_mape=6.83%
    ep   6 (2.6s): train_loss=0.5945 train_rmse=0.0599 val_rmse=0.0540 val_r2=0.4927 val_mape=6.21%
    ep   7 (2.6s): train_loss=0.5498 train_rmse=0.0576 val_rmse=0.0523 val_r2=0.5255 val_mape=5.69%
    ep   8 (2.6s): train_loss=0.5363 train_rmse=0.0569 val_rmse=0.0514 val_r2=0.5402 val_mape=5.43%
    ep   9 (2.6s): train_loss=0.5038 train_rmse=0.0551 val_rmse=0.0513 val_r2=0.5431 val_mape=5.44%
    ep  10 (2.6s): train_loss=0.4574 train_rmse=0.0525 val_rmse=0.0506 val_r2=0.5546 val_mape=5.21%
    ep  11 (2.6s): train_loss=0.4752 train_rmse=0.0535 val_rmse=0.0502 val_r2=0.5620 val_mape=5.14%
    ep  12 (2.6s): train_loss=0.4582 train_rmse=0.0526 val_rmse=0.0499 val_r2=0.5669 val_mape=5.06%
    ep  13 (2.6s): train_loss=0.4156 train_rmse=0.0501 val_rmse=0.0494 val_r2=0.5757 val_mape=5.00%
    ep  14 (2.6s): train_loss=0.4088 train_rmse=0.0496 val_rmse=0.0491 val_r2=0.5817 val_mape=4.94%
    ep  15 (2.6s): train_loss=0.4300 train_rmse=0.0509 val_rmse=0.0489 val_r2=0.5848 val_mape=4.96%
    ep  16 (2.6s): train_loss=0.4444 train_rmse=0.0518 val_rmse=0.0492 val_r2=0.5792 val_mape=5.04%
    ep  17 (2.6s): train_loss=0.4760 train_rmse=0.0536 val_rmse=0.0488 val_r2=0.5863 val_mape=4.94%
    ep  18 (2.6s): train_loss=0.4331 train_rmse=0.0511 val_rmse=0.0482 val_r2=0.5969 val_mape=4.78%
    ep  19 (2.6s): train_loss=0.3639 train_rmse=0.0468 val_rmse=0.0477 val_r2=0.6039 val_mape=4.73%
    ep  20 (2.6s): train_loss=0.3452 train_rmse=0.0456 val_rmse=0.0472 val_r2=0.6126 val_mape=4.69%
    ep  21 (2.6s): train_loss=0.3919 train_rmse=0.0486 val_rmse=0.0470 val_r2=0.6166 val_mape=4.63%
    ep  22 (2.6s): train_loss=0.3748 train_rmse=0.0475 val_rmse=0.0473 val_r2=0.6118 val_mape=4.66%
    ep  23 (2.6s): train_loss=0.3595 train_rmse=0.0466 val_rmse=0.0470 val_r2=0.6162 val_mape=4.58%
    ep  24 (2.6s): train_loss=0.3568 train_rmse=0.0464 val_rmse=0.0469 val_r2=0.6175 val_mape=4.52%
    ep  25 (2.9s): train_loss=0.3290 train_rmse=0.0445 val_rmse=0.0467 val_r2=0.6209 val_mape=4.51%
    ep  26 (2.7s): train_loss=0.3570 train_rmse=0.0464 val_rmse=0.0464 val_r2=0.6253 val_mape=4.48%
    ep  27 (2.7s): train_loss=0.3276 train_rmse=0.0444 val_rmse=0.0461 val_r2=0.6306 val_mape=4.46%
    ep  28 (2.7s): train_loss=0.3573 train_rmse=0.0464 val_rmse=0.0459 val_r2=0.6337 val_mape=4.42%
    ep  29 (2.7s): train_loss=0.2934 train_rmse=0.0421 val_rmse=0.0459 val_r2=0.6347 val_mape=4.45%
    ep  30 (2.6s): train_loss=0.3389 train_rmse=0.0452 val_rmse=0.0457 val_r2=0.6376 val_mape=4.40%
    ep  31 (2.7s): train_loss=0.3225 train_rmse=0.0441 val_rmse=0.0453 val_r2=0.6438 val_mape=4.37%
    ep  32 (2.6s): train_loss=0.4608 train_rmse=0.0527 val_rmse=0.0456 val_r2=0.6384 val_mape=4.40%
    ep  33 (2.7s): train_loss=0.3251 train_rmse=0.0443 val_rmse=0.0459 val_r2=0.6336 val_mape=4.42%
    ep  34 (2.7s): train_loss=0.3093 train_rmse=0.0432 val_rmse=0.0457 val_r2=0.6377 val_mape=4.35%
    ep  35 (2.7s): train_loss=0.3086 train_rmse=0.0431 val_rmse=0.0451 val_r2=0.6458 val_mape=4.28%
    ep  36 (2.8s): train_loss=0.3270 train_rmse=0.0444 val_rmse=0.0448 val_r2=0.6511 val_mape=4.21%
    ep  37 (2.8s): train_loss=0.3901 train_rmse=0.0485 val_rmse=0.0441 val_r2=0.6619 val_mape=4.21%
    ep  38 (2.6s): train_loss=0.3855 train_rmse=0.0482 val_rmse=0.0440 val_r2=0.6633 val_mape=4.17%
    ep  39 (2.6s): train_loss=0.3191 train_rmse=0.0439 val_rmse=0.0438 val_r2=0.6667 val_mape=4.16%
    ep  40 (2.6s): train_loss=0.2748 train_rmse=0.0407 val_rmse=0.0436 val_r2=0.6698 val_mape=4.10%
    ep  41 (2.6s): train_loss=0.2792 train_rmse=0.0410 val_rmse=0.0435 val_r2=0.6709 val_mape=4.04%
    ep  42 (2.7s): train_loss=0.2619 train_rmse=0.0397 val_rmse=0.0433 val_r2=0.6739 val_mape=4.04%
    ep  43 (2.6s): train_loss=0.2775 train_rmse=0.0409 val_rmse=0.0438 val_r2=0.6670 val_mape=4.01%
    ep  44 (2.6s): train_loss=0.3103 train_rmse=0.0433 val_rmse=0.0434 val_r2=0.6722 val_mape=4.01%
    ep  45 (2.6s): train_loss=0.2570 train_rmse=0.0394 val_rmse=0.0436 val_r2=0.6690 val_mape=3.96%
    ep  46 (2.7s): train_loss=0.2891 train_rmse=0.0417 val_rmse=0.0435 val_r2=0.6718 val_mape=3.93%
    ep  47 (2.7s): train_loss=0.2598 train_rmse=0.0396 val_rmse=0.0436 val_r2=0.6704 val_mape=3.93%
    ep  48 (2.6s): train_loss=0.2634 train_rmse=0.0398 val_rmse=0.0439 val_r2=0.6646 val_mape=3.95%
    ep  49 (2.6s): train_loss=0.2496 train_rmse=0.0388 val_rmse=0.0436 val_r2=0.6689 val_mape=3.92%
    ep  50 (2.6s): train_loss=0.2835 train_rmse=0.0413 val_rmse=0.0437 val_r2=0.6675 val_mape=3.91%
    ep  51 (2.6s): train_loss=0.2473 train_rmse=0.0386 val_rmse=0.0431 val_r2=0.6778 val_mape=3.89%
    ep  52 (2.7s): train_loss=0.2739 train_rmse=0.0406 val_rmse=0.0435 val_r2=0.6715 val_mape=3.91%
    ep  53 (2.7s): train_loss=0.3021 train_rmse=0.0427 val_rmse=0.0440 val_r2=0.6629 val_mape=3.92%
    ep  54 (2.7s): train_loss=0.2645 train_rmse=0.0399 val_rmse=0.0434 val_r2=0.6729 val_mape=3.85%
    ep  55 (2.8s): train_loss=0.2652 train_rmse=0.0400 val_rmse=0.0429 val_r2=0.6802 val_mape=3.80%
    ep  56 (2.6s): train_loss=0.2616 train_rmse=0.0397 val_rmse=0.0423 val_r2=0.6893 val_mape=3.81%
    ep  57 (2.6s): train_loss=0.2841 train_rmse=0.0414 val_rmse=0.0423 val_r2=0.6889 val_mape=3.78%
    ep  58 (2.7s): train_loss=0.2639 train_rmse=0.0399 val_rmse=0.0425 val_r2=0.6868 val_mape=3.76%
    ep  59 (2.7s): train_loss=0.2580 train_rmse=0.0394 val_rmse=0.0426 val_r2=0.6846 val_mape=3.78%
    ep  60 (2.7s): train_loss=0.2716 train_rmse=0.0405 val_rmse=0.0423 val_r2=0.6893 val_mape=3.72%
    ep  61 (2.7s): train_loss=0.2581 train_rmse=0.0394 val_rmse=0.0420 val_r2=0.6936 val_mape=3.69%
    ep  62 (2.7s): train_loss=0.2601 train_rmse=0.0396 val_rmse=0.0420 val_r2=0.6928 val_mape=3.68%
    ep  63 (2.7s): train_loss=0.2437 train_rmse=0.0383 val_rmse=0.0417 val_r2=0.6975 val_mape=3.68%
    ep  64 (2.7s): train_loss=0.2522 train_rmse=0.0390 val_rmse=0.0422 val_r2=0.6910 val_mape=3.67%
    ep  65 (2.7s): train_loss=0.2516 train_rmse=0.0389 val_rmse=0.0417 val_r2=0.6972 val_mape=3.65%
    ep  66 (2.6s): train_loss=0.2203 train_rmse=0.0364 val_rmse=0.0415 val_r2=0.7011 val_mape=3.62%
    ep  67 (2.6s): train_loss=0.2292 train_rmse=0.0372 val_rmse=0.0415 val_r2=0.7003 val_mape=3.62%
    ep  68 (2.6s): train_loss=0.2470 train_rmse=0.0386 val_rmse=0.0414 val_r2=0.7015 val_mape=3.61%
    ep  69 (2.7s): train_loss=0.2731 train_rmse=0.0406 val_rmse=0.0410 val_r2=0.7085 val_mape=3.60%
    ep  70 (2.7s): train_loss=0.2310 train_rmse=0.0373 val_rmse=0.0411 val_r2=0.7069 val_mape=3.59%
    ep  71 (2.7s): train_loss=0.2450 train_rmse=0.0384 val_rmse=0.0408 val_r2=0.7107 val_mape=3.57%
    ep  72 (2.7s): train_loss=0.2258 train_rmse=0.0369 val_rmse=0.0414 val_r2=0.7017 val_mape=3.57%
    ep  73 (2.7s): train_loss=0.2891 train_rmse=0.0418 val_rmse=0.0410 val_r2=0.7084 val_mape=3.55%
    ep  74 (2.7s): train_loss=0.2247 train_rmse=0.0368 val_rmse=0.0409 val_r2=0.7099 val_mape=3.54%
    ep  75 (2.7s): train_loss=0.2370 train_rmse=0.0378 val_rmse=0.0409 val_r2=0.7091 val_mape=3.54%
    ep  76 (2.7s): train_loss=0.2375 train_rmse=0.0378 val_rmse=0.0408 val_r2=0.7103 val_mape=3.52%
    ep  77 (2.7s): train_loss=0.2319 train_rmse=0.0374 val_rmse=0.0406 val_r2=0.7130 val_mape=3.50%
    ep  78 (2.7s): train_loss=0.2265 train_rmse=0.0370 val_rmse=0.0409 val_r2=0.7090 val_mape=3.51%
    ep  79 (2.7s): train_loss=0.2409 train_rmse=0.0381 val_rmse=0.0409 val_r2=0.7089 val_mape=3.50%
    ep  80 (2.7s): train_loss=0.2238 train_rmse=0.0367 val_rmse=0.0410 val_r2=0.7079 val_mape=3.50%
    ep  81 (2.7s): train_loss=0.2246 train_rmse=0.0368 val_rmse=0.0406 val_r2=0.7138 val_mape=3.48%
    ep  82 (2.7s): train_loss=0.2258 train_rmse=0.0369 val_rmse=0.0406 val_r2=0.7140 val_mape=3.49%
    ep  83 (2.7s): train_loss=0.2262 train_rmse=0.0369 val_rmse=0.0407 val_r2=0.7127 val_mape=3.49%
    ep  84 (2.7s): train_loss=0.2169 train_rmse=0.0362 val_rmse=0.0406 val_r2=0.7133 val_mape=3.47%
    ep  85 (2.7s): train_loss=0.2332 train_rmse=0.0375 val_rmse=0.0409 val_r2=0.7087 val_mape=3.50%
    ep  86 (2.7s): train_loss=0.1986 train_rmse=0.0346 val_rmse=0.0406 val_r2=0.7142 val_mape=3.43%
    ep  87 (2.7s): train_loss=0.2146 train_rmse=0.0360 val_rmse=0.0408 val_r2=0.7105 val_mape=3.46%
    ep  88 (2.7s): train_loss=0.2175 train_rmse=0.0362 val_rmse=0.0408 val_r2=0.7104 val_mape=3.46%
    ep  89 (2.7s): train_loss=0.2122 train_rmse=0.0358 val_rmse=0.0404 val_r2=0.7170 val_mape=3.41%
    ep  90 (2.8s): train_loss=0.2239 train_rmse=0.0367 val_rmse=0.0406 val_r2=0.7137 val_mape=3.43%
    ep  91 (2.6s): train_loss=0.2188 train_rmse=0.0363 val_rmse=0.0405 val_r2=0.7150 val_mape=3.44%
    ep  92 (2.6s): train_loss=0.2246 train_rmse=0.0368 val_rmse=0.0406 val_r2=0.7138 val_mape=3.45%
    ep  93 (2.7s): train_loss=0.2082 train_rmse=0.0354 val_rmse=0.0405 val_r2=0.7151 val_mape=3.43%
    ep  94 (2.8s): train_loss=0.2125 train_rmse=0.0358 val_rmse=0.0404 val_r2=0.7158 val_mape=3.41%
    ep  95 (2.7s): train_loss=0.1872 train_rmse=0.0336 val_rmse=0.0405 val_r2=0.7153 val_mape=3.42%
    ep  96 (2.8s): train_loss=0.2179 train_rmse=0.0362 val_rmse=0.0404 val_r2=0.7161 val_mape=3.42%
    ep  97 (2.7s): train_loss=0.2133 train_rmse=0.0359 val_rmse=0.0402 val_r2=0.7186 val_mape=3.38%
    ep  98 (2.6s): train_loss=0.2283 train_rmse=0.0371 val_rmse=0.0404 val_r2=0.7165 val_mape=3.39%
    ep  99 (2.6s): train_loss=0.2194 train_rmse=0.0364 val_rmse=0.0404 val_r2=0.7158 val_mape=3.40%
    ep 100 (2.6s): train_loss=0.2025 train_rmse=0.0349 val_rmse=0.0405 val_r2=0.7148 val_mape=3.40%
    ep 101 (2.6s): train_loss=0.2242 train_rmse=0.0368 val_rmse=0.0402 val_r2=0.7189 val_mape=3.37%
    ep 102 (2.6s): train_loss=0.2079 train_rmse=0.0354 val_rmse=0.0402 val_r2=0.7190 val_mape=3.39%
    ep 103 (2.6s): train_loss=0.2048 train_rmse=0.0351 val_rmse=0.0402 val_r2=0.7195 val_mape=3.38%
    ep 104 (2.6s): train_loss=0.1988 train_rmse=0.0346 val_rmse=0.0402 val_r2=0.7190 val_mape=3.39%
    ep 105 (2.6s): train_loss=0.2081 train_rmse=0.0354 val_rmse=0.0402 val_r2=0.7189 val_mape=3.40%
    ep 106 (2.6s): train_loss=0.2045 train_rmse=0.0351 val_rmse=0.0403 val_r2=0.7180 val_mape=3.40%
    ep 107 (2.7s): train_loss=0.2159 train_rmse=0.0361 val_rmse=0.0401 val_r2=0.7200 val_mape=3.39%
    ep 108 (2.9s): train_loss=0.2002 train_rmse=0.0347 val_rmse=0.0400 val_r2=0.7217 val_mape=3.39%
    ep 109 (2.7s): train_loss=0.2147 train_rmse=0.0360 val_rmse=0.0402 val_r2=0.7191 val_mape=3.41%
    ep 110 (2.6s): train_loss=0.1970 train_rmse=0.0345 val_rmse=0.0402 val_r2=0.7194 val_mape=3.41%
    ep 111 (2.6s): train_loss=0.2133 train_rmse=0.0359 val_rmse=0.0404 val_r2=0.7168 val_mape=3.40%
    ep 112 (2.6s): train_loss=0.1976 train_rmse=0.0345 val_rmse=0.0404 val_r2=0.7157 val_mape=3.40%
    ep 113 (2.6s): train_loss=0.2053 train_rmse=0.0352 val_rmse=0.0403 val_r2=0.7173 val_mape=3.38%
    ep 114 (2.6s): train_loss=0.2142 train_rmse=0.0359 val_rmse=0.0402 val_r2=0.7188 val_mape=3.40%
    ep 115 (2.6s): train_loss=0.1930 train_rmse=0.0341 val_rmse=0.0400 val_r2=0.7219 val_mape=3.38%
    ep 116 (2.6s): train_loss=0.2151 train_rmse=0.0360 val_rmse=0.0404 val_r2=0.7159 val_mape=3.40%
    ep 117 (2.6s): train_loss=0.2176 train_rmse=0.0362 val_rmse=0.0405 val_r2=0.7144 val_mape=3.45%
    ep 118 (2.6s): train_loss=0.2211 train_rmse=0.0365 val_rmse=0.0407 val_r2=0.7128 val_mape=3.43%
    ep 119 (2.6s): train_loss=0.2016 train_rmse=0.0349 val_rmse=0.0403 val_r2=0.7171 val_mape=3.41%
    final: rmse=0.0400  mae=0.0220  r2=0.7219  mape=3.38%  (536.7s, best_ep=115)
  -- fold 2 --
    [seed] reset RNG for target/fold: 44
    [fold-norm] fit on 71 train wafers (fold 2)...
    [fold-norm] done (116.3s)
    target oxide_etch stats: mean=0.6577 std=0.0775
    [oes-band] correlation selection: stat=late_mean, top_k=256, train_wafers=71
    [oes-band] selected 256/3648 wavelengths (max|corr|=0.619, min selected |corr|=0.367, 59.7s)
    [aux] wafer-mean aux head ENABLED, weight=0.3
    [mixup] ENABLED  alpha=0.2  prob=1.0
    [ema] ENABLED  decay=0.999  validates on shadow weights
    [early-stop] DISABLED (patience=0). Will run full 120 epochs.
    ep   0 (12.8s): train_loss=0.9370 train_rmse=0.0750 val_rmse=0.0742 val_r2=0.0597 val_mape=9.04%
    ep   1 (2.8s): train_loss=0.7361 train_rmse=0.0665 val_rmse=0.0726 val_r2=0.1001 val_mape=8.84%
    ep   2 (2.6s): train_loss=0.6886 train_rmse=0.0643 val_rmse=0.0730 val_r2=0.0913 val_mape=8.73%
    ep   3 (2.5s): train_loss=0.6504 train_rmse=0.0625 val_rmse=0.0679 val_r2=0.2124 val_mape=8.23%
    ep   4 (2.6s): train_loss=0.6244 train_rmse=0.0612 val_rmse=0.0649 val_r2=0.2816 val_mape=7.68%
    ep   5 (2.5s): train_loss=0.5683 train_rmse=0.0584 val_rmse=0.0656 val_r2=0.2654 val_mape=7.48%
    ep   6 (2.5s): train_loss=0.5242 train_rmse=0.0561 val_rmse=0.0686 val_r2=0.1969 val_mape=7.41%
    ep   7 (2.5s): train_loss=0.4686 train_rmse=0.0530 val_rmse=0.0653 val_r2=0.2720 val_mape=6.88%
    ep   8 (2.5s): train_loss=0.4694 train_rmse=0.0531 val_rmse=0.0660 val_r2=0.2555 val_mape=6.72%
    ep   9 (2.5s): train_loss=0.5921 train_rmse=0.0596 val_rmse=0.0677 val_r2=0.2176 val_mape=7.04%
    ep  10 (2.5s): train_loss=0.4852 train_rmse=0.0540 val_rmse=0.0635 val_r2=0.3113 val_mape=6.44%
    ep  11 (2.5s): train_loss=0.5230 train_rmse=0.0560 val_rmse=0.0612 val_r2=0.3611 val_mape=6.19%
    ep  12 (2.5s): train_loss=0.4847 train_rmse=0.0539 val_rmse=0.0630 val_r2=0.3219 val_mape=6.23%
    ep  13 (2.6s): train_loss=0.4197 train_rmse=0.0502 val_rmse=0.0653 val_r2=0.2726 val_mape=6.37%
    ep  14 (2.5s): train_loss=0.4070 train_rmse=0.0494 val_rmse=0.0631 val_r2=0.3207 val_mape=6.22%
    ep  15 (2.5s): train_loss=0.3827 train_rmse=0.0479 val_rmse=0.0626 val_r2=0.3301 val_mape=6.15%
    ep  16 (2.5s): train_loss=0.3853 train_rmse=0.0481 val_rmse=0.0645 val_r2=0.2907 val_mape=6.21%
    ep  17 (2.5s): train_loss=0.3550 train_rmse=0.0462 val_rmse=0.0663 val_r2=0.2491 val_mape=6.25%
    ep  18 (2.6s): train_loss=0.3317 train_rmse=0.0446 val_rmse=0.0689 val_r2=0.1896 val_mape=6.39%
    ep  19 (2.5s): train_loss=0.3458 train_rmse=0.0456 val_rmse=0.0663 val_r2=0.2491 val_mape=6.15%
    ep  20 (2.5s): train_loss=0.3342 train_rmse=0.0448 val_rmse=0.0648 val_r2=0.2838 val_mape=6.05%
    ep  21 (2.5s): train_loss=0.2987 train_rmse=0.0423 val_rmse=0.0654 val_r2=0.2693 val_mape=6.08%
    ep  22 (2.5s): train_loss=0.3048 train_rmse=0.0428 val_rmse=0.0646 val_r2=0.2868 val_mape=6.02%
    ep  23 (2.5s): train_loss=0.2942 train_rmse=0.0420 val_rmse=0.0642 val_r2=0.2972 val_mape=5.94%
    ep  24 (2.6s): train_loss=0.4277 train_rmse=0.0507 val_rmse=0.0661 val_r2=0.2536 val_mape=6.06%
    ep  25 (2.6s): train_loss=0.3167 train_rmse=0.0436 val_rmse=0.0620 val_r2=0.3428 val_mape=5.70%
    ep  26 (2.6s): train_loss=0.3066 train_rmse=0.0429 val_rmse=0.0603 val_r2=0.3784 val_mape=5.54%
    ep  27 (2.6s): train_loss=0.2690 train_rmse=0.0402 val_rmse=0.0587 val_r2=0.4111 val_mape=5.36%
    ep  28 (2.6s): train_loss=0.3144 train_rmse=0.0434 val_rmse=0.0606 val_r2=0.3734 val_mape=5.46%
    ep  29 (2.6s): train_loss=0.2878 train_rmse=0.0416 val_rmse=0.0599 val_r2=0.3874 val_mape=5.36%
    ep  30 (2.6s): train_loss=0.2481 train_rmse=0.0386 val_rmse=0.0599 val_r2=0.3883 val_mape=5.31%
    ep  31 (2.6s): train_loss=0.2661 train_rmse=0.0400 val_rmse=0.0591 val_r2=0.4041 val_mape=5.23%
    ep  32 (2.6s): train_loss=0.2631 train_rmse=0.0397 val_rmse=0.0596 val_r2=0.3946 val_mape=5.30%
    ep  33 (2.6s): train_loss=0.2926 train_rmse=0.0419 val_rmse=0.0600 val_r2=0.3844 val_mape=5.34%
    ep  34 (2.6s): train_loss=0.2743 train_rmse=0.0406 val_rmse=0.0595 val_r2=0.3960 val_mape=5.30%
    ep  35 (2.6s): train_loss=0.2619 train_rmse=0.0397 val_rmse=0.0582 val_r2=0.4228 val_mape=5.13%
    ep  36 (2.6s): train_loss=0.2311 train_rmse=0.0373 val_rmse=0.0579 val_r2=0.4270 val_mape=5.10%
    ep  37 (2.6s): train_loss=0.2736 train_rmse=0.0405 val_rmse=0.0572 val_r2=0.4406 val_mape=5.06%
    ep  38 (2.6s): train_loss=0.2601 train_rmse=0.0395 val_rmse=0.0550 val_r2=0.4843 val_mape=4.88%
    ep  39 (2.6s): train_loss=0.2654 train_rmse=0.0399 val_rmse=0.0547 val_r2=0.4897 val_mape=4.89%
    ep  40 (2.6s): train_loss=0.2797 train_rmse=0.0410 val_rmse=0.0547 val_r2=0.4889 val_mape=4.88%
    ep  41 (2.6s): train_loss=0.2782 train_rmse=0.0409 val_rmse=0.0559 val_r2=0.4658 val_mape=4.96%
    ep  42 (2.6s): train_loss=0.2946 train_rmse=0.0421 val_rmse=0.0564 val_r2=0.4573 val_mape=4.97%
    ep  43 (2.6s): train_loss=0.2639 train_rmse=0.0398 val_rmse=0.0563 val_r2=0.4597 val_mape=4.93%
    ep  44 (2.6s): train_loss=0.2762 train_rmse=0.0407 val_rmse=0.0558 val_r2=0.4685 val_mape=4.88%
    ep  45 (2.6s): train_loss=0.2442 train_rmse=0.0383 val_rmse=0.0549 val_r2=0.4848 val_mape=4.81%
    ep  46 (2.6s): train_loss=0.2419 train_rmse=0.0381 val_rmse=0.0551 val_r2=0.4826 val_mape=4.79%
    ep  47 (2.6s): train_loss=0.2641 train_rmse=0.0398 val_rmse=0.0564 val_r2=0.4577 val_mape=4.92%
    ep  48 (2.6s): train_loss=0.2315 train_rmse=0.0373 val_rmse=0.0570 val_r2=0.4446 val_mape=4.99%
    ep  49 (2.6s): train_loss=0.2504 train_rmse=0.0388 val_rmse=0.0565 val_r2=0.4552 val_mape=4.94%
    ep  50 (2.6s): train_loss=0.2402 train_rmse=0.0380 val_rmse=0.0564 val_r2=0.4577 val_mape=4.91%
    ep  51 (2.7s): train_loss=0.2583 train_rmse=0.0394 val_rmse=0.0573 val_r2=0.4389 val_mape=5.03%
    ep  52 (2.6s): train_loss=0.2202 train_rmse=0.0364 val_rmse=0.0571 val_r2=0.4440 val_mape=5.02%
    ep  53 (2.6s): train_loss=0.2240 train_rmse=0.0367 val_rmse=0.0561 val_r2=0.4636 val_mape=4.90%
    ep  54 (2.6s): train_loss=0.2260 train_rmse=0.0368 val_rmse=0.0583 val_r2=0.4201 val_mape=5.11%
    ep  55 (2.6s): train_loss=0.2099 train_rmse=0.0355 val_rmse=0.0577 val_r2=0.4308 val_mape=5.01%
    ep  56 (2.6s): train_loss=0.2202 train_rmse=0.0364 val_rmse=0.0578 val_r2=0.4301 val_mape=4.99%
    ep  57 (2.6s): train_loss=0.1903 train_rmse=0.0338 val_rmse=0.0577 val_r2=0.4324 val_mape=5.00%
    ep  58 (2.6s): train_loss=0.2158 train_rmse=0.0360 val_rmse=0.0588 val_r2=0.4107 val_mape=5.09%
    ep  59 (2.6s): train_loss=0.2152 train_rmse=0.0359 val_rmse=0.0583 val_r2=0.4207 val_mape=5.09%
    ep  60 (2.6s): train_loss=0.1984 train_rmse=0.0345 val_rmse=0.0584 val_r2=0.4183 val_mape=5.13%
    ep  61 (2.6s): train_loss=0.2552 train_rmse=0.0391 val_rmse=0.0616 val_r2=0.3519 val_mape=5.38%
    ep  62 (2.6s): train_loss=0.2119 train_rmse=0.0357 val_rmse=0.0608 val_r2=0.3694 val_mape=5.16%
    ep  63 (2.6s): train_loss=0.2263 train_rmse=0.0369 val_rmse=0.0579 val_r2=0.4284 val_mape=4.93%
    ep  64 (2.5s): train_loss=0.2212 train_rmse=0.0364 val_rmse=0.0581 val_r2=0.4237 val_mape=4.96%
    ep  65 (2.6s): train_loss=0.2061 train_rmse=0.0352 val_rmse=0.0592 val_r2=0.4007 val_mape=5.15%
    ep  66 (2.5s): train_loss=0.2019 train_rmse=0.0348 val_rmse=0.0606 val_r2=0.3738 val_mape=5.23%
    ep  67 (2.5s): train_loss=0.2131 train_rmse=0.0358 val_rmse=0.0590 val_r2=0.4058 val_mape=5.14%
    ep  68 (2.6s): train_loss=0.2005 train_rmse=0.0347 val_rmse=0.0586 val_r2=0.4131 val_mape=5.09%
    ep  69 (2.6s): train_loss=0.2064 train_rmse=0.0352 val_rmse=0.0588 val_r2=0.4099 val_mape=5.06%
    ep  70 (2.5s): train_loss=0.2041 train_rmse=0.0350 val_rmse=0.0581 val_r2=0.4233 val_mape=4.92%
    ep  71 (2.5s): train_loss=0.1991 train_rmse=0.0346 val_rmse=0.0575 val_r2=0.4359 val_mape=4.85%
    ep  72 (2.6s): train_loss=0.2082 train_rmse=0.0354 val_rmse=0.0569 val_r2=0.4472 val_mape=4.83%
    ep  73 (2.6s): train_loss=0.1882 train_rmse=0.0336 val_rmse=0.0590 val_r2=0.4062 val_mape=5.18%
    ep  74 (2.6s): train_loss=0.1921 train_rmse=0.0340 val_rmse=0.0594 val_r2=0.3972 val_mape=5.31%
    ep  75 (2.6s): train_loss=0.2011 train_rmse=0.0347 val_rmse=0.0587 val_r2=0.4113 val_mape=5.16%
    ep  76 (2.6s): train_loss=0.1958 train_rmse=0.0343 val_rmse=0.0573 val_r2=0.4386 val_mape=4.89%
    ep  77 (2.6s): train_loss=0.1964 train_rmse=0.0343 val_rmse=0.0571 val_r2=0.4425 val_mape=4.82%
    ep  78 (2.5s): train_loss=0.1832 train_rmse=0.0332 val_rmse=0.0572 val_r2=0.4409 val_mape=4.83%
    ep  79 (2.6s): train_loss=0.1948 train_rmse=0.0342 val_rmse=0.0571 val_r2=0.4443 val_mape=4.73%
    ep  80 (2.6s): train_loss=0.1928 train_rmse=0.0340 val_rmse=0.0571 val_r2=0.4439 val_mape=4.75%
    ep  81 (2.6s): train_loss=0.1997 train_rmse=0.0346 val_rmse=0.0572 val_r2=0.4407 val_mape=4.81%
    ep  82 (2.6s): train_loss=0.1823 train_rmse=0.0331 val_rmse=0.0569 val_r2=0.4469 val_mape=4.69%
    ep  83 (2.6s): train_loss=0.1878 train_rmse=0.0336 val_rmse=0.0568 val_r2=0.4492 val_mape=4.69%
    ep  84 (2.6s): train_loss=0.1783 train_rmse=0.0327 val_rmse=0.0585 val_r2=0.4156 val_mape=4.90%
    ep  85 (2.6s): train_loss=0.1714 train_rmse=0.0321 val_rmse=0.0582 val_r2=0.4217 val_mape=4.84%
    ep  86 (2.6s): train_loss=0.1819 train_rmse=0.0330 val_rmse=0.0582 val_r2=0.4222 val_mape=4.81%
    ep  87 (2.6s): train_loss=0.1919 train_rmse=0.0339 val_rmse=0.0586 val_r2=0.4132 val_mape=4.83%
    ep  88 (2.6s): train_loss=0.1747 train_rmse=0.0324 val_rmse=0.0588 val_r2=0.4090 val_mape=4.85%
    ep  89 (2.6s): train_loss=0.2083 train_rmse=0.0354 val_rmse=0.0594 val_r2=0.3987 val_mape=4.91%
    ep  90 (2.6s): train_loss=0.1989 train_rmse=0.0346 val_rmse=0.0593 val_r2=0.3991 val_mape=4.92%
    ep  91 (2.6s): train_loss=0.1934 train_rmse=0.0341 val_rmse=0.0597 val_r2=0.3913 val_mape=4.97%
    ep  92 (2.6s): train_loss=0.1840 train_rmse=0.0332 val_rmse=0.0596 val_r2=0.3945 val_mape=4.99%
    ep  93 (2.6s): train_loss=0.1671 train_rmse=0.0317 val_rmse=0.0594 val_r2=0.3974 val_mape=5.02%
    ep  94 (2.6s): train_loss=0.1741 train_rmse=0.0323 val_rmse=0.0597 val_r2=0.3918 val_mape=5.05%
    ep  95 (2.6s): train_loss=0.1653 train_rmse=0.0315 val_rmse=0.0595 val_r2=0.3967 val_mape=4.99%
    ep  96 (2.6s): train_loss=0.1712 train_rmse=0.0321 val_rmse=0.0596 val_r2=0.3928 val_mape=4.95%
    ep  97 (2.6s): train_loss=0.1771 train_rmse=0.0326 val_rmse=0.0597 val_r2=0.3912 val_mape=4.96%
    ep  98 (2.6s): train_loss=0.1646 train_rmse=0.0314 val_rmse=0.0600 val_r2=0.3860 val_mape=5.00%
    ep  99 (2.6s): train_loss=0.1721 train_rmse=0.0321 val_rmse=0.0603 val_r2=0.3796 val_mape=5.00%
    ep 100 (2.6s): train_loss=0.1546 train_rmse=0.0305 val_rmse=0.0601 val_r2=0.3837 val_mape=4.99%
    ep 101 (2.6s): train_loss=0.1672 train_rmse=0.0317 val_rmse=0.0601 val_r2=0.3826 val_mape=4.97%
    ep 102 (2.6s): train_loss=0.1857 train_rmse=0.0334 val_rmse=0.0602 val_r2=0.3815 val_mape=4.98%
    ep 103 (2.6s): train_loss=0.1656 train_rmse=0.0315 val_rmse=0.0600 val_r2=0.3854 val_mape=4.97%
    ep 104 (2.6s): train_loss=0.1730 train_rmse=0.0322 val_rmse=0.0599 val_r2=0.3870 val_mape=4.95%
    ep 105 (2.6s): train_loss=0.1621 train_rmse=0.0312 val_rmse=0.0599 val_r2=0.3880 val_mape=4.93%
    ep 106 (2.6s): train_loss=0.1700 train_rmse=0.0320 val_rmse=0.0602 val_r2=0.3820 val_mape=4.97%
    ep 107 (2.6s): train_loss=0.1525 train_rmse=0.0303 val_rmse=0.0605 val_r2=0.3745 val_mape=4.97%
    ep 108 (2.6s): train_loss=0.1541 train_rmse=0.0304 val_rmse=0.0603 val_r2=0.3793 val_mape=4.96%
    ep 109 (2.6s): train_loss=0.1728 train_rmse=0.0322 val_rmse=0.0605 val_r2=0.3747 val_mape=4.97%
    ep 110 (2.6s): train_loss=0.1689 train_rmse=0.0318 val_rmse=0.0602 val_r2=0.3813 val_mape=4.93%
    ep 111 (2.6s): train_loss=0.1663 train_rmse=0.0316 val_rmse=0.0601 val_r2=0.3826 val_mape=4.93%
    ep 112 (2.6s): train_loss=0.1632 train_rmse=0.0313 val_rmse=0.0601 val_r2=0.3835 val_mape=4.93%
    ep 113 (2.6s): train_loss=0.1659 train_rmse=0.0316 val_rmse=0.0605 val_r2=0.3758 val_mape=4.95%
    ep 114 (2.6s): train_loss=0.1528 train_rmse=0.0303 val_rmse=0.0604 val_r2=0.3767 val_mape=4.94%
    ep 115 (2.6s): train_loss=0.1647 train_rmse=0.0314 val_rmse=0.0607 val_r2=0.3714 val_mape=4.99%
    ep 116 (2.6s): train_loss=0.1536 train_rmse=0.0304 val_rmse=0.0603 val_r2=0.3787 val_mape=4.94%
    ep 117 (2.6s): train_loss=0.1650 train_rmse=0.0315 val_rmse=0.0601 val_r2=0.3829 val_mape=4.93%
    ep 118 (2.6s): train_loss=0.1813 train_rmse=0.0330 val_rmse=0.0602 val_r2=0.3817 val_mape=4.93%
    ep 119 (2.6s): train_loss=0.2020 train_rmse=0.0348 val_rmse=0.0603 val_r2=0.3791 val_mape=4.93%
    final: rmse=0.0547  mae=0.0323  r2=0.4897  mape=4.89%  (497.4s, best_ep=39)
  -- fold 3 --
    [seed] reset RNG for target/fold: 45
    [fold-norm] fit on 70 train wafers (fold 3)...
    [fold-norm] done (127.4s)
    target oxide_etch stats: mean=0.6565 std=0.0773
    [oes-band] correlation selection: stat=late_mean, top_k=256, train_wafers=70
    [oes-band] selected 256/3648 wavelengths (max|corr|=0.606, min selected |corr|=0.339, 58.4s)
    [aux] wafer-mean aux head ENABLED, weight=0.3
    [mixup] ENABLED  alpha=0.2  prob=1.0
    [ema] ENABLED  decay=0.999  validates on shadow weights
    [early-stop] DISABLED (patience=0). Will run full 120 epochs.
    ep   0 (30.2s): train_loss=0.8942 train_rmse=0.0731 val_rmse=0.0734 val_r2=0.0897 val_mape=8.73%
    ep   1 (2.9s): train_loss=0.7712 train_rmse=0.0679 val_rmse=0.0647 val_r2=0.2932 val_mape=7.75%
    ep   2 (2.7s): train_loss=0.6511 train_rmse=0.0624 val_rmse=0.0665 val_r2=0.2534 val_mape=7.78%
    ep   3 (2.7s): train_loss=0.7885 train_rmse=0.0687 val_rmse=0.0634 val_r2=0.3204 val_mape=7.52%
    ep   4 (2.6s): train_loss=0.7464 train_rmse=0.0668 val_rmse=0.0623 val_r2=0.3445 val_mape=7.34%
    ep   5 (2.6s): train_loss=0.5843 train_rmse=0.0591 val_rmse=0.0601 val_r2=0.3887 val_mape=6.99%
    ep   6 (2.6s): train_loss=0.5293 train_rmse=0.0563 val_rmse=0.0577 val_r2=0.4380 val_mape=6.49%
    ep   7 (2.6s): train_loss=0.4946 train_rmse=0.0544 val_rmse=0.0544 val_r2=0.5002 val_mape=5.87%
    ep   8 (2.7s): train_loss=0.5395 train_rmse=0.0568 val_rmse=0.0535 val_r2=0.5167 val_mape=5.70%
    ep   9 (2.7s): train_loss=0.4812 train_rmse=0.0536 val_rmse=0.0525 val_r2=0.5339 val_mape=5.41%
    ep  10 (2.6s): train_loss=0.5216 train_rmse=0.0558 val_rmse=0.0509 val_r2=0.5616 val_mape=5.22%
    ep  11 (2.7s): train_loss=0.5093 train_rmse=0.0552 val_rmse=0.0511 val_r2=0.5596 val_mape=5.09%
    ep  12 (2.7s): train_loss=0.5108 train_rmse=0.0553 val_rmse=0.0511 val_r2=0.5585 val_mape=5.08%
    ep  13 (2.7s): train_loss=0.4538 train_rmse=0.0521 val_rmse=0.0508 val_r2=0.5638 val_mape=4.98%
    ep  14 (2.7s): train_loss=0.5037 train_rmse=0.0549 val_rmse=0.0498 val_r2=0.5805 val_mape=4.89%
    ep  15 (2.7s): train_loss=0.4650 train_rmse=0.0527 val_rmse=0.0499 val_r2=0.5792 val_mape=4.80%
    ep  16 (2.7s): train_loss=0.4364 train_rmse=0.0511 val_rmse=0.0491 val_r2=0.5923 val_mape=4.72%
    ep  17 (2.7s): train_loss=0.4510 train_rmse=0.0519 val_rmse=0.0490 val_r2=0.5950 val_mape=4.70%
    ep  18 (2.7s): train_loss=0.4363 train_rmse=0.0511 val_rmse=0.0480 val_r2=0.6107 val_mape=4.53%
    ep  19 (2.7s): train_loss=0.4055 train_rmse=0.0492 val_rmse=0.0479 val_r2=0.6126 val_mape=4.49%
    ep  20 (2.7s): train_loss=0.4178 train_rmse=0.0500 val_rmse=0.0475 val_r2=0.6191 val_mape=4.45%
    ep  21 (2.7s): train_loss=0.3845 train_rmse=0.0479 val_rmse=0.0464 val_r2=0.6364 val_mape=4.41%
    ep  22 (2.7s): train_loss=0.3702 train_rmse=0.0470 val_rmse=0.0460 val_r2=0.6426 val_mape=4.33%
    ep  23 (2.7s): train_loss=0.3795 train_rmse=0.0476 val_rmse=0.0456 val_r2=0.6480 val_mape=4.26%
    ep  24 (2.7s): train_loss=0.3628 train_rmse=0.0466 val_rmse=0.0450 val_r2=0.6576 val_mape=4.17%
    ep  25 (2.7s): train_loss=0.3764 train_rmse=0.0474 val_rmse=0.0452 val_r2=0.6555 val_mape=4.11%
    ep  26 (2.7s): train_loss=0.3526 train_rmse=0.0459 val_rmse=0.0448 val_r2=0.6606 val_mape=4.04%
    ep  27 (2.7s): train_loss=0.3252 train_rmse=0.0441 val_rmse=0.0449 val_r2=0.6592 val_mape=4.04%
    ep  28 (2.7s): train_loss=0.4231 train_rmse=0.0503 val_rmse=0.0448 val_r2=0.6604 val_mape=4.03%
    ep  29 (2.7s): train_loss=0.3677 train_rmse=0.0469 val_rmse=0.0456 val_r2=0.6485 val_mape=4.09%
    ep  30 (2.7s): train_loss=0.3500 train_rmse=0.0457 val_rmse=0.0435 val_r2=0.6805 val_mape=3.87%
    ep  31 (2.7s): train_loss=0.3433 train_rmse=0.0453 val_rmse=0.0432 val_r2=0.6847 val_mape=3.80%
    ep  32 (2.7s): train_loss=0.3497 train_rmse=0.0457 val_rmse=0.0428 val_r2=0.6906 val_mape=3.78%
    ep  33 (2.7s): train_loss=0.3346 train_rmse=0.0447 val_rmse=0.0435 val_r2=0.6809 val_mape=3.83%
    ep  34 (2.7s): train_loss=0.3195 train_rmse=0.0437 val_rmse=0.0443 val_r2=0.6679 val_mape=3.93%
    ep  35 (2.7s): train_loss=0.2959 train_rmse=0.0421 val_rmse=0.0451 val_r2=0.6558 val_mape=4.00%
    ep  36 (2.7s): train_loss=0.3202 train_rmse=0.0438 val_rmse=0.0439 val_r2=0.6740 val_mape=3.82%
    ep  37 (2.7s): train_loss=0.3486 train_rmse=0.0457 val_rmse=0.0424 val_r2=0.6958 val_mape=3.66%
    ep  38 (2.7s): train_loss=0.3598 train_rmse=0.0464 val_rmse=0.0421 val_r2=0.7011 val_mape=3.69%
    ep  39 (2.7s): train_loss=0.3323 train_rmse=0.0446 val_rmse=0.0420 val_r2=0.7013 val_mape=3.68%
    ep  40 (2.7s): train_loss=0.2819 train_rmse=0.0411 val_rmse=0.0419 val_r2=0.7031 val_mape=3.66%
    ep  41 (2.6s): train_loss=0.3148 train_rmse=0.0434 val_rmse=0.0425 val_r2=0.6942 val_mape=3.76%
    ep  42 (2.6s): train_loss=0.2734 train_rmse=0.0404 val_rmse=0.0427 val_r2=0.6919 val_mape=3.75%
    ep  43 (2.6s): train_loss=0.2824 train_rmse=0.0411 val_rmse=0.0425 val_r2=0.6944 val_mape=3.70%
    ep  44 (2.6s): train_loss=0.3213 train_rmse=0.0438 val_rmse=0.0424 val_r2=0.6958 val_mape=3.67%
    ep  45 (2.6s): train_loss=0.2741 train_rmse=0.0405 val_rmse=0.0416 val_r2=0.7071 val_mape=3.57%
    ep  46 (2.6s): train_loss=0.2882 train_rmse=0.0415 val_rmse=0.0418 val_r2=0.7048 val_mape=3.57%
    ep  47 (2.6s): train_loss=0.2977 train_rmse=0.0422 val_rmse=0.0414 val_r2=0.7109 val_mape=3.49%
    ep  48 (2.6s): train_loss=0.3100 train_rmse=0.0431 val_rmse=0.0402 val_r2=0.7266 val_mape=3.34%
    ep  49 (2.6s): train_loss=0.2777 train_rmse=0.0407 val_rmse=0.0406 val_r2=0.7213 val_mape=3.39%
    ep  50 (2.6s): train_loss=0.2999 train_rmse=0.0423 val_rmse=0.0408 val_r2=0.7188 val_mape=3.41%
    ep  51 (2.6s): train_loss=0.3135 train_rmse=0.0433 val_rmse=0.0409 val_r2=0.7168 val_mape=3.45%
    ep  52 (2.7s): train_loss=0.2795 train_rmse=0.0409 val_rmse=0.0406 val_r2=0.7220 val_mape=3.42%
    ep  53 (2.8s): train_loss=0.2614 train_rmse=0.0395 val_rmse=0.0406 val_r2=0.7220 val_mape=3.41%
    ep  54 (2.7s): train_loss=0.2964 train_rmse=0.0421 val_rmse=0.0405 val_r2=0.7232 val_mape=3.41%
    ep  55 (2.7s): train_loss=0.2742 train_rmse=0.0405 val_rmse=0.0404 val_r2=0.7240 val_mape=3.40%
    ep  56 (2.7s): train_loss=0.2686 train_rmse=0.0401 val_rmse=0.0399 val_r2=0.7305 val_mape=3.34%
    ep  57 (2.7s): train_loss=0.2662 train_rmse=0.0399 val_rmse=0.0400 val_r2=0.7292 val_mape=3.36%
    ep  58 (2.6s): train_loss=0.2983 train_rmse=0.0422 val_rmse=0.0390 val_r2=0.7430 val_mape=3.26%
    ep  59 (2.6s): train_loss=0.2990 train_rmse=0.0423 val_rmse=0.0388 val_r2=0.7456 val_mape=3.22%
    ep  60 (2.6s): train_loss=0.2652 train_rmse=0.0398 val_rmse=0.0395 val_r2=0.7363 val_mape=3.32%
    ep  61 (2.6s): train_loss=0.2570 train_rmse=0.0392 val_rmse=0.0400 val_r2=0.7296 val_mape=3.38%
    ep  62 (2.6s): train_loss=0.2534 train_rmse=0.0389 val_rmse=0.0393 val_r2=0.7392 val_mape=3.26%
    ep  63 (2.6s): train_loss=0.2504 train_rmse=0.0387 val_rmse=0.0394 val_r2=0.7373 val_mape=3.27%
    ep  64 (2.6s): train_loss=0.2576 train_rmse=0.0392 val_rmse=0.0394 val_r2=0.7375 val_mape=3.23%
    ep  65 (2.6s): train_loss=0.3110 train_rmse=0.0431 val_rmse=0.0397 val_r2=0.7338 val_mape=3.23%
    ep  66 (2.6s): train_loss=0.3048 train_rmse=0.0427 val_rmse=0.0392 val_r2=0.7400 val_mape=3.19%
    ep  67 (2.6s): train_loss=0.2483 train_rmse=0.0385 val_rmse=0.0386 val_r2=0.7489 val_mape=3.14%
    ep  68 (2.6s): train_loss=0.2536 train_rmse=0.0389 val_rmse=0.0385 val_r2=0.7494 val_mape=3.15%
    ep  69 (2.6s): train_loss=0.2487 train_rmse=0.0386 val_rmse=0.0381 val_r2=0.7541 val_mape=3.11%
    ep  70 (2.6s): train_loss=0.2481 train_rmse=0.0385 val_rmse=0.0385 val_r2=0.7496 val_mape=3.16%
    ep  71 (2.6s): train_loss=0.2491 train_rmse=0.0386 val_rmse=0.0380 val_r2=0.7566 val_mape=3.08%
    ep  72 (2.6s): train_loss=0.2302 train_rmse=0.0371 val_rmse=0.0378 val_r2=0.7583 val_mape=3.05%
    ep  73 (2.6s): train_loss=0.2528 train_rmse=0.0389 val_rmse=0.0380 val_r2=0.7556 val_mape=3.06%
    ep  74 (2.7s): train_loss=0.2617 train_rmse=0.0396 val_rmse=0.0382 val_r2=0.7536 val_mape=3.10%
    ep  75 (2.6s): train_loss=0.2392 train_rmse=0.0378 val_rmse=0.0380 val_r2=0.7559 val_mape=3.07%
    ep  76 (2.7s): train_loss=0.2826 train_rmse=0.0411 val_rmse=0.0394 val_r2=0.7380 val_mape=3.22%
    ep  77 (2.7s): train_loss=0.2769 train_rmse=0.0407 val_rmse=0.0388 val_r2=0.7454 val_mape=3.16%
    ep  78 (2.7s): train_loss=0.2590 train_rmse=0.0393 val_rmse=0.0390 val_r2=0.7427 val_mape=3.21%
    ep  79 (2.7s): train_loss=0.2460 train_rmse=0.0383 val_rmse=0.0395 val_r2=0.7362 val_mape=3.27%
    ep  80 (2.7s): train_loss=0.2317 train_rmse=0.0372 val_rmse=0.0381 val_r2=0.7541 val_mape=3.15%
    ep  81 (2.6s): train_loss=0.2641 train_rmse=0.0397 val_rmse=0.0385 val_r2=0.7492 val_mape=3.23%
    ep  82 (2.6s): train_loss=0.2338 train_rmse=0.0374 val_rmse=0.0385 val_r2=0.7499 val_mape=3.21%
    ep  83 (2.6s): train_loss=0.2278 train_rmse=0.0369 val_rmse=0.0384 val_r2=0.7506 val_mape=3.14%
    ep  84 (2.6s): train_loss=0.2110 train_rmse=0.0355 val_rmse=0.0393 val_r2=0.7395 val_mape=3.31%
    ep  85 (2.6s): train_loss=0.2468 train_rmse=0.0384 val_rmse=0.0402 val_r2=0.7273 val_mape=3.40%
    ep  86 (2.6s): train_loss=0.2350 train_rmse=0.0375 val_rmse=0.0385 val_r2=0.7500 val_mape=3.25%
    ep  87 (2.6s): train_loss=0.2283 train_rmse=0.0369 val_rmse=0.0386 val_r2=0.7476 val_mape=3.20%
    ep  88 (2.6s): train_loss=0.2259 train_rmse=0.0368 val_rmse=0.0386 val_r2=0.7484 val_mape=3.23%
    ep  89 (2.6s): train_loss=0.2302 train_rmse=0.0371 val_rmse=0.0382 val_r2=0.7538 val_mape=3.14%
    ep  90 (2.6s): train_loss=0.2290 train_rmse=0.0370 val_rmse=0.0385 val_r2=0.7495 val_mape=3.17%
    ep  91 (2.6s): train_loss=0.2414 train_rmse=0.0380 val_rmse=0.0382 val_r2=0.7533 val_mape=3.11%
    ep  92 (2.6s): train_loss=0.2502 train_rmse=0.0387 val_rmse=0.0385 val_r2=0.7499 val_mape=3.18%
    ep  93 (2.6s): train_loss=0.2281 train_rmse=0.0369 val_rmse=0.0384 val_r2=0.7512 val_mape=3.11%
    ep  94 (2.6s): train_loss=0.2262 train_rmse=0.0368 val_rmse=0.0373 val_r2=0.7649 val_mape=3.02%
    ep  95 (2.6s): train_loss=0.2363 train_rmse=0.0376 val_rmse=0.0376 val_r2=0.7614 val_mape=3.05%
    ep  96 (2.6s): train_loss=0.2381 train_rmse=0.0377 val_rmse=0.0372 val_r2=0.7662 val_mape=3.02%
    ep  97 (2.6s): train_loss=0.2225 train_rmse=0.0365 val_rmse=0.0365 val_r2=0.7751 val_mape=2.95%
    ep  98 (2.6s): train_loss=0.2244 train_rmse=0.0366 val_rmse=0.0378 val_r2=0.7580 val_mape=3.08%
    ep  99 (2.6s): train_loss=0.2236 train_rmse=0.0366 val_rmse=0.0381 val_r2=0.7552 val_mape=3.14%
    ep 100 (2.6s): train_loss=0.2422 train_rmse=0.0380 val_rmse=0.0383 val_r2=0.7522 val_mape=3.13%
    ep 101 (2.6s): train_loss=0.2306 train_rmse=0.0371 val_rmse=0.0376 val_r2=0.7612 val_mape=3.03%
    ep 102 (2.6s): train_loss=0.2222 train_rmse=0.0364 val_rmse=0.0369 val_r2=0.7695 val_mape=3.00%
    ep 103 (2.6s): train_loss=0.2153 train_rmse=0.0359 val_rmse=0.0370 val_r2=0.7683 val_mape=2.98%
    ep 104 (2.6s): train_loss=0.2260 train_rmse=0.0368 val_rmse=0.0368 val_r2=0.7709 val_mape=2.98%
    ep 105 (2.6s): train_loss=0.2167 train_rmse=0.0360 val_rmse=0.0367 val_r2=0.7723 val_mape=2.99%
    ep 106 (2.6s): train_loss=0.2194 train_rmse=0.0362 val_rmse=0.0368 val_r2=0.7708 val_mape=3.01%
    ep 107 (2.6s): train_loss=0.2289 train_rmse=0.0370 val_rmse=0.0368 val_r2=0.7713 val_mape=2.99%
    ep 108 (2.6s): train_loss=0.2169 train_rmse=0.0360 val_rmse=0.0365 val_r2=0.7751 val_mape=2.94%
    ep 109 (2.6s): train_loss=0.2229 train_rmse=0.0365 val_rmse=0.0376 val_r2=0.7611 val_mape=3.07%
    ep 110 (2.6s): train_loss=0.2106 train_rmse=0.0355 val_rmse=0.0375 val_r2=0.7624 val_mape=3.05%
    ep 111 (2.6s): train_loss=0.2328 train_rmse=0.0373 val_rmse=0.0379 val_r2=0.7574 val_mape=3.12%
    ep 112 (2.6s): train_loss=0.2292 train_rmse=0.0370 val_rmse=0.0375 val_r2=0.7626 val_mape=3.05%
    ep 113 (2.6s): train_loss=0.2195 train_rmse=0.0362 val_rmse=0.0373 val_r2=0.7651 val_mape=3.04%
    ep 114 (2.6s): train_loss=0.2345 train_rmse=0.0374 val_rmse=0.0360 val_r2=0.7810 val_mape=2.92%
    ep 115 (2.6s): train_loss=0.2299 train_rmse=0.0371 val_rmse=0.0362 val_r2=0.7789 val_mape=2.91%
    ep 116 (2.6s): train_loss=0.2244 train_rmse=0.0366 val_rmse=0.0370 val_r2=0.7685 val_mape=3.02%
    ep 117 (2.6s): train_loss=0.1981 train_rmse=0.0344 val_rmse=0.0371 val_r2=0.7668 val_mape=3.06%
    ep 118 (2.6s): train_loss=0.2029 train_rmse=0.0348 val_rmse=0.0371 val_r2=0.7680 val_mape=3.03%
    ep 119 (2.6s): train_loss=0.2315 train_rmse=0.0372 val_rmse=0.0366 val_r2=0.7731 val_mape=3.02%
    final: rmse=0.0360  mae=0.0201  r2=0.7810  mape=2.92%  (530.4s, best_ep=114)
  -- fold 4 --
    [seed] reset RNG for target/fold: 46
    [fold-norm] fit on 70 train wafers (fold 4)...
    [fold-norm] done (105.9s)
    target oxide_etch stats: mean=0.6594 std=0.0768
    [oes-band] correlation selection: stat=late_mean, top_k=256, train_wafers=70
    [oes-band] selected 256/3648 wavelengths (max|corr|=0.584, min selected |corr|=0.332, 60.5s)
    [aux] wafer-mean aux head ENABLED, weight=0.3
    [mixup] ENABLED  alpha=0.2  prob=1.0
    [ema] ENABLED  decay=0.999  validates on shadow weights
    [early-stop] DISABLED (patience=0). Will run full 120 epochs.
    ep   0 (10.6s): train_loss=1.0220 train_rmse=0.0776 val_rmse=0.0795 val_r2=-0.0103 val_mape=9.96%
    ep   1 (3.1s): train_loss=0.8938 train_rmse=0.0726 val_rmse=0.0780 val_r2=0.0285 val_mape=9.75%
    ep   2 (2.6s): train_loss=0.8698 train_rmse=0.0716 val_rmse=0.0780 val_r2=0.0287 val_mape=9.76%
    ep   3 (2.6s): train_loss=0.9090 train_rmse=0.0732 val_rmse=0.0770 val_r2=0.0519 val_mape=9.56%
    ep   4 (2.6s): train_loss=0.7816 train_rmse=0.0679 val_rmse=0.0758 val_r2=0.0829 val_mape=9.31%
    ep   5 (2.6s): train_loss=0.8937 train_rmse=0.0726 val_rmse=0.0747 val_r2=0.1093 val_mape=9.28%
    ep   6 (2.6s): train_loss=0.8729 train_rmse=0.0717 val_rmse=0.0742 val_r2=0.1201 val_mape=9.06%
    ep   7 (2.6s): train_loss=0.8762 train_rmse=0.0719 val_rmse=0.0744 val_r2=0.1166 val_mape=9.11%
    ep   8 (2.6s): train_loss=0.7994 train_rmse=0.0687 val_rmse=0.0715 val_r2=0.1829 val_mape=8.75%
    ep   9 (2.6s): train_loss=0.8431 train_rmse=0.0705 val_rmse=0.0768 val_r2=0.0571 val_mape=9.51%
    ep  10 (2.6s): train_loss=0.7358 train_rmse=0.0659 val_rmse=0.0801 val_r2=-0.0247 val_mape=9.99%
    ep  11 (2.6s): train_loss=0.7684 train_rmse=0.0673 val_rmse=0.0786 val_r2=0.0132 val_mape=9.77%
    ep  12 (2.6s): train_loss=0.7637 train_rmse=0.0671 val_rmse=0.0710 val_r2=0.1941 val_mape=8.50%
    ep  13 (2.6s): train_loss=0.7492 train_rmse=0.0665 val_rmse=0.0701 val_r2=0.2146 val_mape=8.26%
    ep  14 (2.6s): train_loss=0.5890 train_rmse=0.0589 val_rmse=0.0688 val_r2=0.2447 val_mape=7.70%
    ep  15 (2.6s): train_loss=0.7118 train_rmse=0.0648 val_rmse=0.0693 val_r2=0.2329 val_mape=7.95%
    ep  16 (2.6s): train_loss=0.6545 train_rmse=0.0621 val_rmse=0.0766 val_r2=0.0623 val_mape=9.14%
    ep  17 (2.6s): train_loss=0.6598 train_rmse=0.0624 val_rmse=0.0742 val_r2=0.1215 val_mape=8.77%
    ep  18 (2.6s): train_loss=0.6334 train_rmse=0.0611 val_rmse=0.0690 val_r2=0.2388 val_mape=7.94%
    ep  19 (2.6s): train_loss=0.5835 train_rmse=0.0587 val_rmse=0.0674 val_r2=0.2738 val_mape=6.35%
    ep  20 (2.6s): train_loss=0.6353 train_rmse=0.0612 val_rmse=0.0683 val_r2=0.2538 val_mape=6.25%
    ep  21 (2.6s): train_loss=0.5911 train_rmse=0.0590 val_rmse=0.0696 val_r2=0.2253 val_mape=6.19%
    ep  22 (2.6s): train_loss=0.7350 train_rmse=0.0658 val_rmse=0.0742 val_r2=0.1206 val_mape=8.54%
    ep  23 (2.6s): train_loss=0.6807 train_rmse=0.0634 val_rmse=0.0802 val_r2=-0.0267 val_mape=9.09%
    ep  24 (2.6s): train_loss=0.5284 train_rmse=0.0558 val_rmse=0.0689 val_r2=0.2422 val_mape=7.75%
    ep  25 (2.6s): train_loss=0.6846 train_rmse=0.0635 val_rmse=0.0645 val_r2=0.3361 val_mape=6.29%
    ep  26 (2.6s): train_loss=0.6089 train_rmse=0.0599 val_rmse=0.0644 val_r2=0.3369 val_mape=6.37%
    ep  27 (2.6s): train_loss=0.6462 train_rmse=0.0617 val_rmse=0.0650 val_r2=0.3247 val_mape=5.81%
    ep  28 (2.6s): train_loss=0.5789 train_rmse=0.0584 val_rmse=0.0650 val_r2=0.3250 val_mape=5.75%
    ep  29 (2.6s): train_loss=0.6094 train_rmse=0.0599 val_rmse=0.0644 val_r2=0.3385 val_mape=5.80%
    ep  30 (2.6s): train_loss=0.5685 train_rmse=0.0579 val_rmse=0.0660 val_r2=0.3039 val_mape=7.20%
    ep  31 (2.6s): train_loss=0.6071 train_rmse=0.0598 val_rmse=0.0686 val_r2=0.2480 val_mape=7.59%
    ep  32 (2.6s): train_loss=0.6369 train_rmse=0.0613 val_rmse=0.0631 val_r2=0.3635 val_mape=6.07%
    ep  33 (2.6s): train_loss=0.5242 train_rmse=0.0556 val_rmse=0.0627 val_r2=0.3724 val_mape=6.36%
    ep  34 (2.6s): train_loss=0.5757 train_rmse=0.0583 val_rmse=0.0659 val_r2=0.3070 val_mape=7.14%
    ep  35 (2.6s): train_loss=0.5787 train_rmse=0.0584 val_rmse=0.0620 val_r2=0.3868 val_mape=5.99%
    ep  36 (2.6s): train_loss=0.5066 train_rmse=0.0547 val_rmse=0.0645 val_r2=0.3348 val_mape=5.44%
    ep  37 (2.6s): train_loss=0.4616 train_rmse=0.0522 val_rmse=0.0676 val_r2=0.2704 val_mape=5.60%
    ep  38 (2.6s): train_loss=0.4291 train_rmse=0.0503 val_rmse=0.0674 val_r2=0.2743 val_mape=5.45%
    ep  39 (2.6s): train_loss=0.4937 train_rmse=0.0539 val_rmse=0.0655 val_r2=0.3140 val_mape=5.30%
    ep  40 (2.6s): train_loss=0.5694 train_rmse=0.0579 val_rmse=0.0640 val_r2=0.3453 val_mape=5.32%
    ep  41 (2.6s): train_loss=0.4623 train_rmse=0.0522 val_rmse=0.0654 val_r2=0.3177 val_mape=5.26%
    ep  42 (2.6s): train_loss=0.4968 train_rmse=0.0541 val_rmse=0.0649 val_r2=0.3271 val_mape=5.23%
    ep  43 (2.6s): train_loss=0.5029 train_rmse=0.0544 val_rmse=0.0741 val_r2=0.1231 val_mape=6.04%
    ep  44 (2.6s): train_loss=0.5416 train_rmse=0.0565 val_rmse=0.0698 val_r2=0.2229 val_mape=5.52%
    ep  45 (2.6s): train_loss=0.4667 train_rmse=0.0525 val_rmse=0.0612 val_r2=0.4027 val_mape=5.76%
    ep  46 (2.6s): train_loss=0.4821 train_rmse=0.0533 val_rmse=0.0606 val_r2=0.4133 val_mape=6.03%
    ep  47 (2.6s): train_loss=0.4191 train_rmse=0.0497 val_rmse=0.0642 val_r2=0.3410 val_mape=5.11%
    ep  48 (2.6s): train_loss=0.3877 train_rmse=0.0478 val_rmse=0.0617 val_r2=0.3915 val_mape=5.17%
    ep  49 (2.6s): train_loss=0.4428 train_rmse=0.0511 val_rmse=0.0607 val_r2=0.4119 val_mape=5.41%
    ep  50 (2.6s): train_loss=0.4442 train_rmse=0.0512 val_rmse=0.0772 val_r2=0.0474 val_mape=8.18%
    ep  51 (2.6s): train_loss=0.5056 train_rmse=0.0546 val_rmse=0.0800 val_r2=-0.0212 val_mape=8.42%
    ep  52 (2.6s): train_loss=0.3899 train_rmse=0.0479 val_rmse=0.0775 val_r2=0.0413 val_mape=8.19%
    ep  53 (2.6s): train_loss=0.5228 train_rmse=0.0555 val_rmse=0.0655 val_r2=0.3139 val_mape=7.09%
    ep  54 (2.6s): train_loss=0.3927 train_rmse=0.0481 val_rmse=0.0577 val_r2=0.4673 val_mape=6.20%
    ep  55 (2.6s): train_loss=0.4149 train_rmse=0.0495 val_rmse=0.0632 val_r2=0.3630 val_mape=6.86%
    ep  56 (2.6s): train_loss=0.4741 train_rmse=0.0529 val_rmse=0.0808 val_r2=-0.0441 val_mape=8.51%
    ep  57 (2.6s): train_loss=0.4056 train_rmse=0.0489 val_rmse=0.0752 val_r2=0.0963 val_mape=7.99%
    ep  58 (2.6s): train_loss=0.5080 train_rmse=0.0547 val_rmse=0.0798 val_r2=-0.0182 val_mape=8.39%
    ep  59 (2.6s): train_loss=0.4474 train_rmse=0.0514 val_rmse=0.0773 val_r2=0.0463 val_mape=8.16%
    ep  60 (2.6s): train_loss=0.4772 train_rmse=0.0530 val_rmse=0.0717 val_r2=0.1791 val_mape=7.63%
    ep  61 (2.6s): train_loss=0.4002 train_rmse=0.0486 val_rmse=0.0610 val_r2=0.4054 val_mape=6.56%
    ep  62 (2.6s): train_loss=0.5062 train_rmse=0.0546 val_rmse=0.0781 val_r2=0.0246 val_mape=8.20%
    ep  63 (2.6s): train_loss=0.5093 train_rmse=0.0548 val_rmse=0.0590 val_r2=0.4449 val_mape=6.28%
    ep  64 (2.6s): train_loss=0.4073 train_rmse=0.0490 val_rmse=0.0586 val_r2=0.4508 val_mape=5.02%
    ep  65 (2.6s): train_loss=0.4162 train_rmse=0.0495 val_rmse=0.0669 val_r2=0.2841 val_mape=5.37%
    ep  66 (2.6s): train_loss=0.3734 train_rmse=0.0469 val_rmse=0.0657 val_r2=0.3113 val_mape=5.19%
    ep  67 (2.6s): train_loss=0.3745 train_rmse=0.0470 val_rmse=0.0636 val_r2=0.3547 val_mape=4.98%
    ep  68 (2.6s): train_loss=0.3390 train_rmse=0.0447 val_rmse=0.0621 val_r2=0.3844 val_mape=4.88%
    ep  69 (2.6s): train_loss=0.3185 train_rmse=0.0433 val_rmse=0.0604 val_r2=0.4175 val_mape=4.82%
    ep  70 (2.6s): train_loss=0.3444 train_rmse=0.0451 val_rmse=0.0601 val_r2=0.4240 val_mape=4.80%
    ep  71 (2.6s): train_loss=0.3753 train_rmse=0.0470 val_rmse=0.0591 val_r2=0.4419 val_mape=4.84%
    ep  72 (2.6s): train_loss=0.3296 train_rmse=0.0441 val_rmse=0.0562 val_r2=0.4960 val_mape=5.22%
    ep  73 (2.6s): train_loss=0.3458 train_rmse=0.0451 val_rmse=0.0556 val_r2=0.5055 val_mape=5.38%
    ep  74 (2.6s): train_loss=0.3690 train_rmse=0.0466 val_rmse=0.0551 val_r2=0.5153 val_mape=5.48%
    ep  75 (2.6s): train_loss=0.4126 train_rmse=0.0493 val_rmse=0.0748 val_r2=0.1074 val_mape=7.80%
    ep  76 (2.6s): train_loss=0.3396 train_rmse=0.0447 val_rmse=0.0736 val_r2=0.1349 val_mape=7.68%
    ep  77 (2.6s): train_loss=0.3056 train_rmse=0.0424 val_rmse=0.0670 val_r2=0.2836 val_mape=7.04%
    ep  78 (2.6s): train_loss=0.3230 train_rmse=0.0436 val_rmse=0.0556 val_r2=0.5060 val_mape=5.83%
    ep  79 (2.6s): train_loss=0.3607 train_rmse=0.0461 val_rmse=0.0591 val_r2=0.4416 val_mape=6.26%
    ep  80 (2.6s): train_loss=0.3803 train_rmse=0.0474 val_rmse=0.0562 val_r2=0.4957 val_mape=5.90%
    ep  81 (2.6s): train_loss=0.3281 train_rmse=0.0440 val_rmse=0.0719 val_r2=0.1740 val_mape=7.51%
    ep  82 (2.6s): train_loss=0.3974 train_rmse=0.0484 val_rmse=0.0618 val_r2=0.3894 val_mape=6.52%
    ep  83 (2.6s): train_loss=0.3877 train_rmse=0.0478 val_rmse=0.0709 val_r2=0.1961 val_mape=7.41%
    ep  84 (2.6s): train_loss=0.3629 train_rmse=0.0463 val_rmse=0.0573 val_r2=0.4751 val_mape=6.02%
    ep  85 (2.6s): train_loss=0.3644 train_rmse=0.0464 val_rmse=0.0534 val_r2=0.5442 val_mape=5.42%
    ep  86 (2.6s): train_loss=0.3430 train_rmse=0.0450 val_rmse=0.0528 val_r2=0.5547 val_mape=5.18%
    ep  87 (2.6s): train_loss=0.3168 train_rmse=0.0432 val_rmse=0.0529 val_r2=0.5528 val_mape=5.02%
    ep  88 (2.6s): train_loss=0.3149 train_rmse=0.0431 val_rmse=0.0524 val_r2=0.5609 val_mape=5.13%
    ep  89 (2.6s): train_loss=0.2788 train_rmse=0.0405 val_rmse=0.0524 val_r2=0.5612 val_mape=5.00%
    ep  90 (2.6s): train_loss=0.2830 train_rmse=0.0408 val_rmse=0.0539 val_r2=0.5353 val_mape=4.94%
    ep  91 (2.6s): train_loss=0.3233 train_rmse=0.0437 val_rmse=0.0526 val_r2=0.5577 val_mape=5.24%
    ep  92 (2.6s): train_loss=0.2880 train_rmse=0.0412 val_rmse=0.0543 val_r2=0.5283 val_mape=5.57%
    ep  93 (2.6s): train_loss=0.2883 train_rmse=0.0412 val_rmse=0.0534 val_r2=0.5451 val_mape=5.35%
    ep  94 (2.6s): train_loss=0.2721 train_rmse=0.0401 val_rmse=0.0520 val_r2=0.5676 val_mape=5.11%
    ep  95 (2.6s): train_loss=0.3060 train_rmse=0.0425 val_rmse=0.0541 val_r2=0.5332 val_mape=5.46%
    ep  96 (2.6s): train_loss=0.3027 train_rmse=0.0422 val_rmse=0.0577 val_r2=0.4682 val_mape=6.00%
    ep  97 (2.6s): train_loss=0.3103 train_rmse=0.0428 val_rmse=0.0541 val_r2=0.5323 val_mape=5.54%
    ep  98 (2.6s): train_loss=0.3019 train_rmse=0.0422 val_rmse=0.0523 val_r2=0.5634 val_mape=5.22%
    ep  99 (2.6s): train_loss=0.2867 train_rmse=0.0411 val_rmse=0.0537 val_r2=0.5387 val_mape=5.50%
    ep 100 (2.6s): train_loss=0.2929 train_rmse=0.0416 val_rmse=0.0549 val_r2=0.5193 val_mape=5.67%
    ep 101 (2.6s): train_loss=0.2941 train_rmse=0.0416 val_rmse=0.0527 val_r2=0.5557 val_mape=5.34%
    ep 102 (2.6s): train_loss=0.3103 train_rmse=0.0428 val_rmse=0.0563 val_r2=0.4946 val_mape=5.84%
    ep 103 (2.6s): train_loss=0.2814 train_rmse=0.0407 val_rmse=0.0537 val_r2=0.5394 val_mape=5.47%
    ep 104 (2.6s): train_loss=0.3367 train_rmse=0.0446 val_rmse=0.0565 val_r2=0.4904 val_mape=5.84%
    ep 105 (2.6s): train_loss=0.2763 train_rmse=0.0404 val_rmse=0.0538 val_r2=0.5374 val_mape=5.45%
    ep 106 (2.6s): train_loss=0.2858 train_rmse=0.0410 val_rmse=0.0518 val_r2=0.5708 val_mape=5.15%
    ep 107 (2.6s): train_loss=0.2784 train_rmse=0.0405 val_rmse=0.0526 val_r2=0.5580 val_mape=5.29%
    ep 108 (2.6s): train_loss=0.2712 train_rmse=0.0400 val_rmse=0.0541 val_r2=0.5322 val_mape=5.50%
    ep 109 (2.6s): train_loss=0.3180 train_rmse=0.0433 val_rmse=0.0543 val_r2=0.5298 val_mape=5.52%
    ep 110 (2.6s): train_loss=0.3675 train_rmse=0.0465 val_rmse=0.0550 val_r2=0.5177 val_mape=5.64%
    ep 111 (2.6s): train_loss=0.2730 train_rmse=0.0401 val_rmse=0.0517 val_r2=0.5732 val_mape=5.11%
    ep 112 (2.6s): train_loss=0.2875 train_rmse=0.0412 val_rmse=0.0523 val_r2=0.5629 val_mape=5.23%
    ep 113 (2.6s): train_loss=0.2864 train_rmse=0.0411 val_rmse=0.0524 val_r2=0.5622 val_mape=5.23%
    ep 114 (2.6s): train_loss=0.2419 train_rmse=0.0378 val_rmse=0.0517 val_r2=0.5737 val_mape=5.09%
    ep 115 (2.6s): train_loss=0.2689 train_rmse=0.0398 val_rmse=0.0514 val_r2=0.5779 val_mape=5.04%
    ep 116 (2.6s): train_loss=0.3423 train_rmse=0.0449 val_rmse=0.0508 val_r2=0.5879 val_mape=4.94%
    ep 117 (2.6s): train_loss=0.3194 train_rmse=0.0434 val_rmse=0.0521 val_r2=0.5658 val_mape=5.18%
    ep 118 (2.6s): train_loss=0.2756 train_rmse=0.0403 val_rmse=0.0520 val_r2=0.5675 val_mape=5.16%
    ep 119 (2.6s): train_loss=0.2805 train_rmse=0.0407 val_rmse=0.0530 val_r2=0.5507 val_mape=5.34%
    final: rmse=0.0508  mae=0.0309  r2=0.5879  mape=4.94%  (485.4s, best_ep=116)
  AGG    rmse=0.0440±0.0073  r2=0.6664±0.1103