Experiment dir: outputs\experiments\2026-05-27_04-16_dl-multimodal-oes-aux-wafer-mean-5fold
Config: configs\exp_dl_multimodal_oes_aux_wafer_mean_5fold.yaml
Device: cuda  (CUDA=True)
Cache: cache\v1  |  split: splits/kfold5_wafer.npz (StratifiedGroupKFold(n_splits=5, stratify=lot, group=wafer), running folds [0, 1, 2, 3, 4] of 5)
Targets: ['oxide_etch']  |  modality: multimodal

[setup] loading 88 wafers (one-time, shared across folds)...
[setup] done in 146.0s  (discover=0.2 load=145.8)
[setup] proc channels kept: 31
[setup] XGB injection features: 0 (disabled)
[setup] normalisation deferred to per-fold (no val leakage)

=== Target: oxide_etch ===
  -- fold 0 --
    [seed] reset RNG for target/fold: 42
    [fold-norm] fit on 70 train wafers (fold 0)...
    [fold-norm] done (91.2s)
    target oxide_etch stats: mean=0.6587 std=0.0773
    [oes-band] correlation selection: stat=late_mean, top_k=256, train_wafers=70
    [oes-band] selected 256/3648 wavelengths (max|corr|=0.618, min selected |corr|=0.324, 60.0s)
    [aux] wafer-mean aux head ENABLED, weight=0.3
    ep   0 (41.6s): train_loss=1.0354 train_rmse=0.0786 val_rmse=0.0760 val_r2=0.0364 val_mape=9.52%
    ep   1 (3.0s): train_loss=0.9223 train_rmse=0.0742 val_rmse=0.0698 val_r2=0.1885 val_mape=8.83%
    ep   2 (2.7s): train_loss=0.7789 train_rmse=0.0682 val_rmse=0.0653 val_r2=0.2899 val_mape=8.14%
    ep   3 (2.7s): train_loss=0.7497 train_rmse=0.0669 val_rmse=0.0624 val_r2=0.3517 val_mape=7.88%
    ep   4 (2.7s): train_loss=0.7838 train_rmse=0.0684 val_rmse=0.0635 val_r2=0.3275 val_mape=7.70%
    ep   5 (2.8s): train_loss=0.6499 train_rmse=0.0623 val_rmse=0.0612 val_r2=0.3759 val_mape=7.44%
    ep   6 (2.8s): train_loss=0.5835 train_rmse=0.0590 val_rmse=0.0578 val_r2=0.4434 val_mape=6.92%
    ep   7 (2.8s): train_loss=0.5713 train_rmse=0.0584 val_rmse=0.0587 val_r2=0.4248 val_mape=6.91%
    ep   8 (2.8s): train_loss=0.6027 train_rmse=0.0600 val_rmse=0.0562 val_r2=0.4743 val_mape=6.18%
    ep   9 (2.8s): train_loss=0.5158 train_rmse=0.0555 val_rmse=0.0548 val_r2=0.4998 val_mape=6.10%
    ep  10 (2.8s): train_loss=0.4944 train_rmse=0.0543 val_rmse=0.0522 val_r2=0.5459 val_mape=5.79%
    ep  11 (2.7s): train_loss=0.5208 train_rmse=0.0558 val_rmse=0.0497 val_r2=0.5888 val_mape=5.47%
    ep  12 (2.7s): train_loss=0.4468 train_rmse=0.0516 val_rmse=0.0504 val_r2=0.5767 val_mape=5.32%
    ep  13 (2.7s): train_loss=0.5277 train_rmse=0.0561 val_rmse=0.0491 val_r2=0.5978 val_mape=5.23%
    ep  14 (2.7s): train_loss=0.4890 train_rmse=0.0540 val_rmse=0.0492 val_r2=0.5968 val_mape=5.63%
    ep  15 (2.7s): train_loss=0.5369 train_rmse=0.0566 val_rmse=0.0504 val_r2=0.5764 val_mape=5.37%
    ep  16 (2.7s): train_loss=0.4413 train_rmse=0.0513 val_rmse=0.0513 val_r2=0.5611 val_mape=5.14%
    ep  17 (2.7s): train_loss=0.4117 train_rmse=0.0496 val_rmse=0.0522 val_r2=0.5451 val_mape=5.29%
    ep  18 (2.7s): train_loss=0.3977 train_rmse=0.0487 val_rmse=0.0487 val_r2=0.6043 val_mape=4.95%
    ep  19 (2.7s): train_loss=0.3844 train_rmse=0.0479 val_rmse=0.0483 val_r2=0.6114 val_mape=4.99%
    ep  20 (2.7s): train_loss=0.4845 train_rmse=0.0538 val_rmse=0.0504 val_r2=0.5757 val_mape=4.88%
    ep  21 (2.7s): train_loss=0.4246 train_rmse=0.0503 val_rmse=0.0455 val_r2=0.6548 val_mape=4.77%
    ep  22 (2.7s): train_loss=0.5623 train_rmse=0.0579 val_rmse=0.0509 val_r2=0.5674 val_mape=4.67%
    ep  23 (2.7s): train_loss=0.4503 train_rmse=0.0518 val_rmse=0.0491 val_r2=0.5980 val_mape=4.77%
    ep  24 (2.7s): train_loss=0.3901 train_rmse=0.0483 val_rmse=0.0466 val_r2=0.6386 val_mape=4.69%
    ep  25 (2.7s): train_loss=0.3615 train_rmse=0.0465 val_rmse=0.0456 val_r2=0.6535 val_mape=4.66%
    ep  26 (2.7s): train_loss=0.3713 train_rmse=0.0471 val_rmse=0.0473 val_r2=0.6263 val_mape=4.62%
    ep  27 (2.7s): train_loss=0.3406 train_rmse=0.0451 val_rmse=0.0475 val_r2=0.6238 val_mape=4.54%
    ep  28 (2.7s): train_loss=0.3286 train_rmse=0.0443 val_rmse=0.0460 val_r2=0.6477 val_mape=4.40%
    ep  29 (2.7s): train_loss=0.3495 train_rmse=0.0457 val_rmse=0.0452 val_r2=0.6588 val_mape=4.41%
    ep  30 (2.7s): train_loss=0.3429 train_rmse=0.0452 val_rmse=0.0457 val_r2=0.6524 val_mape=4.44%
    ep  31 (2.7s): train_loss=0.3259 train_rmse=0.0441 val_rmse=0.0457 val_r2=0.6515 val_mape=4.33%
    ep  32 (2.7s): train_loss=0.3187 train_rmse=0.0436 val_rmse=0.0446 val_r2=0.6690 val_mape=4.17%
    ep  33 (2.7s): train_loss=0.3242 train_rmse=0.0440 val_rmse=0.0457 val_r2=0.6525 val_mape=4.26%
    ep  34 (2.8s): train_loss=0.3194 train_rmse=0.0437 val_rmse=0.0456 val_r2=0.6535 val_mape=4.22%
    ep  35 (2.8s): train_loss=0.3165 train_rmse=0.0435 val_rmse=0.0451 val_r2=0.6608 val_mape=4.08%
    ep  36 (2.8s): train_loss=0.3186 train_rmse=0.0436 val_rmse=0.0455 val_r2=0.6548 val_mape=3.97%
    ep  37 (2.7s): train_loss=0.3131 train_rmse=0.0432 val_rmse=0.0441 val_r2=0.6764 val_mape=3.97%
    ep  38 (2.8s): train_loss=0.3250 train_rmse=0.0440 val_rmse=0.0423 val_r2=0.7016 val_mape=4.06%
    ep  39 (2.8s): train_loss=0.3155 train_rmse=0.0434 val_rmse=0.0437 val_r2=0.6822 val_mape=4.08%
    ep  40 (2.8s): train_loss=0.3014 train_rmse=0.0424 val_rmse=0.0444 val_r2=0.6721 val_mape=4.11%
    ep  41 (2.8s): train_loss=0.3027 train_rmse=0.0425 val_rmse=0.0434 val_r2=0.6863 val_mape=4.04%
    ep  42 (2.8s): train_loss=0.2997 train_rmse=0.0423 val_rmse=0.0430 val_r2=0.6915 val_mape=3.98%
    ep  43 (2.8s): train_loss=0.3003 train_rmse=0.0423 val_rmse=0.0427 val_r2=0.6956 val_mape=3.97%
    ep  44 (2.8s): train_loss=0.2980 train_rmse=0.0422 val_rmse=0.0429 val_r2=0.6935 val_mape=4.00%
    ep  45 (2.8s): train_loss=0.2925 train_rmse=0.0418 val_rmse=0.0425 val_r2=0.6995 val_mape=3.87%
    ep  46 (2.8s): train_loss=0.2915 train_rmse=0.0417 val_rmse=0.0411 val_r2=0.7179 val_mape=3.83%
    ep  47 (2.8s): train_loss=0.2905 train_rmse=0.0416 val_rmse=0.0421 val_r2=0.7051 val_mape=3.66%
    ep  48 (2.8s): train_loss=0.3062 train_rmse=0.0428 val_rmse=0.0431 val_r2=0.6910 val_mape=3.60%
    ep  49 (2.8s): train_loss=0.2905 train_rmse=0.0416 val_rmse=0.0448 val_r2=0.6651 val_mape=3.67%
    ep  50 (2.7s): train_loss=0.2855 train_rmse=0.0413 val_rmse=0.0434 val_r2=0.6862 val_mape=3.63%
    ep  51 (2.8s): train_loss=0.2805 train_rmse=0.0409 val_rmse=0.0433 val_r2=0.6881 val_mape=3.66%
    ep  52 (2.8s): train_loss=0.2767 train_rmse=0.0406 val_rmse=0.0418 val_r2=0.7084 val_mape=3.58%
    ep  53 (2.8s): train_loss=0.2873 train_rmse=0.0414 val_rmse=0.0454 val_r2=0.6565 val_mape=3.68%
    ep  54 (2.8s): train_loss=0.2726 train_rmse=0.0403 val_rmse=0.0434 val_r2=0.6856 val_mape=3.68%
    ep  55 (2.7s): train_loss=0.2757 train_rmse=0.0406 val_rmse=0.0410 val_r2=0.7192 val_mape=3.50%
    ep  56 (2.7s): train_loss=0.2755 train_rmse=0.0406 val_rmse=0.0416 val_r2=0.7109 val_mape=3.57%
    ep  57 (2.7s): train_loss=0.2711 train_rmse=0.0402 val_rmse=0.0427 val_r2=0.6962 val_mape=3.60%
    ep  58 (2.7s): train_loss=0.2787 train_rmse=0.0408 val_rmse=0.0400 val_r2=0.7331 val_mape=3.45%
    ep  59 (2.7s): train_loss=0.2808 train_rmse=0.0409 val_rmse=0.0404 val_r2=0.7274 val_mape=3.52%
    ep  60 (2.7s): train_loss=0.2763 train_rmse=0.0406 val_rmse=0.0410 val_r2=0.7193 val_mape=3.56%
    ep  61 (2.7s): train_loss=0.2708 train_rmse=0.0402 val_rmse=0.0419 val_r2=0.7076 val_mape=3.61%
    ep  62 (2.7s): train_loss=0.2639 train_rmse=0.0397 val_rmse=0.0399 val_r2=0.7344 val_mape=3.47%
    ep  63 (2.7s): train_loss=0.2853 train_rmse=0.0413 val_rmse=0.0390 val_r2=0.7469 val_mape=3.33%
    ep  64 (2.7s): train_loss=0.2729 train_rmse=0.0404 val_rmse=0.0409 val_r2=0.7213 val_mape=3.47%
    ep  65 (2.7s): train_loss=0.2620 train_rmse=0.0395 val_rmse=0.0405 val_r2=0.7262 val_mape=3.48%
    ep  66 (2.7s): train_loss=0.2660 train_rmse=0.0399 val_rmse=0.0401 val_r2=0.7320 val_mape=3.45%
    ep  67 (2.7s): train_loss=0.2677 train_rmse=0.0400 val_rmse=0.0401 val_r2=0.7316 val_mape=3.49%
    ep  68 (2.7s): train_loss=0.2669 train_rmse=0.0399 val_rmse=0.0409 val_r2=0.7210 val_mape=3.51%
    ep  69 (2.7s): train_loss=0.2618 train_rmse=0.0395 val_rmse=0.0419 val_r2=0.7074 val_mape=3.56%
    ep  70 (2.7s): train_loss=0.2607 train_rmse=0.0395 val_rmse=0.0409 val_r2=0.7218 val_mape=3.50%
    ep  71 (2.7s): train_loss=0.2660 train_rmse=0.0398 val_rmse=0.0401 val_r2=0.7321 val_mape=3.46%
    ep  72 (2.7s): train_loss=0.2652 train_rmse=0.0398 val_rmse=0.0400 val_r2=0.7339 val_mape=3.46%
    ep  73 (2.7s): train_loss=0.2733 train_rmse=0.0404 val_rmse=0.0400 val_r2=0.7334 val_mape=3.46%
    ep  74 (2.7s): train_loss=0.2656 train_rmse=0.0398 val_rmse=0.0401 val_r2=0.7323 val_mape=3.45%
    ep  75 (2.7s): train_loss=0.2577 train_rmse=0.0392 val_rmse=0.0412 val_r2=0.7173 val_mape=3.54%
    ep  76 (2.7s): train_loss=0.2599 train_rmse=0.0394 val_rmse=0.0410 val_r2=0.7195 val_mape=3.54%
    ep  77 (2.7s): train_loss=0.2750 train_rmse=0.0405 val_rmse=0.0400 val_r2=0.7338 val_mape=3.44%
    ep  78 (2.7s): train_loss=0.2655 train_rmse=0.0398 val_rmse=0.0408 val_r2=0.7221 val_mape=3.49%
    early stop @ epoch 78 (best 63, val_rmse=0.0390)
    final: rmse=0.0390  mae=0.0222  r2=0.7469  mape=3.33%  (408.7s, best_ep=63)
  -- fold 1 --
    [seed] reset RNG for target/fold: 43
    [fold-norm] fit on 71 train wafers (fold 1)...
    [fold-norm] done (123.6s)
    target oxide_etch stats: mean=0.6585 std=0.0776
    [oes-band] correlation selection: stat=late_mean, top_k=256, train_wafers=71
    [oes-band] selected 256/3648 wavelengths (max|corr|=0.563, min selected |corr|=0.346, 63.2s)
    [aux] wafer-mean aux head ENABLED, weight=0.3
    ep   0 (22.9s): train_loss=1.0053 train_rmse=0.0779 val_rmse=0.0736 val_r2=0.0594 val_mape=9.12%
    ep   1 (3.0s): train_loss=0.8932 train_rmse=0.0734 val_rmse=0.0639 val_r2=0.2910 val_mape=7.96%
    ep   2 (2.7s): train_loss=0.7861 train_rmse=0.0688 val_rmse=0.0658 val_r2=0.2478 val_mape=8.21%
    ep   3 (2.7s): train_loss=0.7912 train_rmse=0.0691 val_rmse=0.0612 val_r2=0.3492 val_mape=7.62%
    ep   4 (2.7s): train_loss=0.6726 train_rmse=0.0637 val_rmse=0.0586 val_r2=0.4036 val_mape=7.11%
    ep   5 (2.7s): train_loss=0.6583 train_rmse=0.0630 val_rmse=0.0545 val_r2=0.4846 val_mape=6.33%
    ep   6 (2.9s): train_loss=0.6035 train_rmse=0.0603 val_rmse=0.0532 val_r2=0.5084 val_mape=5.83%
    ep   7 (2.8s): train_loss=0.6026 train_rmse=0.0603 val_rmse=0.0518 val_r2=0.5335 val_mape=5.54%
    ep   8 (2.8s): train_loss=0.5634 train_rmse=0.0583 val_rmse=0.0670 val_r2=0.2191 val_mape=7.94%
    ep   9 (2.8s): train_loss=0.5261 train_rmse=0.0563 val_rmse=0.0512 val_r2=0.5440 val_mape=5.45%
    ep  10 (2.9s): train_loss=0.5190 train_rmse=0.0559 val_rmse=0.0508 val_r2=0.5523 val_mape=5.36%
    ep  11 (2.8s): train_loss=0.4748 train_rmse=0.0535 val_rmse=0.0511 val_r2=0.5463 val_mape=5.59%
    ep  12 (2.6s): train_loss=0.4700 train_rmse=0.0532 val_rmse=0.0493 val_r2=0.5776 val_mape=4.92%
    ep  13 (2.6s): train_loss=0.4325 train_rmse=0.0511 val_rmse=0.0489 val_r2=0.5845 val_mape=4.92%
    ep  14 (2.6s): train_loss=0.4305 train_rmse=0.0509 val_rmse=0.0486 val_r2=0.5891 val_mape=4.97%
    ep  15 (2.6s): train_loss=0.4008 train_rmse=0.0492 val_rmse=0.0479 val_r2=0.6012 val_mape=4.83%
    ep  16 (2.6s): train_loss=0.4266 train_rmse=0.0507 val_rmse=0.0479 val_r2=0.6008 val_mape=4.85%
    ep  17 (2.6s): train_loss=0.5210 train_rmse=0.0560 val_rmse=0.0477 val_r2=0.6046 val_mape=4.71%
    ep  18 (2.6s): train_loss=0.4656 train_rmse=0.0530 val_rmse=0.0477 val_r2=0.6050 val_mape=4.82%
    ep  19 (2.6s): train_loss=0.4194 train_rmse=0.0503 val_rmse=0.0467 val_r2=0.6203 val_mape=4.46%
    ep  20 (2.6s): train_loss=0.3897 train_rmse=0.0485 val_rmse=0.0496 val_r2=0.5726 val_mape=4.95%
    ep  21 (2.6s): train_loss=0.4181 train_rmse=0.0502 val_rmse=0.0478 val_r2=0.6027 val_mape=4.82%
    ep  22 (2.6s): train_loss=0.3600 train_rmse=0.0466 val_rmse=0.0471 val_r2=0.6146 val_mape=4.64%
    ep  23 (2.6s): train_loss=0.3678 train_rmse=0.0471 val_rmse=0.0456 val_r2=0.6388 val_mape=4.39%
    ep  24 (2.6s): train_loss=0.3521 train_rmse=0.0461 val_rmse=0.0503 val_r2=0.5602 val_mape=4.91%
    ep  25 (2.6s): train_loss=0.3506 train_rmse=0.0460 val_rmse=0.0452 val_r2=0.6445 val_mape=4.47%
    ep  26 (2.6s): train_loss=0.3369 train_rmse=0.0451 val_rmse=0.0450 val_r2=0.6475 val_mape=4.30%
    ep  27 (2.6s): train_loss=0.3317 train_rmse=0.0447 val_rmse=0.0445 val_r2=0.6556 val_mape=4.16%
    ep  28 (2.6s): train_loss=0.3313 train_rmse=0.0447 val_rmse=0.0446 val_r2=0.6546 val_mape=4.17%
    ep  29 (2.6s): train_loss=0.3134 train_rmse=0.0435 val_rmse=0.0446 val_r2=0.6540 val_mape=4.31%
    ep  30 (2.6s): train_loss=0.3319 train_rmse=0.0447 val_rmse=0.0450 val_r2=0.6475 val_mape=4.41%
    ep  31 (2.7s): train_loss=0.3110 train_rmse=0.0433 val_rmse=0.0442 val_r2=0.6604 val_mape=4.19%
    ep  32 (2.7s): train_loss=0.2998 train_rmse=0.0425 val_rmse=0.0436 val_r2=0.6690 val_mape=4.02%
    ep  33 (2.6s): train_loss=0.3000 train_rmse=0.0425 val_rmse=0.0436 val_r2=0.6700 val_mape=3.98%
    ep  34 (2.6s): train_loss=0.2994 train_rmse=0.0425 val_rmse=0.0448 val_r2=0.6509 val_mape=4.15%
    ep  35 (2.6s): train_loss=0.2957 train_rmse=0.0422 val_rmse=0.0432 val_r2=0.6764 val_mape=4.03%
    ep  36 (2.6s): train_loss=0.2921 train_rmse=0.0420 val_rmse=0.0439 val_r2=0.6656 val_mape=3.97%
    ep  37 (2.6s): train_loss=0.2777 train_rmse=0.0409 val_rmse=0.0445 val_r2=0.6559 val_mape=4.22%
    ep  38 (2.6s): train_loss=0.2840 train_rmse=0.0414 val_rmse=0.0428 val_r2=0.6812 val_mape=3.94%
    ep  39 (2.6s): train_loss=0.2784 train_rmse=0.0410 val_rmse=0.0433 val_r2=0.6749 val_mape=4.05%
    ep  40 (2.6s): train_loss=0.2681 train_rmse=0.0402 val_rmse=0.0426 val_r2=0.6845 val_mape=3.92%
    ep  41 (2.6s): train_loss=0.2738 train_rmse=0.0406 val_rmse=0.0443 val_r2=0.6589 val_mape=3.96%
    ep  42 (2.6s): train_loss=0.2605 train_rmse=0.0396 val_rmse=0.0431 val_r2=0.6769 val_mape=4.01%
    ep  43 (2.6s): train_loss=0.2660 train_rmse=0.0400 val_rmse=0.0423 val_r2=0.6888 val_mape=3.94%
    ep  44 (2.6s): train_loss=0.2933 train_rmse=0.0420 val_rmse=0.0450 val_r2=0.6481 val_mape=4.07%
    ep  45 (2.6s): train_loss=0.2562 train_rmse=0.0393 val_rmse=0.0422 val_r2=0.6912 val_mape=3.85%
    ep  46 (2.7s): train_loss=0.2621 train_rmse=0.0398 val_rmse=0.0429 val_r2=0.6802 val_mape=3.88%
    ep  47 (2.6s): train_loss=0.2590 train_rmse=0.0395 val_rmse=0.0435 val_r2=0.6714 val_mape=4.08%
    ep  48 (2.6s): train_loss=0.2560 train_rmse=0.0393 val_rmse=0.0424 val_r2=0.6881 val_mape=3.87%
    ep  49 (2.6s): train_loss=0.2498 train_rmse=0.0388 val_rmse=0.0417 val_r2=0.6973 val_mape=3.84%
    ep  50 (2.6s): train_loss=0.2488 train_rmse=0.0387 val_rmse=0.0427 val_r2=0.6827 val_mape=4.03%
    ep  51 (2.6s): train_loss=0.2474 train_rmse=0.0386 val_rmse=0.0416 val_r2=0.6998 val_mape=3.88%
    ep  52 (2.7s): train_loss=0.2456 train_rmse=0.0385 val_rmse=0.0413 val_r2=0.7034 val_mape=3.71%
    ep  53 (2.7s): train_loss=0.2469 train_rmse=0.0386 val_rmse=0.0418 val_r2=0.6957 val_mape=3.81%
    ep  54 (2.7s): train_loss=0.2422 train_rmse=0.0382 val_rmse=0.0417 val_r2=0.6978 val_mape=3.80%
    ep  55 (2.7s): train_loss=0.2393 train_rmse=0.0380 val_rmse=0.0416 val_r2=0.6993 val_mape=3.72%
    ep  56 (2.7s): train_loss=0.2406 train_rmse=0.0381 val_rmse=0.0424 val_r2=0.6883 val_mape=3.90%
    ep  57 (2.7s): train_loss=0.2394 train_rmse=0.0380 val_rmse=0.0417 val_r2=0.6983 val_mape=3.75%
    ep  58 (2.7s): train_loss=0.2423 train_rmse=0.0382 val_rmse=0.0424 val_r2=0.6869 val_mape=3.87%
    ep  59 (2.7s): train_loss=0.2320 train_rmse=0.0374 val_rmse=0.0420 val_r2=0.6938 val_mape=3.77%
    ep  60 (2.7s): train_loss=0.2358 train_rmse=0.0377 val_rmse=0.0414 val_r2=0.7023 val_mape=3.74%
    ep  61 (2.7s): train_loss=0.2308 train_rmse=0.0373 val_rmse=0.0412 val_r2=0.7056 val_mape=3.66%
    ep  62 (2.7s): train_loss=0.2334 train_rmse=0.0375 val_rmse=0.0412 val_r2=0.7055 val_mape=3.64%
    ep  63 (2.7s): train_loss=0.2293 train_rmse=0.0372 val_rmse=0.0409 val_r2=0.7097 val_mape=3.63%
    ep  64 (2.7s): train_loss=0.2337 train_rmse=0.0375 val_rmse=0.0411 val_r2=0.7067 val_mape=3.63%
    ep  65 (2.7s): train_loss=0.2206 train_rmse=0.0365 val_rmse=0.0413 val_r2=0.7034 val_mape=3.70%
    ep  66 (2.7s): train_loss=0.2245 train_rmse=0.0368 val_rmse=0.0416 val_r2=0.6994 val_mape=3.73%
    ep  67 (2.7s): train_loss=0.2264 train_rmse=0.0369 val_rmse=0.0416 val_r2=0.6994 val_mape=3.70%
    ep  68 (2.7s): train_loss=0.2319 train_rmse=0.0374 val_rmse=0.0414 val_r2=0.7027 val_mape=3.68%
    ep  69 (2.7s): train_loss=0.2231 train_rmse=0.0367 val_rmse=0.0413 val_r2=0.7032 val_mape=3.68%
    ep  70 (2.7s): train_loss=0.2172 train_rmse=0.0362 val_rmse=0.0414 val_r2=0.7025 val_mape=3.73%
    ep  71 (2.7s): train_loss=0.2198 train_rmse=0.0364 val_rmse=0.0412 val_r2=0.7044 val_mape=3.71%
    ep  72 (2.7s): train_loss=0.2250 train_rmse=0.0368 val_rmse=0.0412 val_r2=0.7050 val_mape=3.66%
    ep  73 (2.7s): train_loss=0.2276 train_rmse=0.0370 val_rmse=0.0412 val_r2=0.7047 val_mape=3.66%
    ep  74 (2.7s): train_loss=0.2186 train_rmse=0.0363 val_rmse=0.0412 val_r2=0.7049 val_mape=3.68%
    ep  75 (2.7s): train_loss=0.2271 train_rmse=0.0370 val_rmse=0.0412 val_r2=0.7045 val_mape=3.68%
    ep  76 (2.7s): train_loss=0.2241 train_rmse=0.0368 val_rmse=0.0412 val_r2=0.7054 val_mape=3.68%
    ep  77 (2.7s): train_loss=0.2255 train_rmse=0.0369 val_rmse=0.0412 val_r2=0.7046 val_mape=3.68%
    ep  78 (2.7s): train_loss=0.2154 train_rmse=0.0360 val_rmse=0.0412 val_r2=0.7050 val_mape=3.68%
    early stop @ epoch 78 (best 63, val_rmse=0.0409)
    final: rmse=0.0409  mae=0.0239  r2=0.7097  mape=3.63%  (418.2s, best_ep=63)
  -- fold 2 --
    [seed] reset RNG for target/fold: 44
    [fold-norm] fit on 71 train wafers (fold 2)...
    [fold-norm] done (113.5s)
    target oxide_etch stats: mean=0.6577 std=0.0775
    [oes-band] correlation selection: stat=late_mean, top_k=256, train_wafers=71
    [oes-band] selected 256/3648 wavelengths (max|corr|=0.619, min selected |corr|=0.367, 60.3s)
    [aux] wafer-mean aux head ENABLED, weight=0.3
    ep   0 (22.4s): train_loss=0.9870 train_rmse=0.0770 val_rmse=0.0743 val_r2=0.0582 val_mape=9.05%
    ep   1 (2.8s): train_loss=0.8190 train_rmse=0.0701 val_rmse=0.0737 val_r2=0.0732 val_mape=8.90%
    ep   2 (2.5s): train_loss=0.7405 train_rmse=0.0667 val_rmse=0.0740 val_r2=0.0658 val_mape=8.71%
    ep   3 (2.5s): train_loss=0.6756 train_rmse=0.0637 val_rmse=0.0668 val_r2=0.2391 val_mape=8.17%
    ep   4 (2.5s): train_loss=0.6688 train_rmse=0.0634 val_rmse=0.0641 val_r2=0.2991 val_mape=7.68%
    ep   5 (2.5s): train_loss=0.6025 train_rmse=0.0601 val_rmse=0.0613 val_r2=0.3586 val_mape=6.87%
    ep   6 (2.5s): train_loss=0.5402 train_rmse=0.0569 val_rmse=0.0662 val_r2=0.2508 val_mape=7.18%
    ep   7 (2.5s): train_loss=0.4883 train_rmse=0.0541 val_rmse=0.0611 val_r2=0.3619 val_mape=6.38%
    ep   8 (2.5s): train_loss=0.4766 train_rmse=0.0535 val_rmse=0.0731 val_r2=0.0888 val_mape=7.25%
    ep   9 (2.5s): train_loss=0.5319 train_rmse=0.0565 val_rmse=0.0638 val_r2=0.3056 val_mape=7.09%
    ep  10 (2.5s): train_loss=0.4970 train_rmse=0.0546 val_rmse=0.0634 val_r2=0.3132 val_mape=6.33%
    ep  11 (2.5s): train_loss=0.5210 train_rmse=0.0559 val_rmse=0.0631 val_r2=0.3200 val_mape=6.20%
    ep  12 (2.5s): train_loss=0.4774 train_rmse=0.0535 val_rmse=0.0640 val_r2=0.3011 val_mape=6.21%
    ep  13 (2.5s): train_loss=0.4026 train_rmse=0.0492 val_rmse=0.0653 val_r2=0.2714 val_mape=6.35%
    ep  14 (2.5s): train_loss=0.4026 train_rmse=0.0492 val_rmse=0.0642 val_r2=0.2969 val_mape=6.36%
    ep  15 (2.5s): train_loss=0.3654 train_rmse=0.0468 val_rmse=0.0640 val_r2=0.3003 val_mape=6.03%
    ep  16 (2.5s): train_loss=0.3620 train_rmse=0.0466 val_rmse=0.0675 val_r2=0.2228 val_mape=6.35%
    ep  17 (2.5s): train_loss=0.3421 train_rmse=0.0453 val_rmse=0.0671 val_r2=0.2315 val_mape=6.26%
    ep  18 (2.5s): train_loss=0.3225 train_rmse=0.0440 val_rmse=0.0627 val_r2=0.3280 val_mape=5.85%
    ep  19 (2.5s): train_loss=0.3300 train_rmse=0.0445 val_rmse=0.0624 val_r2=0.3348 val_mape=5.77%
    ep  20 (2.5s): train_loss=0.3132 train_rmse=0.0434 val_rmse=0.0572 val_r2=0.4417 val_mape=5.44%
    ep  21 (2.5s): train_loss=0.3155 train_rmse=0.0435 val_rmse=0.0576 val_r2=0.4335 val_mape=5.68%
    ep  22 (2.5s): train_loss=0.2944 train_rmse=0.0420 val_rmse=0.0583 val_r2=0.4206 val_mape=5.43%
    ep  23 (2.5s): train_loss=0.2878 train_rmse=0.0416 val_rmse=0.0567 val_r2=0.4518 val_mape=5.29%
    ep  24 (2.5s): train_loss=0.4558 train_rmse=0.0523 val_rmse=0.0568 val_r2=0.4500 val_mape=5.69%
    ep  25 (2.5s): train_loss=0.3137 train_rmse=0.0434 val_rmse=0.0589 val_r2=0.4077 val_mape=5.74%
    ep  26 (2.5s): train_loss=0.3272 train_rmse=0.0443 val_rmse=0.0594 val_r2=0.3985 val_mape=5.40%
    ep  27 (2.5s): train_loss=0.2939 train_rmse=0.0420 val_rmse=0.0576 val_r2=0.4342 val_mape=5.39%
    ep  28 (2.5s): train_loss=0.2874 train_rmse=0.0415 val_rmse=0.0541 val_r2=0.5001 val_mape=5.04%
    ep  29 (2.5s): train_loss=0.2675 train_rmse=0.0401 val_rmse=0.0540 val_r2=0.5019 val_mape=4.99%
    ep  30 (2.5s): train_loss=0.2760 train_rmse=0.0407 val_rmse=0.0539 val_r2=0.5041 val_mape=5.08%
    ep  31 (2.5s): train_loss=0.2688 train_rmse=0.0402 val_rmse=0.0533 val_r2=0.5149 val_mape=4.78%
    ep  32 (2.5s): train_loss=0.2629 train_rmse=0.0397 val_rmse=0.0544 val_r2=0.4949 val_mape=4.80%
    ep  33 (2.5s): train_loss=0.2751 train_rmse=0.0406 val_rmse=0.0568 val_r2=0.4497 val_mape=5.10%
    ep  34 (2.5s): train_loss=0.2613 train_rmse=0.0396 val_rmse=0.0535 val_r2=0.5106 val_mape=4.84%
    ep  35 (2.5s): train_loss=0.2484 train_rmse=0.0386 val_rmse=0.0532 val_r2=0.5170 val_mape=4.76%
    ep  36 (2.5s): train_loss=0.2527 train_rmse=0.0390 val_rmse=0.0542 val_r2=0.4981 val_mape=4.83%
    ep  37 (2.5s): train_loss=0.2531 train_rmse=0.0390 val_rmse=0.0552 val_r2=0.4794 val_mape=4.97%
    ep  38 (2.5s): train_loss=0.2456 train_rmse=0.0384 val_rmse=0.0536 val_r2=0.5088 val_mape=4.70%
    ep  39 (2.5s): train_loss=0.2412 train_rmse=0.0381 val_rmse=0.0537 val_r2=0.5079 val_mape=4.66%
    ep  40 (2.5s): train_loss=0.2401 train_rmse=0.0380 val_rmse=0.0536 val_r2=0.5092 val_mape=4.68%
    ep  41 (2.5s): train_loss=0.2412 train_rmse=0.0381 val_rmse=0.0530 val_r2=0.5201 val_mape=4.89%
    ep  42 (2.5s): train_loss=0.2458 train_rmse=0.0384 val_rmse=0.0547 val_r2=0.4891 val_mape=4.86%
    ep  43 (2.5s): train_loss=0.2405 train_rmse=0.0380 val_rmse=0.0542 val_r2=0.4979 val_mape=4.81%
    ep  44 (2.5s): train_loss=0.2412 train_rmse=0.0381 val_rmse=0.0530 val_r2=0.5205 val_mape=4.54%
    ep  45 (2.5s): train_loss=0.2368 train_rmse=0.0377 val_rmse=0.0531 val_r2=0.5187 val_mape=4.56%
    ep  46 (2.5s): train_loss=0.2402 train_rmse=0.0380 val_rmse=0.0541 val_r2=0.5007 val_mape=4.67%
    ep  47 (2.5s): train_loss=0.2330 train_rmse=0.0374 val_rmse=0.0542 val_r2=0.4981 val_mape=4.68%
    ep  48 (2.5s): train_loss=0.2216 train_rmse=0.0365 val_rmse=0.0529 val_r2=0.5217 val_mape=4.57%
    ep  49 (2.5s): train_loss=0.2300 train_rmse=0.0372 val_rmse=0.0547 val_r2=0.4894 val_mape=4.83%
    ep  50 (2.5s): train_loss=0.2204 train_rmse=0.0364 val_rmse=0.0551 val_r2=0.4823 val_mape=4.81%
    ep  51 (2.5s): train_loss=0.2270 train_rmse=0.0369 val_rmse=0.0549 val_r2=0.4854 val_mape=4.78%
    ep  52 (2.5s): train_loss=0.2200 train_rmse=0.0363 val_rmse=0.0540 val_r2=0.5014 val_mape=4.64%
    ep  53 (2.5s): train_loss=0.2190 train_rmse=0.0363 val_rmse=0.0541 val_r2=0.5002 val_mape=4.65%
    ep  54 (2.5s): train_loss=0.2169 train_rmse=0.0361 val_rmse=0.0543 val_r2=0.4975 val_mape=4.66%
    ep  55 (2.5s): train_loss=0.2246 train_rmse=0.0367 val_rmse=0.0545 val_r2=0.4932 val_mape=4.69%
    ep  56 (2.5s): train_loss=0.2283 train_rmse=0.0370 val_rmse=0.0546 val_r2=0.4905 val_mape=4.67%
    ep  57 (2.5s): train_loss=0.2185 train_rmse=0.0362 val_rmse=0.0540 val_r2=0.5021 val_mape=4.57%
    ep  58 (2.5s): train_loss=0.2104 train_rmse=0.0355 val_rmse=0.0550 val_r2=0.4834 val_mape=4.72%
    ep  59 (2.5s): train_loss=0.2150 train_rmse=0.0359 val_rmse=0.0549 val_r2=0.4849 val_mape=4.71%
    ep  60 (2.5s): train_loss=0.2056 train_rmse=0.0351 val_rmse=0.0546 val_r2=0.4902 val_mape=4.66%
    ep  61 (2.5s): train_loss=0.2433 train_rmse=0.0382 val_rmse=0.0575 val_r2=0.4349 val_mape=4.97%
    ep  62 (2.5s): train_loss=0.2090 train_rmse=0.0354 val_rmse=0.0572 val_r2=0.4409 val_mape=4.79%
    ep  63 (2.5s): train_loss=0.2125 train_rmse=0.0357 val_rmse=0.0563 val_r2=0.4584 val_mape=4.78%
    early stop @ epoch 63 (best 48, val_rmse=0.0529)
    final: rmse=0.0529  mae=0.0303  r2=0.5217  mape=4.57%  (356.5s, best_ep=48)
  -- fold 3 --
    [seed] reset RNG for target/fold: 45
    [fold-norm] fit on 70 train wafers (fold 3)...
    [fold-norm] done (112.5s)
    target oxide_etch stats: mean=0.6565 std=0.0773
    [oes-band] correlation selection: stat=late_mean, top_k=256, train_wafers=70
    [oes-band] selected 256/3648 wavelengths (max|corr|=0.606, min selected |corr|=0.339, 59.1s)
    [aux] wafer-mean aux head ENABLED, weight=0.3
    ep   0 (21.0s): train_loss=0.9514 train_rmse=0.0754 val_rmse=0.0678 val_r2=0.2225 val_mape=8.17%
    ep   1 (2.7s): train_loss=0.8141 train_rmse=0.0698 val_rmse=0.0653 val_r2=0.2786 val_mape=7.96%
    ep   2 (2.6s): train_loss=0.7364 train_rmse=0.0664 val_rmse=0.0672 val_r2=0.2365 val_mape=7.76%
    ep   3 (2.6s): train_loss=0.8760 train_rmse=0.0724 val_rmse=0.0671 val_r2=0.2388 val_mape=7.75%
    ep   4 (2.6s): train_loss=0.8013 train_rmse=0.0692 val_rmse=0.0604 val_r2=0.3840 val_mape=7.06%
    ep   5 (2.6s): train_loss=0.6238 train_rmse=0.0611 val_rmse=0.0578 val_r2=0.4354 val_mape=6.46%
    ep   6 (2.6s): train_loss=0.5477 train_rmse=0.0572 val_rmse=0.0533 val_r2=0.5203 val_mape=5.77%
    ep   7 (2.6s): train_loss=0.5351 train_rmse=0.0566 val_rmse=0.0532 val_r2=0.5210 val_mape=5.74%
    ep   8 (2.6s): train_loss=0.5678 train_rmse=0.0583 val_rmse=0.0519 val_r2=0.5439 val_mape=5.37%
    ep   9 (2.6s): train_loss=0.5196 train_rmse=0.0557 val_rmse=0.0528 val_r2=0.5297 val_mape=5.49%
    ep  10 (2.6s): train_loss=0.5616 train_rmse=0.0579 val_rmse=0.0519 val_r2=0.5455 val_mape=5.29%
    ep  11 (2.6s): train_loss=0.5600 train_rmse=0.0579 val_rmse=0.0503 val_r2=0.5719 val_mape=5.11%
    ep  12 (2.6s): train_loss=0.5199 train_rmse=0.0557 val_rmse=0.0503 val_r2=0.5730 val_mape=5.00%
    ep  13 (2.6s): train_loss=0.4739 train_rmse=0.0532 val_rmse=0.0510 val_r2=0.5603 val_mape=5.33%
    ep  14 (2.6s): train_loss=0.5659 train_rmse=0.0582 val_rmse=0.0495 val_r2=0.5862 val_mape=4.92%
    ep  15 (2.6s): train_loss=0.4871 train_rmse=0.0540 val_rmse=0.0492 val_r2=0.5908 val_mape=4.88%
    ep  16 (2.6s): train_loss=0.4486 train_rmse=0.0518 val_rmse=0.0483 val_r2=0.6057 val_mape=4.84%
    ep  17 (2.6s): train_loss=0.4850 train_rmse=0.0538 val_rmse=0.0471 val_r2=0.6253 val_mape=4.59%
    ep  18 (2.6s): train_loss=0.4503 train_rmse=0.0519 val_rmse=0.0469 val_r2=0.6282 val_mape=4.79%
    ep  19 (2.6s): train_loss=0.4103 train_rmse=0.0495 val_rmse=0.0475 val_r2=0.6182 val_mape=4.31%
    ep  20 (2.6s): train_loss=0.4088 train_rmse=0.0494 val_rmse=0.0463 val_r2=0.6382 val_mape=4.33%
    ep  21 (2.6s): train_loss=0.3980 train_rmse=0.0488 val_rmse=0.0447 val_r2=0.6618 val_mape=4.28%
    ep  22 (2.6s): train_loss=0.3837 train_rmse=0.0479 val_rmse=0.0452 val_r2=0.6545 val_mape=4.11%
    ep  23 (2.6s): train_loss=0.3867 train_rmse=0.0481 val_rmse=0.0450 val_r2=0.6572 val_mape=4.49%
    ep  24 (2.6s): train_loss=0.3674 train_rmse=0.0469 val_rmse=0.0447 val_r2=0.6629 val_mape=4.21%
    ep  25 (2.6s): train_loss=0.3620 train_rmse=0.0465 val_rmse=0.0441 val_r2=0.6710 val_mape=4.38%
    ep  26 (2.6s): train_loss=0.3596 train_rmse=0.0464 val_rmse=0.0436 val_r2=0.6790 val_mape=3.89%
    ep  27 (2.6s): train_loss=0.3408 train_rmse=0.0451 val_rmse=0.0425 val_r2=0.6947 val_mape=3.82%
    ep  28 (2.6s): train_loss=0.3770 train_rmse=0.0475 val_rmse=0.0421 val_r2=0.7003 val_mape=3.72%
    ep  29 (2.6s): train_loss=0.3373 train_rmse=0.0449 val_rmse=0.0426 val_r2=0.6929 val_mape=3.97%
    ep  30 (2.6s): train_loss=0.3451 train_rmse=0.0454 val_rmse=0.0417 val_r2=0.7065 val_mape=3.78%
    ep  31 (2.6s): train_loss=0.3481 train_rmse=0.0456 val_rmse=0.0430 val_r2=0.6872 val_mape=3.94%
    ep  32 (2.6s): train_loss=0.3270 train_rmse=0.0442 val_rmse=0.0420 val_r2=0.7024 val_mape=3.55%
    ep  33 (2.6s): train_loss=0.3120 train_rmse=0.0432 val_rmse=0.0407 val_r2=0.7198 val_mape=3.57%
    ep  34 (2.6s): train_loss=0.3208 train_rmse=0.0438 val_rmse=0.0418 val_r2=0.7052 val_mape=3.64%
    ep  35 (2.6s): train_loss=0.3083 train_rmse=0.0429 val_rmse=0.0417 val_r2=0.7058 val_mape=3.58%
    ep  36 (2.6s): train_loss=0.3498 train_rmse=0.0457 val_rmse=0.0424 val_r2=0.6955 val_mape=3.82%
    ep  37 (2.6s): train_loss=0.3999 train_rmse=0.0489 val_rmse=0.0430 val_r2=0.6882 val_mape=4.18%
    ep  38 (2.6s): train_loss=0.3432 train_rmse=0.0453 val_rmse=0.0425 val_r2=0.6946 val_mape=3.96%
    ep  39 (2.6s): train_loss=0.3239 train_rmse=0.0440 val_rmse=0.0431 val_r2=0.6866 val_mape=4.26%
    ep  40 (2.6s): train_loss=0.3156 train_rmse=0.0434 val_rmse=0.0412 val_r2=0.7128 val_mape=3.47%
    ep  41 (2.6s): train_loss=0.3053 train_rmse=0.0427 val_rmse=0.0407 val_r2=0.7203 val_mape=3.48%
    ep  42 (2.6s): train_loss=0.2920 train_rmse=0.0418 val_rmse=0.0406 val_r2=0.7210 val_mape=3.43%
    ep  43 (2.6s): train_loss=0.2950 train_rmse=0.0420 val_rmse=0.0410 val_r2=0.7165 val_mape=3.44%
    ep  44 (2.6s): train_loss=0.3030 train_rmse=0.0426 val_rmse=0.0402 val_r2=0.7262 val_mape=3.41%
    ep  45 (2.6s): train_loss=0.2800 train_rmse=0.0409 val_rmse=0.0399 val_r2=0.7305 val_mape=3.34%
    ep  46 (2.6s): train_loss=0.2927 train_rmse=0.0418 val_rmse=0.0401 val_r2=0.7281 val_mape=3.36%
    ep  47 (2.6s): train_loss=0.2900 train_rmse=0.0416 val_rmse=0.0405 val_r2=0.7221 val_mape=3.35%
    ep  48 (2.6s): train_loss=0.2876 train_rmse=0.0415 val_rmse=0.0403 val_r2=0.7260 val_mape=3.40%
    ep  49 (2.6s): train_loss=0.2857 train_rmse=0.0413 val_rmse=0.0405 val_r2=0.7231 val_mape=3.36%
    ep  50 (2.6s): train_loss=0.2886 train_rmse=0.0415 val_rmse=0.0407 val_r2=0.7194 val_mape=3.45%
    ep  51 (2.6s): train_loss=0.2858 train_rmse=0.0413 val_rmse=0.0415 val_r2=0.7094 val_mape=3.46%
    ep  52 (2.6s): train_loss=0.2745 train_rmse=0.0405 val_rmse=0.0401 val_r2=0.7281 val_mape=3.47%
    ep  53 (2.6s): train_loss=0.2733 train_rmse=0.0404 val_rmse=0.0405 val_r2=0.7227 val_mape=3.41%
    ep  54 (2.6s): train_loss=0.2792 train_rmse=0.0409 val_rmse=0.0402 val_r2=0.7265 val_mape=3.43%
    ep  55 (2.6s): train_loss=0.2719 train_rmse=0.0403 val_rmse=0.0404 val_r2=0.7239 val_mape=3.39%
    ep  56 (2.6s): train_loss=0.2646 train_rmse=0.0398 val_rmse=0.0400 val_r2=0.7301 val_mape=3.29%
    ep  57 (2.6s): train_loss=0.2664 train_rmse=0.0399 val_rmse=0.0409 val_r2=0.7180 val_mape=3.47%
    ep  58 (2.6s): train_loss=0.2708 train_rmse=0.0402 val_rmse=0.0402 val_r2=0.7265 val_mape=3.28%
    ep  59 (2.6s): train_loss=0.2764 train_rmse=0.0406 val_rmse=0.0410 val_r2=0.7163 val_mape=3.52%
    ep  60 (2.6s): train_loss=0.2815 train_rmse=0.0410 val_rmse=0.0425 val_r2=0.6948 val_mape=3.64%
    early stop @ epoch 60 (best 45, val_rmse=0.0399)
    final: rmse=0.0399  mae=0.0229  r2=0.7305  mape=3.34%  (348.8s, best_ep=45)
  -- fold 4 --
    [seed] reset RNG for target/fold: 46
    [fold-norm] fit on 70 train wafers (fold 4)...
    [fold-norm] done (113.4s)
    target oxide_etch stats: mean=0.6594 std=0.0768
    [oes-band] correlation selection: stat=late_mean, top_k=256, train_wafers=70
    [oes-band] selected 256/3648 wavelengths (max|corr|=0.584, min selected |corr|=0.332, 60.1s)
    [aux] wafer-mean aux head ENABLED, weight=0.3
    ep   0 (21.5s): train_loss=1.0468 train_rmse=0.0786 val_rmse=0.0788 val_r2=0.0079 val_mape=9.86%
    ep   1 (2.9s): train_loss=0.9810 train_rmse=0.0761 val_rmse=0.0774 val_r2=0.0437 val_mape=9.69%
    ep   2 (2.6s): train_loss=0.9456 train_rmse=0.0747 val_rmse=0.0769 val_r2=0.0559 val_mape=9.33%
    ep   3 (2.6s): train_loss=0.9790 train_rmse=0.0760 val_rmse=0.0760 val_r2=0.0777 val_mape=9.32%
    ep   4 (2.6s): train_loss=0.9024 train_rmse=0.0729 val_rmse=0.0768 val_r2=0.0587 val_mape=9.64%
    ep   5 (2.6s): train_loss=0.9095 train_rmse=0.0732 val_rmse=0.0793 val_r2=-0.0034 val_mape=10.04%
    ep   6 (2.6s): train_loss=0.9170 train_rmse=0.0735 val_rmse=0.0824 val_r2=-0.0833 val_mape=9.64%
    ep   7 (2.6s): train_loss=0.8539 train_rmse=0.0710 val_rmse=0.0729 val_r2=0.1505 val_mape=8.94%
    ep   8 (2.6s): train_loss=0.7986 train_rmse=0.0686 val_rmse=0.0801 val_r2=-0.0249 val_mape=10.16%
    ep   9 (2.6s): train_loss=0.8691 train_rmse=0.0716 val_rmse=0.0767 val_r2=0.0606 val_mape=8.71%
    ep  10 (2.6s): train_loss=0.7680 train_rmse=0.0673 val_rmse=0.0777 val_r2=0.0359 val_mape=9.61%
    ep  11 (2.6s): train_loss=0.7637 train_rmse=0.0671 val_rmse=0.0781 val_r2=0.0256 val_mape=9.51%
    ep  12 (2.6s): train_loss=0.7504 train_rmse=0.0665 val_rmse=0.0689 val_r2=0.2411 val_mape=6.73%
    ep  13 (2.6s): train_loss=0.7920 train_rmse=0.0683 val_rmse=0.0747 val_r2=0.1080 val_mape=6.89%
    ep  14 (2.6s): train_loss=0.6428 train_rmse=0.0616 val_rmse=0.0772 val_r2=0.0483 val_mape=7.13%
    ep  15 (2.6s): train_loss=0.7249 train_rmse=0.0654 val_rmse=0.0673 val_r2=0.2755 val_mape=7.13%
    ep  16 (2.6s): train_loss=0.7137 train_rmse=0.0649 val_rmse=0.0685 val_r2=0.2505 val_mape=7.77%
    ep  17 (2.6s): train_loss=0.6656 train_rmse=0.0626 val_rmse=0.0763 val_r2=0.0707 val_mape=8.87%
    ep  18 (2.6s): train_loss=0.7098 train_rmse=0.0647 val_rmse=0.0715 val_r2=0.1828 val_mape=6.06%
    ep  19 (2.6s): train_loss=0.6306 train_rmse=0.0610 val_rmse=0.0661 val_r2=0.3029 val_mape=7.14%
    ep  20 (2.6s): train_loss=0.6316 train_rmse=0.0610 val_rmse=0.0823 val_r2=-0.0810 val_mape=9.27%
    ep  21 (2.6s): train_loss=0.6336 train_rmse=0.0611 val_rmse=0.0664 val_r2=0.2964 val_mape=6.38%
    ep  22 (2.6s): train_loss=0.7081 train_rmse=0.0646 val_rmse=0.0648 val_r2=0.3291 val_mape=6.68%
    ep  23 (2.6s): train_loss=0.6619 train_rmse=0.0625 val_rmse=0.0691 val_r2=0.2366 val_mape=5.84%
    ep  24 (2.6s): train_loss=0.6483 train_rmse=0.0618 val_rmse=0.0704 val_r2=0.2081 val_mape=7.85%
    ep  25 (2.6s): train_loss=0.6871 train_rmse=0.0636 val_rmse=0.0633 val_r2=0.3592 val_mape=6.92%
    ep  26 (2.6s): train_loss=0.5853 train_rmse=0.0587 val_rmse=0.0678 val_r2=0.2668 val_mape=7.63%
    ep  27 (2.6s): train_loss=0.6207 train_rmse=0.0605 val_rmse=0.0740 val_r2=0.1245 val_mape=8.09%
    ep  28 (2.6s): train_loss=0.5084 train_rmse=0.0547 val_rmse=0.0637 val_r2=0.3521 val_mape=6.16%
    ep  29 (2.6s): train_loss=0.5913 train_rmse=0.0590 val_rmse=0.0644 val_r2=0.3376 val_mape=5.87%
    ep  30 (2.6s): train_loss=0.4905 train_rmse=0.0538 val_rmse=0.0649 val_r2=0.3281 val_mape=5.66%
    ep  31 (2.6s): train_loss=0.5083 train_rmse=0.0547 val_rmse=0.0629 val_r2=0.3687 val_mape=6.47%
    ep  32 (2.6s): train_loss=0.6145 train_rmse=0.0602 val_rmse=0.0783 val_r2=0.0207 val_mape=8.40%
    ep  33 (2.6s): train_loss=0.4639 train_rmse=0.0523 val_rmse=0.0817 val_r2=-0.0651 val_mape=8.80%
    ep  34 (2.6s): train_loss=0.6343 train_rmse=0.0612 val_rmse=0.0647 val_r2=0.3320 val_mape=6.17%
    ep  35 (2.6s): train_loss=0.6074 train_rmse=0.0598 val_rmse=0.0644 val_r2=0.3367 val_mape=6.93%
    ep  36 (2.6s): train_loss=0.4735 train_rmse=0.0528 val_rmse=0.0646 val_r2=0.3325 val_mape=6.94%
    ep  37 (2.6s): train_loss=0.4501 train_rmse=0.0515 val_rmse=0.0663 val_r2=0.2977 val_mape=5.47%
    ep  38 (2.6s): train_loss=0.4338 train_rmse=0.0506 val_rmse=0.0680 val_r2=0.2613 val_mape=5.08%
    ep  39 (2.6s): train_loss=0.4646 train_rmse=0.0523 val_rmse=0.0625 val_r2=0.3757 val_mape=5.37%
    ep  40 (2.6s): train_loss=0.5594 train_rmse=0.0574 val_rmse=0.0673 val_r2=0.2768 val_mape=7.54%
    ep  41 (2.6s): train_loss=0.3829 train_rmse=0.0475 val_rmse=0.0629 val_r2=0.3676 val_mape=5.43%
    ep  42 (2.6s): train_loss=0.3989 train_rmse=0.0485 val_rmse=0.0616 val_r2=0.3930 val_mape=5.96%
    ep  43 (2.6s): train_loss=0.4398 train_rmse=0.0509 val_rmse=0.0639 val_r2=0.3484 val_mape=6.63%
    ep  44 (2.6s): train_loss=0.3731 train_rmse=0.0469 val_rmse=0.0683 val_r2=0.2556 val_mape=7.16%
    ep  45 (2.6s): train_loss=0.4208 train_rmse=0.0498 val_rmse=0.0667 val_r2=0.2886 val_mape=5.65%
    ep  46 (2.6s): train_loss=0.3853 train_rmse=0.0477 val_rmse=0.0630 val_r2=0.3659 val_mape=5.69%
    ep  47 (2.6s): train_loss=0.3852 train_rmse=0.0477 val_rmse=0.0642 val_r2=0.3416 val_mape=5.36%
    ep  48 (2.6s): train_loss=0.3563 train_rmse=0.0458 val_rmse=0.0652 val_r2=0.3218 val_mape=5.53%
    ep  49 (2.6s): train_loss=0.4001 train_rmse=0.0486 val_rmse=0.0636 val_r2=0.3530 val_mape=6.44%
    ep  50 (2.6s): train_loss=0.3893 train_rmse=0.0479 val_rmse=0.0618 val_r2=0.3901 val_mape=5.83%
    ep  51 (2.6s): train_loss=0.3808 train_rmse=0.0474 val_rmse=0.0622 val_r2=0.3818 val_mape=5.59%
    ep  52 (2.6s): train_loss=0.3468 train_rmse=0.0452 val_rmse=0.0616 val_r2=0.3931 val_mape=5.75%
    ep  53 (2.6s): train_loss=0.4564 train_rmse=0.0519 val_rmse=0.0644 val_r2=0.3371 val_mape=5.30%
    ep  54 (2.6s): train_loss=0.3590 train_rmse=0.0460 val_rmse=0.0620 val_r2=0.3861 val_mape=5.83%
    ep  55 (2.6s): train_loss=0.3955 train_rmse=0.0483 val_rmse=0.0656 val_r2=0.3122 val_mape=5.17%
    ep  56 (2.6s): train_loss=0.3867 train_rmse=0.0477 val_rmse=0.0631 val_r2=0.3646 val_mape=5.61%
    ep  57 (2.6s): train_loss=0.3657 train_rmse=0.0464 val_rmse=0.0614 val_r2=0.3975 val_mape=5.94%
    ep  58 (2.6s): train_loss=0.3534 train_rmse=0.0456 val_rmse=0.0635 val_r2=0.3565 val_mape=5.46%
    ep  59 (2.6s): train_loss=0.3537 train_rmse=0.0457 val_rmse=0.0629 val_r2=0.3690 val_mape=5.71%
    ep  60 (2.7s): train_loss=0.4113 train_rmse=0.0492 val_rmse=0.0625 val_r2=0.3763 val_mape=5.46%
    ep  61 (2.7s): train_loss=0.3639 train_rmse=0.0463 val_rmse=0.0623 val_r2=0.3791 val_mape=5.40%
    ep  62 (2.6s): train_loss=0.3430 train_rmse=0.0450 val_rmse=0.0635 val_r2=0.3557 val_mape=6.39%
    ep  63 (2.6s): train_loss=0.3336 train_rmse=0.0443 val_rmse=0.0619 val_r2=0.3875 val_mape=5.61%
    ep  64 (2.6s): train_loss=0.3469 train_rmse=0.0452 val_rmse=0.0619 val_r2=0.3880 val_mape=5.97%
    ep  65 (2.6s): train_loss=0.3713 train_rmse=0.0468 val_rmse=0.0614 val_r2=0.3972 val_mape=5.92%
    ep  66 (2.6s): train_loss=0.3271 train_rmse=0.0439 val_rmse=0.0614 val_r2=0.3975 val_mape=5.85%
    ep  67 (2.6s): train_loss=0.3343 train_rmse=0.0444 val_rmse=0.0616 val_r2=0.3948 val_mape=5.70%
    ep  68 (2.7s): train_loss=0.3503 train_rmse=0.0454 val_rmse=0.0617 val_r2=0.3922 val_mape=5.89%
    ep  69 (2.7s): train_loss=0.3203 train_rmse=0.0435 val_rmse=0.0618 val_r2=0.3903 val_mape=5.68%
    ep  70 (2.7s): train_loss=0.3218 train_rmse=0.0436 val_rmse=0.0619 val_r2=0.3885 val_mape=5.54%
    ep  71 (2.7s): train_loss=0.3374 train_rmse=0.0446 val_rmse=0.0616 val_r2=0.3946 val_mape=5.72%
    ep  72 (2.7s): train_loss=0.3276 train_rmse=0.0439 val_rmse=0.0617 val_r2=0.3915 val_mape=5.77%
    early stop @ epoch 72 (best 57, val_rmse=0.0614)
    final: rmse=0.0614  mae=0.0376  r2=0.3975  mape=5.94%  (382.4s, best_ep=57)
  AGG    rmse=0.0468±0.0089  r2=0.6212±0.1382