Experiment dir: outputs\experiments\2026-05-28_03-16_dl-multimodal-oes-aux-mixup-5fold
Config: configs\exp_dl_multimodal_oes_aux_mixup_5fold.yaml
Device: cuda  (CUDA=True)
Cache: cache\v1  |  split: splits/kfold5_wafer.npz (StratifiedGroupKFold(n_splits=5, stratify=lot, group=wafer), running folds [0, 1, 2, 3, 4] of 5)
Targets: ['oxide_etch']  |  modality: multimodal

[setup] loading 88 wafers (one-time, shared across folds)...
[setup] done in 151.3s  (discover=0.7 load=150.7)
[setup] proc channels kept: 31
[setup] XGB injection features: 0 (disabled)
[setup] normalisation deferred to per-fold (no val leakage)

=== Target: oxide_etch ===
  -- fold 0 --
    [seed] reset RNG for target/fold: 42
    [fold-norm] fit on 70 train wafers (fold 0)...
    [fold-norm] done (100.4s)
    target oxide_etch stats: mean=0.6587 std=0.0773
    [oes-band] correlation selection: stat=late_mean, top_k=256, train_wafers=70
    [oes-band] selected 256/3648 wavelengths (max|corr|=0.618, min selected |corr|=0.324, 65.2s)
    [aux] wafer-mean aux head ENABLED, weight=0.3
    [mixup] ENABLED  alpha=0.2  prob=1.0
    ep   0 (43.1s): train_loss=0.9137 train_rmse=0.0739 val_rmse=0.0760 val_r2=0.0366 val_mape=9.52%
    ep   1 (3.2s): train_loss=0.8892 train_rmse=0.0729 val_rmse=0.0679 val_r2=0.2313 val_mape=8.51%
    ep   2 (2.9s): train_loss=0.7180 train_rmse=0.0655 val_rmse=0.0660 val_r2=0.2744 val_mape=8.24%
    ep   3 (3.0s): train_loss=0.7061 train_rmse=0.0649 val_rmse=0.0632 val_r2=0.3337 val_mape=7.95%
    ep   4 (2.9s): train_loss=0.7317 train_rmse=0.0661 val_rmse=0.0635 val_r2=0.3277 val_mape=7.76%
    ep   5 (2.9s): train_loss=0.5782 train_rmse=0.0587 val_rmse=0.0609 val_r2=0.3821 val_mape=7.36%
    ep   6 (3.1s): train_loss=0.5639 train_rmse=0.0580 val_rmse=0.0608 val_r2=0.3828 val_mape=7.10%
    ep   7 (3.1s): train_loss=0.5533 train_rmse=0.0575 val_rmse=0.0599 val_r2=0.4011 val_mape=7.05%
    ep   8 (3.0s): train_loss=0.5770 train_rmse=0.0587 val_rmse=0.0572 val_r2=0.4544 val_mape=6.30%
    ep   9 (3.0s): train_loss=0.5213 train_rmse=0.0558 val_rmse=0.0545 val_r2=0.5043 val_mape=6.04%
    ep  10 (3.0s): train_loss=0.4701 train_rmse=0.0530 val_rmse=0.0541 val_r2=0.5130 val_mape=6.12%
    ep  11 (3.1s): train_loss=0.5269 train_rmse=0.0561 val_rmse=0.0496 val_r2=0.5898 val_mape=5.42%
    ep  12 (3.1s): train_loss=0.4143 train_rmse=0.0497 val_rmse=0.0494 val_r2=0.5937 val_mape=5.13%
    ep  13 (3.0s): train_loss=0.4864 train_rmse=0.0539 val_rmse=0.0493 val_r2=0.5944 val_mape=5.16%
    ep  14 (3.0s): train_loss=0.4547 train_rmse=0.0521 val_rmse=0.0488 val_r2=0.6029 val_mape=5.37%
    ep  15 (2.9s): train_loss=0.5103 train_rmse=0.0552 val_rmse=0.0519 val_r2=0.5518 val_mape=5.68%
    ep  16 (2.9s): train_loss=0.4016 train_rmse=0.0490 val_rmse=0.0518 val_r2=0.5532 val_mape=5.20%
    ep  17 (2.9s): train_loss=0.3998 train_rmse=0.0489 val_rmse=0.0503 val_r2=0.5777 val_mape=5.15%
    ep  18 (3.0s): train_loss=0.4006 train_rmse=0.0489 val_rmse=0.0478 val_r2=0.6198 val_mape=4.96%
    ep  19 (2.9s): train_loss=0.3623 train_rmse=0.0465 val_rmse=0.0474 val_r2=0.6256 val_mape=4.76%
    ep  20 (2.9s): train_loss=0.4292 train_rmse=0.0506 val_rmse=0.0488 val_r2=0.6024 val_mape=4.95%
    ep  21 (3.0s): train_loss=0.4007 train_rmse=0.0489 val_rmse=0.0457 val_r2=0.6520 val_mape=4.83%
    ep  22 (2.9s): train_loss=0.5042 train_rmse=0.0549 val_rmse=0.0509 val_r2=0.5677 val_mape=4.94%
    ep  23 (2.9s): train_loss=0.3952 train_rmse=0.0486 val_rmse=0.0488 val_r2=0.6036 val_mape=4.95%
    ep  24 (2.8s): train_loss=0.3519 train_rmse=0.0458 val_rmse=0.0451 val_r2=0.6605 val_mape=4.63%
    ep  25 (2.8s): train_loss=0.3382 train_rmse=0.0449 val_rmse=0.0457 val_r2=0.6517 val_mape=4.68%
    ep  26 (2.8s): train_loss=0.3426 train_rmse=0.0452 val_rmse=0.0551 val_r2=0.4934 val_mape=5.62%
    ep  27 (2.8s): train_loss=0.3294 train_rmse=0.0443 val_rmse=0.0501 val_r2=0.5814 val_mape=5.04%
    ep  28 (2.8s): train_loss=0.3287 train_rmse=0.0443 val_rmse=0.0436 val_r2=0.6835 val_mape=4.28%
    ep  29 (2.8s): train_loss=0.3258 train_rmse=0.0441 val_rmse=0.0436 val_r2=0.6829 val_mape=4.28%
    ep  30 (2.8s): train_loss=0.2877 train_rmse=0.0414 val_rmse=0.0435 val_r2=0.6852 val_mape=4.22%
    ep  31 (3.0s): train_loss=0.3209 train_rmse=0.0438 val_rmse=0.0440 val_r2=0.6769 val_mape=4.25%
    ep  32 (3.1s): train_loss=0.3051 train_rmse=0.0427 val_rmse=0.0425 val_r2=0.6986 val_mape=4.16%
    ep  33 (3.1s): train_loss=0.3263 train_rmse=0.0441 val_rmse=0.0436 val_r2=0.6838 val_mape=4.24%
    ep  34 (3.0s): train_loss=0.2920 train_rmse=0.0418 val_rmse=0.0438 val_r2=0.6801 val_mape=4.06%
    ep  35 (3.0s): train_loss=0.2962 train_rmse=0.0421 val_rmse=0.0430 val_r2=0.6915 val_mape=4.02%
    ep  36 (3.0s): train_loss=0.2985 train_rmse=0.0422 val_rmse=0.0428 val_r2=0.6953 val_mape=3.91%
    ep  37 (3.0s): train_loss=0.3012 train_rmse=0.0424 val_rmse=0.0420 val_r2=0.7059 val_mape=4.01%
    ep  38 (3.0s): train_loss=0.3143 train_rmse=0.0433 val_rmse=0.0436 val_r2=0.6831 val_mape=4.54%
    ep  39 (2.8s): train_loss=0.2990 train_rmse=0.0422 val_rmse=0.0416 val_r2=0.7113 val_mape=4.01%
    ep  40 (2.8s): train_loss=0.2919 train_rmse=0.0417 val_rmse=0.0425 val_r2=0.6985 val_mape=4.00%
    ep  41 (2.8s): train_loss=0.2815 train_rmse=0.0410 val_rmse=0.0409 val_r2=0.7215 val_mape=3.88%
    ep  42 (2.8s): train_loss=0.2865 train_rmse=0.0414 val_rmse=0.0403 val_r2=0.7294 val_mape=3.77%
    ep  43 (2.8s): train_loss=0.2890 train_rmse=0.0415 val_rmse=0.0403 val_r2=0.7297 val_mape=3.77%
    ep  44 (2.9s): train_loss=0.3116 train_rmse=0.0431 val_rmse=0.0414 val_r2=0.7140 val_mape=3.89%
    ep  45 (2.9s): train_loss=0.2702 train_rmse=0.0402 val_rmse=0.0402 val_r2=0.7300 val_mape=3.75%
    ep  46 (2.9s): train_loss=0.2768 train_rmse=0.0407 val_rmse=0.0409 val_r2=0.7205 val_mape=3.71%
    ep  47 (2.9s): train_loss=0.2851 train_rmse=0.0413 val_rmse=0.0403 val_r2=0.7288 val_mape=3.64%
    ep  48 (2.8s): train_loss=0.2885 train_rmse=0.0415 val_rmse=0.0419 val_r2=0.7079 val_mape=3.79%
    ep  49 (2.8s): train_loss=0.3113 train_rmse=0.0431 val_rmse=0.0438 val_r2=0.6805 val_mape=3.81%
    ep  50 (2.9s): train_loss=0.2803 train_rmse=0.0409 val_rmse=0.0408 val_r2=0.7224 val_mape=3.71%
    ep  51 (2.8s): train_loss=0.2919 train_rmse=0.0417 val_rmse=0.0418 val_r2=0.7081 val_mape=4.06%
    ep  52 (2.8s): train_loss=0.2934 train_rmse=0.0419 val_rmse=0.0411 val_r2=0.7181 val_mape=3.76%
    ep  53 (2.8s): train_loss=0.2635 train_rmse=0.0397 val_rmse=0.0415 val_r2=0.7123 val_mape=3.67%
    ep  54 (2.8s): train_loss=0.2679 train_rmse=0.0400 val_rmse=0.0417 val_r2=0.7106 val_mape=3.71%
    ep  55 (2.8s): train_loss=0.2721 train_rmse=0.0403 val_rmse=0.0413 val_r2=0.7155 val_mape=3.63%
    ep  56 (2.8s): train_loss=0.2521 train_rmse=0.0388 val_rmse=0.0413 val_r2=0.7162 val_mape=3.63%
    ep  57 (2.9s): train_loss=0.2610 train_rmse=0.0395 val_rmse=0.0412 val_r2=0.7167 val_mape=3.59%
    ep  58 (2.8s): train_loss=0.2708 train_rmse=0.0402 val_rmse=0.0406 val_r2=0.7253 val_mape=3.58%
    ep  59 (2.9s): train_loss=0.2697 train_rmse=0.0401 val_rmse=0.0403 val_r2=0.7297 val_mape=3.62%
    ep  60 (2.8s): train_loss=0.2704 train_rmse=0.0402 val_rmse=0.0402 val_r2=0.7299 val_mape=3.58%
    early stop @ epoch 60 (best 45, val_rmse=0.0402)
    final: rmse=0.0402  mae=0.0249  r2=0.7300  mape=3.75%  (386.3s, best_ep=45)
  -- fold 1 --
    [seed] reset RNG for target/fold: 43
    [fold-norm] fit on 71 train wafers (fold 1)...
    [fold-norm] done (136.8s)
    target oxide_etch stats: mean=0.6585 std=0.0776
    [oes-band] correlation selection: stat=late_mean, top_k=256, train_wafers=71
    [oes-band] selected 256/3648 wavelengths (max|corr|=0.563, min selected |corr|=0.346, 65.8s)
    [aux] wafer-mean aux head ENABLED, weight=0.3
    [mixup] ENABLED  alpha=0.2  prob=1.0
    ep   0 (21.5s): train_loss=0.9344 train_rmse=0.0751 val_rmse=0.0736 val_r2=0.0580 val_mape=9.13%
    ep   1 (2.9s): train_loss=0.8604 train_rmse=0.0720 val_rmse=0.0648 val_r2=0.2713 val_mape=8.05%
    ep   2 (2.7s): train_loss=0.7384 train_rmse=0.0667 val_rmse=0.0629 val_r2=0.3134 val_mape=7.86%
    ep   3 (2.7s): train_loss=0.7799 train_rmse=0.0686 val_rmse=0.0617 val_r2=0.3380 val_mape=7.66%
    ep   4 (2.7s): train_loss=0.6481 train_rmse=0.0625 val_rmse=0.0585 val_r2=0.4059 val_mape=7.16%
    ep   5 (2.7s): train_loss=0.6145 train_rmse=0.0609 val_rmse=0.0559 val_r2=0.4567 val_mape=6.58%
    ep   6 (2.7s): train_loss=0.5947 train_rmse=0.0599 val_rmse=0.0526 val_r2=0.5201 val_mape=5.73%
    ep   7 (2.6s): train_loss=0.5499 train_rmse=0.0576 val_rmse=0.0517 val_r2=0.5354 val_mape=5.51%
    ep   8 (2.6s): train_loss=0.5365 train_rmse=0.0569 val_rmse=0.0512 val_r2=0.5437 val_mape=5.46%
    ep   9 (2.7s): train_loss=0.5037 train_rmse=0.0551 val_rmse=0.0507 val_r2=0.5539 val_mape=5.25%
    ep  10 (2.9s): train_loss=0.4572 train_rmse=0.0525 val_rmse=0.0506 val_r2=0.5554 val_mape=5.20%
    ep  11 (2.8s): train_loss=0.4748 train_rmse=0.0535 val_rmse=0.0501 val_r2=0.5636 val_mape=5.20%
    ep  12 (2.8s): train_loss=0.4580 train_rmse=0.0526 val_rmse=0.0497 val_r2=0.5714 val_mape=5.01%
    ep  13 (2.7s): train_loss=0.4151 train_rmse=0.0500 val_rmse=0.0495 val_r2=0.5751 val_mape=4.90%
    ep  14 (2.7s): train_loss=0.4088 train_rmse=0.0496 val_rmse=0.0490 val_r2=0.5835 val_mape=5.00%
    ep  15 (2.7s): train_loss=0.4277 train_rmse=0.0508 val_rmse=0.0491 val_r2=0.5804 val_mape=5.01%
    ep  16 (2.7s): train_loss=0.4471 train_rmse=0.0519 val_rmse=0.0510 val_r2=0.5485 val_mape=5.21%
    ep  17 (2.7s): train_loss=0.4877 train_rmse=0.0542 val_rmse=0.0500 val_r2=0.5658 val_mape=5.39%
    ep  18 (2.7s): train_loss=0.4405 train_rmse=0.0515 val_rmse=0.0479 val_r2=0.6010 val_mape=4.76%
    ep  19 (2.7s): train_loss=0.3637 train_rmse=0.0468 val_rmse=0.0474 val_r2=0.6093 val_mape=4.65%
    ep  20 (2.7s): train_loss=0.3514 train_rmse=0.0460 val_rmse=0.0502 val_r2=0.5618 val_mape=5.10%
    ep  21 (2.7s): train_loss=0.3937 train_rmse=0.0487 val_rmse=0.0475 val_r2=0.6080 val_mape=4.63%
    ep  22 (2.7s): train_loss=0.3619 train_rmse=0.0467 val_rmse=0.0476 val_r2=0.6057 val_mape=4.70%
    ep  23 (2.7s): train_loss=0.3606 train_rmse=0.0466 val_rmse=0.0466 val_r2=0.6226 val_mape=4.59%
    ep  24 (2.8s): train_loss=0.3616 train_rmse=0.0467 val_rmse=0.0477 val_r2=0.6042 val_mape=4.62%
    ep  25 (2.7s): train_loss=0.3177 train_rmse=0.0438 val_rmse=0.0479 val_r2=0.6014 val_mape=4.61%
    ep  26 (2.7s): train_loss=0.3437 train_rmse=0.0455 val_rmse=0.0460 val_r2=0.6317 val_mape=4.39%
    ep  27 (2.7s): train_loss=0.3469 train_rmse=0.0457 val_rmse=0.0459 val_r2=0.6343 val_mape=4.38%
    ep  28 (2.8s): train_loss=0.3761 train_rmse=0.0476 val_rmse=0.0462 val_r2=0.6285 val_mape=4.32%
    ep  29 (2.7s): train_loss=0.3321 train_rmse=0.0447 val_rmse=0.0457 val_r2=0.6366 val_mape=4.48%
    ep  30 (2.7s): train_loss=0.3456 train_rmse=0.0456 val_rmse=0.0458 val_r2=0.6360 val_mape=4.42%
    ep  31 (2.7s): train_loss=0.3467 train_rmse=0.0457 val_rmse=0.0456 val_r2=0.6383 val_mape=4.35%
    ep  32 (2.8s): train_loss=0.3286 train_rmse=0.0445 val_rmse=0.0457 val_r2=0.6376 val_mape=4.31%
    ep  33 (2.7s): train_loss=0.3231 train_rmse=0.0441 val_rmse=0.0451 val_r2=0.6466 val_mape=4.15%
    ep  34 (2.7s): train_loss=0.3115 train_rmse=0.0433 val_rmse=0.0468 val_r2=0.6199 val_mape=4.39%
    ep  35 (2.7s): train_loss=0.3062 train_rmse=0.0430 val_rmse=0.0447 val_r2=0.6535 val_mape=4.12%
    ep  36 (2.7s): train_loss=0.3383 train_rmse=0.0452 val_rmse=0.0450 val_r2=0.6482 val_mape=4.12%
    ep  37 (2.7s): train_loss=0.3195 train_rmse=0.0439 val_rmse=0.0457 val_r2=0.6363 val_mape=4.23%
    ep  38 (2.7s): train_loss=0.3810 train_rmse=0.0479 val_rmse=0.0450 val_r2=0.6486 val_mape=4.15%
    ep  39 (2.7s): train_loss=0.3170 train_rmse=0.0437 val_rmse=0.0448 val_r2=0.6506 val_mape=4.23%
    ep  40 (2.7s): train_loss=0.2751 train_rmse=0.0407 val_rmse=0.0439 val_r2=0.6650 val_mape=3.95%
    ep  41 (2.7s): train_loss=0.2922 train_rmse=0.0420 val_rmse=0.0439 val_r2=0.6648 val_mape=3.95%
    ep  42 (2.7s): train_loss=0.2651 train_rmse=0.0400 val_rmse=0.0438 val_r2=0.6666 val_mape=3.92%
    ep  43 (2.7s): train_loss=0.2994 train_rmse=0.0425 val_rmse=0.0448 val_r2=0.6518 val_mape=4.39%
    ep  44 (2.7s): train_loss=0.3223 train_rmse=0.0441 val_rmse=0.0446 val_r2=0.6551 val_mape=3.95%
    ep  45 (2.7s): train_loss=0.2571 train_rmse=0.0394 val_rmse=0.0434 val_r2=0.6730 val_mape=4.07%
    ep  46 (2.7s): train_loss=0.2867 train_rmse=0.0416 val_rmse=0.0436 val_r2=0.6699 val_mape=3.94%
    ep  47 (2.7s): train_loss=0.2664 train_rmse=0.0401 val_rmse=0.0441 val_r2=0.6618 val_mape=3.86%
    ep  48 (2.7s): train_loss=0.2699 train_rmse=0.0403 val_rmse=0.0443 val_r2=0.6589 val_mape=3.90%
    ep  49 (2.7s): train_loss=0.2542 train_rmse=0.0391 val_rmse=0.0439 val_r2=0.6658 val_mape=3.83%
    ep  50 (2.7s): train_loss=0.2793 train_rmse=0.0410 val_rmse=0.0440 val_r2=0.6634 val_mape=4.12%
    ep  51 (2.7s): train_loss=0.2567 train_rmse=0.0393 val_rmse=0.0436 val_r2=0.6692 val_mape=3.85%
    ep  52 (2.7s): train_loss=0.2804 train_rmse=0.0411 val_rmse=0.0436 val_r2=0.6694 val_mape=4.03%
    ep  53 (2.7s): train_loss=0.3037 train_rmse=0.0428 val_rmse=0.0435 val_r2=0.6715 val_mape=3.80%
    ep  54 (2.7s): train_loss=0.2522 train_rmse=0.0390 val_rmse=0.0443 val_r2=0.6594 val_mape=3.83%
    ep  55 (2.7s): train_loss=0.2673 train_rmse=0.0401 val_rmse=0.0440 val_r2=0.6633 val_mape=3.87%
    ep  56 (2.7s): train_loss=0.2649 train_rmse=0.0400 val_rmse=0.0434 val_r2=0.6733 val_mape=3.86%
    ep  57 (2.7s): train_loss=0.2831 train_rmse=0.0413 val_rmse=0.0431 val_r2=0.6775 val_mape=3.73%
    ep  58 (2.6s): train_loss=0.2635 train_rmse=0.0399 val_rmse=0.0432 val_r2=0.6759 val_mape=3.80%
    ep  59 (2.6s): train_loss=0.2483 train_rmse=0.0387 val_rmse=0.0437 val_r2=0.6689 val_mape=3.96%
    ep  60 (2.6s): train_loss=0.2741 train_rmse=0.0407 val_rmse=0.0431 val_r2=0.6774 val_mape=3.77%
    ep  61 (2.6s): train_loss=0.2632 train_rmse=0.0398 val_rmse=0.0429 val_r2=0.6801 val_mape=3.70%
    ep  62 (2.6s): train_loss=0.2637 train_rmse=0.0399 val_rmse=0.0438 val_r2=0.6671 val_mape=3.79%
    ep  63 (2.6s): train_loss=0.2682 train_rmse=0.0402 val_rmse=0.0427 val_r2=0.6829 val_mape=3.79%
    ep  64 (2.6s): train_loss=0.2604 train_rmse=0.0396 val_rmse=0.0436 val_r2=0.6702 val_mape=3.82%
    ep  65 (2.6s): train_loss=0.2622 train_rmse=0.0398 val_rmse=0.0429 val_r2=0.6797 val_mape=3.80%
    ep  66 (2.6s): train_loss=0.2393 train_rmse=0.0380 val_rmse=0.0429 val_r2=0.6798 val_mape=3.76%
    ep  67 (2.6s): train_loss=0.2359 train_rmse=0.0377 val_rmse=0.0432 val_r2=0.6756 val_mape=3.75%
    ep  68 (2.6s): train_loss=0.2861 train_rmse=0.0415 val_rmse=0.0434 val_r2=0.6725 val_mape=3.76%
    ep  69 (2.6s): train_loss=0.2657 train_rmse=0.0400 val_rmse=0.0430 val_r2=0.6785 val_mape=3.74%
    ep  70 (2.6s): train_loss=0.2366 train_rmse=0.0378 val_rmse=0.0428 val_r2=0.6823 val_mape=3.75%
    ep  71 (2.6s): train_loss=0.2660 train_rmse=0.0400 val_rmse=0.0426 val_r2=0.6848 val_mape=3.71%
    ep  72 (2.6s): train_loss=0.2376 train_rmse=0.0378 val_rmse=0.0434 val_r2=0.6727 val_mape=3.73%
    ep  73 (2.6s): train_loss=0.2905 train_rmse=0.0419 val_rmse=0.0429 val_r2=0.6802 val_mape=3.75%
    ep  74 (2.6s): train_loss=0.2555 train_rmse=0.0392 val_rmse=0.0428 val_r2=0.6814 val_mape=3.74%
    ep  75 (2.6s): train_loss=0.2537 train_rmse=0.0391 val_rmse=0.0429 val_r2=0.6798 val_mape=3.77%
    ep  76 (2.6s): train_loss=0.2532 train_rmse=0.0391 val_rmse=0.0428 val_r2=0.6815 val_mape=3.73%
    ep  77 (2.6s): train_loss=0.2490 train_rmse=0.0387 val_rmse=0.0427 val_r2=0.6830 val_mape=3.74%
    ep  78 (2.6s): train_loss=0.2561 train_rmse=0.0393 val_rmse=0.0429 val_r2=0.6805 val_mape=3.72%
    ep  79 (2.6s): train_loss=0.2605 train_rmse=0.0396 val_rmse=0.0428 val_r2=0.6817 val_mape=3.71%
    final: rmse=0.0426  mae=0.0242  r2=0.6848  mape=3.71%  (436.8s, best_ep=71)
  -- fold 2 --
    [seed] reset RNG for target/fold: 44
    [fold-norm] fit on 71 train wafers (fold 2)...
    [fold-norm] done (127.2s)
    target oxide_etch stats: mean=0.6577 std=0.0775
    [oes-band] correlation selection: stat=late_mean, top_k=256, train_wafers=71
    [oes-band] selected 256/3648 wavelengths (max|corr|=0.619, min selected |corr|=0.367, 59.1s)
    [aux] wafer-mean aux head ENABLED, weight=0.3
    [mixup] ENABLED  alpha=0.2  prob=1.0
    ep   0 (24.8s): train_loss=0.9370 train_rmse=0.0750 val_rmse=0.0739 val_r2=0.0671 val_mape=9.00%
    ep   1 (2.7s): train_loss=0.7361 train_rmse=0.0665 val_rmse=0.0728 val_r2=0.0960 val_mape=8.89%
    ep   2 (2.6s): train_loss=0.6886 train_rmse=0.0643 val_rmse=0.0793 val_r2=-0.0736 val_mape=9.29%
    ep   3 (2.6s): train_loss=0.6505 train_rmse=0.0625 val_rmse=0.0667 val_r2=0.2405 val_mape=8.11%
    ep   4 (2.6s): train_loss=0.6244 train_rmse=0.0612 val_rmse=0.0646 val_r2=0.2879 val_mape=7.56%
    ep   5 (2.6s): train_loss=0.5683 train_rmse=0.0584 val_rmse=0.0650 val_r2=0.2795 val_mape=7.26%
    ep   6 (2.6s): train_loss=0.5244 train_rmse=0.0561 val_rmse=0.0615 val_r2=0.3535 val_mape=6.93%
    ep   7 (2.6s): train_loss=0.4687 train_rmse=0.0530 val_rmse=0.0591 val_r2=0.4046 val_mape=6.47%
    ep   8 (2.6s): train_loss=0.4696 train_rmse=0.0531 val_rmse=0.0628 val_r2=0.3262 val_mape=6.99%
    ep   9 (2.6s): train_loss=0.5919 train_rmse=0.0596 val_rmse=0.0631 val_r2=0.3208 val_mape=7.15%
    ep  10 (2.6s): train_loss=0.4849 train_rmse=0.0540 val_rmse=0.0684 val_r2=0.2018 val_mape=6.97%
    ep  11 (2.6s): train_loss=0.5229 train_rmse=0.0560 val_rmse=0.0681 val_r2=0.2078 val_mape=6.59%
    ep  12 (2.6s): train_loss=0.4836 train_rmse=0.0539 val_rmse=0.0606 val_r2=0.3734 val_mape=5.99%
    ep  13 (2.6s): train_loss=0.4198 train_rmse=0.0502 val_rmse=0.0701 val_r2=0.1613 val_mape=6.72%
    ep  14 (2.6s): train_loss=0.4079 train_rmse=0.0495 val_rmse=0.0611 val_r2=0.3630 val_mape=6.20%
    ep  15 (2.6s): train_loss=0.3846 train_rmse=0.0481 val_rmse=0.0635 val_r2=0.3117 val_mape=6.16%
    ep  16 (2.6s): train_loss=0.3869 train_rmse=0.0482 val_rmse=0.0688 val_r2=0.1923 val_mape=6.64%
    ep  17 (2.6s): train_loss=0.3569 train_rmse=0.0463 val_rmse=0.0683 val_r2=0.2048 val_mape=6.43%
    ep  18 (2.6s): train_loss=0.3320 train_rmse=0.0446 val_rmse=0.0671 val_r2=0.2306 val_mape=6.19%
    ep  19 (2.7s): train_loss=0.3468 train_rmse=0.0456 val_rmse=0.0636 val_r2=0.3085 val_mape=5.94%
    ep  20 (2.6s): train_loss=0.3334 train_rmse=0.0447 val_rmse=0.0581 val_r2=0.4232 val_mape=5.81%
    ep  21 (2.6s): train_loss=0.2999 train_rmse=0.0424 val_rmse=0.0620 val_r2=0.3433 val_mape=5.79%
    ep  22 (2.6s): train_loss=0.3107 train_rmse=0.0432 val_rmse=0.0620 val_r2=0.3436 val_mape=6.01%
    ep  23 (2.6s): train_loss=0.2975 train_rmse=0.0423 val_rmse=0.0608 val_r2=0.3696 val_mape=5.58%
    ep  24 (2.6s): train_loss=0.4158 train_rmse=0.0500 val_rmse=0.0611 val_r2=0.3618 val_mape=5.92%
    ep  25 (2.6s): train_loss=0.3154 train_rmse=0.0435 val_rmse=0.0555 val_r2=0.4736 val_mape=5.23%
    ep  26 (2.6s): train_loss=0.3018 train_rmse=0.0426 val_rmse=0.0582 val_r2=0.4215 val_mape=5.39%
    ep  27 (2.6s): train_loss=0.2648 train_rmse=0.0399 val_rmse=0.0595 val_r2=0.3948 val_mape=5.42%
    ep  28 (2.6s): train_loss=0.3181 train_rmse=0.0437 val_rmse=0.0595 val_r2=0.3959 val_mape=5.38%
    ep  29 (2.6s): train_loss=0.2854 train_rmse=0.0414 val_rmse=0.0604 val_r2=0.3771 val_mape=5.24%
    ep  30 (2.6s): train_loss=0.2485 train_rmse=0.0386 val_rmse=0.0588 val_r2=0.4108 val_mape=5.40%
    ep  31 (2.6s): train_loss=0.2675 train_rmse=0.0401 val_rmse=0.0588 val_r2=0.4102 val_mape=5.34%
    ep  32 (2.6s): train_loss=0.2657 train_rmse=0.0399 val_rmse=0.0585 val_r2=0.4162 val_mape=5.17%
    ep  33 (2.6s): train_loss=0.2839 train_rmse=0.0413 val_rmse=0.0586 val_r2=0.4134 val_mape=5.25%
    ep  34 (2.6s): train_loss=0.2729 train_rmse=0.0405 val_rmse=0.0565 val_r2=0.4550 val_mape=5.08%
    ep  35 (2.6s): train_loss=0.2628 train_rmse=0.0397 val_rmse=0.0576 val_r2=0.4335 val_mape=5.10%
    ep  36 (2.6s): train_loss=0.2315 train_rmse=0.0373 val_rmse=0.0602 val_r2=0.3813 val_mape=5.50%
    ep  37 (2.6s): train_loss=0.2671 train_rmse=0.0400 val_rmse=0.0562 val_r2=0.4607 val_mape=5.12%
    ep  38 (2.6s): train_loss=0.2577 train_rmse=0.0393 val_rmse=0.0530 val_r2=0.5202 val_mape=4.77%
    ep  39 (2.6s): train_loss=0.2611 train_rmse=0.0396 val_rmse=0.0549 val_r2=0.4853 val_mape=4.96%
    ep  40 (2.6s): train_loss=0.2636 train_rmse=0.0398 val_rmse=0.0548 val_r2=0.4864 val_mape=4.87%
    ep  41 (2.6s): train_loss=0.2668 train_rmse=0.0400 val_rmse=0.0648 val_r2=0.2828 val_mape=6.40%
    ep  42 (2.6s): train_loss=0.2598 train_rmse=0.0395 val_rmse=0.0590 val_r2=0.4060 val_mape=5.44%
    ep  43 (2.6s): train_loss=0.2562 train_rmse=0.0392 val_rmse=0.0554 val_r2=0.4764 val_mape=5.07%
    ep  44 (2.6s): train_loss=0.2571 train_rmse=0.0393 val_rmse=0.0538 val_r2=0.5059 val_mape=4.97%
    ep  45 (2.6s): train_loss=0.2373 train_rmse=0.0377 val_rmse=0.0543 val_r2=0.4961 val_mape=4.82%
    ep  46 (2.6s): train_loss=0.2274 train_rmse=0.0369 val_rmse=0.0656 val_r2=0.2646 val_mape=5.60%
    ep  47 (2.6s): train_loss=0.2594 train_rmse=0.0395 val_rmse=0.0554 val_r2=0.4756 val_mape=4.96%
    ep  48 (2.6s): train_loss=0.2270 train_rmse=0.0369 val_rmse=0.0553 val_r2=0.4776 val_mape=4.97%
    ep  49 (2.6s): train_loss=0.2416 train_rmse=0.0381 val_rmse=0.0547 val_r2=0.4891 val_mape=4.85%
    ep  50 (2.6s): train_loss=0.2268 train_rmse=0.0369 val_rmse=0.0552 val_r2=0.4792 val_mape=4.96%
    ep  51 (2.6s): train_loss=0.2457 train_rmse=0.0384 val_rmse=0.0529 val_r2=0.5229 val_mape=4.92%
    ep  52 (2.6s): train_loss=0.2232 train_rmse=0.0366 val_rmse=0.0573 val_r2=0.4401 val_mape=5.02%
    ep  53 (2.7s): train_loss=0.2234 train_rmse=0.0366 val_rmse=0.0559 val_r2=0.4660 val_mape=4.85%
    ep  54 (2.7s): train_loss=0.2206 train_rmse=0.0364 val_rmse=0.0562 val_r2=0.4613 val_mape=4.98%
    ep  55 (2.6s): train_loss=0.2101 train_rmse=0.0355 val_rmse=0.0557 val_r2=0.4696 val_mape=4.90%
    ep  56 (2.5s): train_loss=0.2190 train_rmse=0.0363 val_rmse=0.0562 val_r2=0.4611 val_mape=4.95%
    ep  57 (2.6s): train_loss=0.1954 train_rmse=0.0343 val_rmse=0.0547 val_r2=0.4901 val_mape=4.77%
    ep  58 (2.6s): train_loss=0.2167 train_rmse=0.0361 val_rmse=0.0557 val_r2=0.4712 val_mape=4.88%
    ep  59 (2.5s): train_loss=0.2125 train_rmse=0.0357 val_rmse=0.0563 val_r2=0.4584 val_mape=5.07%
    ep  60 (2.5s): train_loss=0.1990 train_rmse=0.0346 val_rmse=0.0559 val_r2=0.4663 val_mape=4.91%
    ep  61 (2.6s): train_loss=0.2443 train_rmse=0.0383 val_rmse=0.0570 val_r2=0.4455 val_mape=5.01%
    ep  62 (2.5s): train_loss=0.2107 train_rmse=0.0356 val_rmse=0.0568 val_r2=0.4489 val_mape=4.94%
    ep  63 (2.6s): train_loss=0.2155 train_rmse=0.0360 val_rmse=0.0563 val_r2=0.4580 val_mape=5.00%
    ep  64 (2.7s): train_loss=0.2100 train_rmse=0.0355 val_rmse=0.0560 val_r2=0.4642 val_mape=4.94%
    ep  65 (2.7s): train_loss=0.2102 train_rmse=0.0355 val_rmse=0.0559 val_r2=0.4667 val_mape=4.90%
    ep  66 (2.7s): train_loss=0.1989 train_rmse=0.0346 val_rmse=0.0574 val_r2=0.4376 val_mape=5.02%
    early stop @ epoch 66 (best 51, val_rmse=0.0529)
    final: rmse=0.0529  mae=0.0322  r2=0.5229  mape=4.92%  (383.5s, best_ep=51)
  -- fold 3 --
    [seed] reset RNG for target/fold: 45
    [fold-norm] fit on 70 train wafers (fold 3)...
    [fold-norm] done (117.9s)
    target oxide_etch stats: mean=0.6565 std=0.0773
    [oes-band] correlation selection: stat=late_mean, top_k=256, train_wafers=70
    [oes-band] selected 256/3648 wavelengths (max|corr|=0.606, min selected |corr|=0.339, 58.7s)
    [aux] wafer-mean aux head ENABLED, weight=0.3
    [mixup] ENABLED  alpha=0.2  prob=1.0
    ep   0 (12.7s): train_loss=0.8942 train_rmse=0.0731 val_rmse=0.0735 val_r2=0.0860 val_mape=8.73%
    ep   1 (2.9s): train_loss=0.7712 train_rmse=0.0679 val_rmse=0.0640 val_r2=0.3084 val_mape=7.73%
    ep   2 (2.6s): train_loss=0.6511 train_rmse=0.0624 val_rmse=0.0663 val_r2=0.2576 val_mape=7.74%
    ep   3 (2.6s): train_loss=0.7884 train_rmse=0.0687 val_rmse=0.0644 val_r2=0.2992 val_mape=7.58%
    ep   4 (2.6s): train_loss=0.7462 train_rmse=0.0668 val_rmse=0.0617 val_r2=0.3569 val_mape=7.22%
    ep   5 (2.6s): train_loss=0.5844 train_rmse=0.0591 val_rmse=0.0595 val_r2=0.4018 val_mape=6.73%
    ep   6 (2.6s): train_loss=0.5296 train_rmse=0.0563 val_rmse=0.0574 val_r2=0.4440 val_mape=6.59%
    ep   7 (2.6s): train_loss=0.4949 train_rmse=0.0544 val_rmse=0.0523 val_r2=0.5374 val_mape=5.62%
    ep   8 (2.6s): train_loss=0.5394 train_rmse=0.0568 val_rmse=0.0521 val_r2=0.5412 val_mape=5.38%
    ep   9 (2.6s): train_loss=0.4813 train_rmse=0.0536 val_rmse=0.0528 val_r2=0.5289 val_mape=5.42%
    ep  10 (2.6s): train_loss=0.5216 train_rmse=0.0558 val_rmse=0.0516 val_r2=0.5509 val_mape=5.19%
    ep  11 (2.6s): train_loss=0.5097 train_rmse=0.0552 val_rmse=0.0513 val_r2=0.5551 val_mape=5.10%
    ep  12 (2.6s): train_loss=0.5081 train_rmse=0.0551 val_rmse=0.0499 val_r2=0.5789 val_mape=5.09%
    ep  13 (2.6s): train_loss=0.4526 train_rmse=0.0520 val_rmse=0.0526 val_r2=0.5319 val_mape=5.55%
    ep  14 (2.6s): train_loss=0.4995 train_rmse=0.0546 val_rmse=0.0500 val_r2=0.5777 val_mape=5.03%
    ep  15 (2.6s): train_loss=0.4625 train_rmse=0.0526 val_rmse=0.0487 val_r2=0.5989 val_mape=4.74%
    ep  16 (2.6s): train_loss=0.4360 train_rmse=0.0511 val_rmse=0.0482 val_r2=0.6078 val_mape=4.60%
    ep  17 (2.6s): train_loss=0.4509 train_rmse=0.0519 val_rmse=0.0474 val_r2=0.6206 val_mape=4.54%
    ep  18 (2.6s): train_loss=0.4310 train_rmse=0.0508 val_rmse=0.0474 val_r2=0.6199 val_mape=4.88%
    ep  19 (2.6s): train_loss=0.4059 train_rmse=0.0493 val_rmse=0.0496 val_r2=0.5835 val_mape=4.64%
    ep  20 (2.6s): train_loss=0.4160 train_rmse=0.0499 val_rmse=0.0483 val_r2=0.6056 val_mape=4.66%
    ep  21 (2.6s): train_loss=0.3849 train_rmse=0.0480 val_rmse=0.0453 val_r2=0.6530 val_mape=4.42%
    ep  22 (2.6s): train_loss=0.3711 train_rmse=0.0471 val_rmse=0.0468 val_r2=0.6303 val_mape=4.53%
    ep  23 (2.6s): train_loss=0.3825 train_rmse=0.0478 val_rmse=0.0459 val_r2=0.6442 val_mape=4.58%
    ep  24 (2.6s): train_loss=0.3646 train_rmse=0.0467 val_rmse=0.0453 val_r2=0.6531 val_mape=4.32%
    ep  25 (2.6s): train_loss=0.3794 train_rmse=0.0476 val_rmse=0.0456 val_r2=0.6486 val_mape=4.28%
    ep  26 (2.6s): train_loss=0.3607 train_rmse=0.0464 val_rmse=0.0449 val_r2=0.6587 val_mape=4.12%
    ep  27 (2.6s): train_loss=0.3275 train_rmse=0.0443 val_rmse=0.0440 val_r2=0.6734 val_mape=4.02%
    ep  28 (2.6s): train_loss=0.4200 train_rmse=0.0501 val_rmse=0.0460 val_r2=0.6426 val_mape=4.05%
    ep  29 (2.6s): train_loss=0.3788 train_rmse=0.0476 val_rmse=0.0440 val_r2=0.6723 val_mape=4.13%
    ep  30 (2.6s): train_loss=0.3567 train_rmse=0.0462 val_rmse=0.0435 val_r2=0.6806 val_mape=3.91%
    ep  31 (2.6s): train_loss=0.3235 train_rmse=0.0440 val_rmse=0.0435 val_r2=0.6798 val_mape=4.09%
    ep  32 (2.6s): train_loss=0.3449 train_rmse=0.0454 val_rmse=0.0429 val_r2=0.6890 val_mape=3.73%
    ep  33 (2.6s): train_loss=0.3053 train_rmse=0.0427 val_rmse=0.0424 val_r2=0.6965 val_mape=3.79%
    ep  34 (2.6s): train_loss=0.3165 train_rmse=0.0435 val_rmse=0.0431 val_r2=0.6859 val_mape=3.96%
    ep  35 (2.6s): train_loss=0.2828 train_rmse=0.0411 val_rmse=0.0427 val_r2=0.6921 val_mape=3.81%
    ep  36 (2.6s): train_loss=0.3508 train_rmse=0.0458 val_rmse=0.0439 val_r2=0.6739 val_mape=4.07%
    ep  37 (2.6s): train_loss=0.3650 train_rmse=0.0467 val_rmse=0.0446 val_r2=0.6632 val_mape=4.28%
    ep  38 (2.6s): train_loss=0.3384 train_rmse=0.0450 val_rmse=0.0439 val_r2=0.6739 val_mape=4.08%
    ep  39 (2.6s): train_loss=0.3224 train_rmse=0.0439 val_rmse=0.0438 val_r2=0.6754 val_mape=4.01%
    ep  40 (2.6s): train_loss=0.2811 train_rmse=0.0410 val_rmse=0.0410 val_r2=0.7165 val_mape=3.65%
    ep  41 (2.6s): train_loss=0.3039 train_rmse=0.0426 val_rmse=0.0417 val_r2=0.7067 val_mape=3.71%
    ep  42 (2.6s): train_loss=0.2854 train_rmse=0.0413 val_rmse=0.0417 val_r2=0.7059 val_mape=3.65%
    ep  43 (2.6s): train_loss=0.2848 train_rmse=0.0413 val_rmse=0.0417 val_r2=0.7055 val_mape=3.59%
    ep  44 (2.6s): train_loss=0.3087 train_rmse=0.0430 val_rmse=0.0416 val_r2=0.7072 val_mape=3.53%
    ep  45 (2.6s): train_loss=0.2700 train_rmse=0.0402 val_rmse=0.0410 val_r2=0.7161 val_mape=3.52%
    ep  46 (2.6s): train_loss=0.2835 train_rmse=0.0412 val_rmse=0.0414 val_r2=0.7104 val_mape=3.45%
    ep  47 (2.6s): train_loss=0.3021 train_rmse=0.0425 val_rmse=0.0417 val_r2=0.7060 val_mape=3.80%
    ep  48 (2.6s): train_loss=0.2938 train_rmse=0.0419 val_rmse=0.0413 val_r2=0.7118 val_mape=3.66%
    ep  49 (2.6s): train_loss=0.2740 train_rmse=0.0405 val_rmse=0.0410 val_r2=0.7162 val_mape=3.50%
    ep  50 (2.6s): train_loss=0.2805 train_rmse=0.0410 val_rmse=0.0404 val_r2=0.7246 val_mape=3.42%
    ep  51 (2.6s): train_loss=0.2887 train_rmse=0.0415 val_rmse=0.0416 val_r2=0.7074 val_mape=3.52%
    ep  52 (2.6s): train_loss=0.2722 train_rmse=0.0403 val_rmse=0.0419 val_r2=0.7040 val_mape=3.67%
    ep  53 (2.6s): train_loss=0.2585 train_rmse=0.0393 val_rmse=0.0410 val_r2=0.7164 val_mape=3.56%
    ep  54 (2.6s): train_loss=0.2893 train_rmse=0.0416 val_rmse=0.0421 val_r2=0.6999 val_mape=3.71%
    ep  55 (2.6s): train_loss=0.2691 train_rmse=0.0401 val_rmse=0.0410 val_r2=0.7154 val_mape=3.54%
    ep  56 (2.7s): train_loss=0.2727 train_rmse=0.0404 val_rmse=0.0404 val_r2=0.7244 val_mape=3.38%
    ep  57 (2.7s): train_loss=0.2726 train_rmse=0.0404 val_rmse=0.0411 val_r2=0.7146 val_mape=3.60%
    ep  58 (2.8s): train_loss=0.2918 train_rmse=0.0418 val_rmse=0.0432 val_r2=0.6853 val_mape=3.67%
    ep  59 (2.8s): train_loss=0.2773 train_rmse=0.0407 val_rmse=0.0422 val_r2=0.6997 val_mape=3.69%
    ep  60 (2.8s): train_loss=0.2522 train_rmse=0.0388 val_rmse=0.0412 val_r2=0.7135 val_mape=3.54%
    ep  61 (2.8s): train_loss=0.2662 train_rmse=0.0399 val_rmse=0.0407 val_r2=0.7199 val_mape=3.41%
    ep  62 (2.9s): train_loss=0.2564 train_rmse=0.0392 val_rmse=0.0408 val_r2=0.7189 val_mape=3.48%
    ep  63 (2.7s): train_loss=0.2636 train_rmse=0.0397 val_rmse=0.0408 val_r2=0.7190 val_mape=3.47%
    ep  64 (2.7s): train_loss=0.2650 train_rmse=0.0398 val_rmse=0.0410 val_r2=0.7164 val_mape=3.49%
    ep  65 (2.7s): train_loss=0.3066 train_rmse=0.0428 val_rmse=0.0411 val_r2=0.7139 val_mape=3.48%
    early stop @ epoch 65 (best 50, val_rmse=0.0404)
    final: rmse=0.0404  mae=0.0234  r2=0.7246  mape=3.42%  (360.0s, best_ep=50)
  -- fold 4 --
    [seed] reset RNG for target/fold: 46
    [fold-norm] fit on 70 train wafers (fold 4)...
    [fold-norm] done (116.8s)
    target oxide_etch stats: mean=0.6594 std=0.0768
    [oes-band] correlation selection: stat=late_mean, top_k=256, train_wafers=70
    [oes-band] selected 256/3648 wavelengths (max|corr|=0.584, min selected |corr|=0.332, 59.9s)
    [aux] wafer-mean aux head ENABLED, weight=0.3
    [mixup] ENABLED  alpha=0.2  prob=1.0
    ep   0 (15.2s): train_loss=1.0220 train_rmse=0.0776 val_rmse=0.0789 val_r2=0.0047 val_mape=9.88%
    ep   1 (2.9s): train_loss=0.8938 train_rmse=0.0726 val_rmse=0.0780 val_r2=0.0277 val_mape=9.78%
    ep   2 (2.7s): train_loss=0.8698 train_rmse=0.0716 val_rmse=0.0776 val_r2=0.0388 val_mape=9.69%
    ep   3 (2.6s): train_loss=0.9089 train_rmse=0.0732 val_rmse=0.0769 val_r2=0.0558 val_mape=9.52%
    ep   4 (2.6s): train_loss=0.7816 train_rmse=0.0679 val_rmse=0.0784 val_r2=0.0173 val_mape=9.37%
    ep   5 (2.7s): train_loss=0.8937 train_rmse=0.0726 val_rmse=0.0845 val_r2=-0.1409 val_mape=10.92%
    ep   6 (2.7s): train_loss=0.8728 train_rmse=0.0717 val_rmse=0.0750 val_r2=0.1022 val_mape=9.23%
    ep   7 (2.8s): train_loss=0.8758 train_rmse=0.0719 val_rmse=0.0734 val_r2=0.1392 val_mape=8.98%
    ep   8 (2.8s): train_loss=0.7993 train_rmse=0.0686 val_rmse=0.0835 val_r2=-0.1144 val_mape=10.67%
    ep   9 (2.8s): train_loss=0.8432 train_rmse=0.0705 val_rmse=0.1010 val_r2=-0.6306 val_mape=12.18%
    ep  10 (2.9s): train_loss=0.7361 train_rmse=0.0659 val_rmse=0.0711 val_r2=0.1925 val_mape=8.38%
    ep  11 (2.9s): train_loss=0.7682 train_rmse=0.0673 val_rmse=0.0761 val_r2=0.0750 val_mape=9.37%
    ep  12 (2.9s): train_loss=0.7642 train_rmse=0.0671 val_rmse=0.0704 val_r2=0.2081 val_mape=8.34%
    ep  13 (2.7s): train_loss=0.7497 train_rmse=0.0665 val_rmse=0.0727 val_r2=0.1550 val_mape=7.54%
    ep  14 (2.8s): train_loss=0.5950 train_rmse=0.0592 val_rmse=0.0838 val_r2=-0.1218 val_mape=9.95%
    ep  15 (2.8s): train_loss=0.6871 train_rmse=0.0636 val_rmse=0.0735 val_r2=0.1371 val_mape=6.95%
    ep  16 (2.8s): train_loss=0.6499 train_rmse=0.0619 val_rmse=0.0704 val_r2=0.2077 val_mape=7.21%
    ep  17 (2.8s): train_loss=0.6654 train_rmse=0.0626 val_rmse=0.0770 val_r2=0.0539 val_mape=8.99%
    ep  18 (2.8s): train_loss=0.6436 train_rmse=0.0616 val_rmse=0.0823 val_r2=-0.0813 val_mape=9.45%
    ep  19 (2.9s): train_loss=0.5751 train_rmse=0.0582 val_rmse=0.0835 val_r2=-0.1126 val_mape=9.61%
    ep  20 (2.9s): train_loss=0.6343 train_rmse=0.0612 val_rmse=0.0712 val_r2=0.1902 val_mape=6.24%
    ep  21 (2.9s): train_loss=0.6170 train_rmse=0.0603 val_rmse=0.0796 val_r2=-0.0126 val_mape=9.24%
    ep  22 (2.8s): train_loss=0.6994 train_rmse=0.0642 val_rmse=0.0687 val_r2=0.2458 val_mape=6.56%
    ep  23 (2.8s): train_loss=0.6783 train_rmse=0.0632 val_rmse=0.0650 val_r2=0.3258 val_mape=6.51%
    ep  24 (2.8s): train_loss=0.5221 train_rmse=0.0555 val_rmse=0.0731 val_r2=0.1461 val_mape=8.24%
    ep  25 (2.8s): train_loss=0.6699 train_rmse=0.0628 val_rmse=0.0685 val_r2=0.2511 val_mape=7.62%
    ep  26 (2.9s): train_loss=0.6014 train_rmse=0.0595 val_rmse=0.0684 val_r2=0.2526 val_mape=5.83%
    ep  27 (2.8s): train_loss=0.6516 train_rmse=0.0620 val_rmse=0.0648 val_r2=0.3284 val_mape=6.82%
    ep  28 (2.6s): train_loss=0.5670 train_rmse=0.0578 val_rmse=0.0744 val_r2=0.1167 val_mape=8.29%
    ep  29 (2.7s): train_loss=0.6138 train_rmse=0.0602 val_rmse=0.0657 val_r2=0.3096 val_mape=5.76%
    ep  30 (2.8s): train_loss=0.5425 train_rmse=0.0566 val_rmse=0.0657 val_r2=0.3111 val_mape=5.64%
    ep  31 (2.7s): train_loss=0.6138 train_rmse=0.0602 val_rmse=0.0719 val_r2=0.1736 val_mape=7.90%
    ep  32 (2.8s): train_loss=0.6254 train_rmse=0.0607 val_rmse=0.0762 val_r2=0.0721 val_mape=8.41%
    ep  33 (2.8s): train_loss=0.5408 train_rmse=0.0565 val_rmse=0.0654 val_r2=0.3170 val_mape=5.75%
    ep  34 (2.8s): train_loss=0.5508 train_rmse=0.0570 val_rmse=0.0648 val_r2=0.3285 val_mape=6.95%
    ep  35 (2.8s): train_loss=0.5817 train_rmse=0.0586 val_rmse=0.0648 val_r2=0.3296 val_mape=6.57%
    ep  36 (2.8s): train_loss=0.5111 train_rmse=0.0549 val_rmse=0.0647 val_r2=0.3311 val_mape=6.89%
    ep  37 (2.8s): train_loss=0.4517 train_rmse=0.0516 val_rmse=0.0651 val_r2=0.3221 val_mape=5.48%
    ep  38 (2.8s): train_loss=0.4216 train_rmse=0.0499 val_rmse=0.0667 val_r2=0.2888 val_mape=5.38%
    ep  39 (2.8s): train_loss=0.4902 train_rmse=0.0538 val_rmse=0.0636 val_r2=0.3547 val_mape=6.74%
    ep  40 (2.8s): train_loss=0.5629 train_rmse=0.0576 val_rmse=0.0634 val_r2=0.3585 val_mape=5.87%
    ep  41 (2.8s): train_loss=0.4646 train_rmse=0.0523 val_rmse=0.0653 val_r2=0.3195 val_mape=5.51%
    ep  42 (2.8s): train_loss=0.4648 train_rmse=0.0523 val_rmse=0.0712 val_r2=0.1894 val_mape=7.77%
    ep  43 (2.8s): train_loss=0.4910 train_rmse=0.0538 val_rmse=0.0735 val_r2=0.1377 val_mape=8.05%
    ep  44 (2.8s): train_loss=0.5053 train_rmse=0.0546 val_rmse=0.0667 val_r2=0.2893 val_mape=7.25%
    ep  45 (2.8s): train_loss=0.4565 train_rmse=0.0519 val_rmse=0.0595 val_r2=0.4352 val_mape=5.69%
    ep  46 (2.8s): train_loss=0.4473 train_rmse=0.0514 val_rmse=0.0612 val_r2=0.4010 val_mape=5.25%
    ep  47 (2.8s): train_loss=0.3977 train_rmse=0.0484 val_rmse=0.0590 val_r2=0.4442 val_mape=6.10%
    ep  48 (2.8s): train_loss=0.3530 train_rmse=0.0456 val_rmse=0.0661 val_r2=0.3011 val_mape=7.29%
    ep  49 (2.8s): train_loss=0.4408 train_rmse=0.0510 val_rmse=0.0597 val_r2=0.4301 val_mape=5.27%
    ep  50 (2.8s): train_loss=0.4297 train_rmse=0.0503 val_rmse=0.0578 val_r2=0.4659 val_mape=5.60%
    ep  51 (2.8s): train_loss=0.4572 train_rmse=0.0519 val_rmse=0.0606 val_r2=0.4130 val_mape=5.54%
    ep  52 (2.8s): train_loss=0.4170 train_rmse=0.0496 val_rmse=0.0578 val_r2=0.4656 val_mape=5.97%
    ep  53 (2.8s): train_loss=0.5148 train_rmse=0.0551 val_rmse=0.0575 val_r2=0.4719 val_mape=6.04%
    ep  54 (2.8s): train_loss=0.4152 train_rmse=0.0495 val_rmse=0.0574 val_r2=0.4736 val_mape=5.76%
    ep  55 (2.8s): train_loss=0.4065 train_rmse=0.0490 val_rmse=0.0578 val_r2=0.4655 val_mape=5.95%
    ep  56 (2.8s): train_loss=0.4183 train_rmse=0.0497 val_rmse=0.0586 val_r2=0.4508 val_mape=6.25%
    ep  57 (2.8s): train_loss=0.3840 train_rmse=0.0476 val_rmse=0.0543 val_r2=0.5288 val_mape=5.11%
    ep  58 (2.8s): train_loss=0.4326 train_rmse=0.0505 val_rmse=0.0565 val_r2=0.4908 val_mape=5.01%
    ep  59 (2.8s): train_loss=0.3776 train_rmse=0.0472 val_rmse=0.0549 val_r2=0.5192 val_mape=5.24%
    ep  60 (2.8s): train_loss=0.4509 train_rmse=0.0516 val_rmse=0.0549 val_r2=0.5188 val_mape=5.17%
    ep  61 (2.8s): train_loss=0.3932 train_rmse=0.0481 val_rmse=0.0552 val_r2=0.5129 val_mape=5.19%
    ep  62 (2.8s): train_loss=0.4310 train_rmse=0.0504 val_rmse=0.0565 val_r2=0.4905 val_mape=5.88%
    ep  63 (2.8s): train_loss=0.4176 train_rmse=0.0496 val_rmse=0.0568 val_r2=0.4840 val_mape=6.02%
    ep  64 (2.8s): train_loss=0.3751 train_rmse=0.0470 val_rmse=0.0572 val_r2=0.4770 val_mape=6.10%
    ep  65 (2.8s): train_loss=0.4046 train_rmse=0.0488 val_rmse=0.0571 val_r2=0.4789 val_mape=6.06%
    ep  66 (2.8s): train_loss=0.3727 train_rmse=0.0469 val_rmse=0.0566 val_r2=0.4879 val_mape=5.99%
    ep  67 (2.8s): train_loss=0.3790 train_rmse=0.0473 val_rmse=0.0543 val_r2=0.5295 val_mape=5.59%
    ep  68 (2.8s): train_loss=0.3566 train_rmse=0.0459 val_rmse=0.0547 val_r2=0.5214 val_mape=5.66%
    ep  69 (2.8s): train_loss=0.3180 train_rmse=0.0433 val_rmse=0.0537 val_r2=0.5391 val_mape=5.48%
    ep  70 (2.8s): train_loss=0.3642 train_rmse=0.0463 val_rmse=0.0527 val_r2=0.5565 val_mape=5.24%
    ep  71 (2.8s): train_loss=0.3885 train_rmse=0.0479 val_rmse=0.0535 val_r2=0.5434 val_mape=5.43%
    ep  72 (2.8s): train_loss=0.3489 train_rmse=0.0454 val_rmse=0.0554 val_r2=0.5090 val_mape=5.80%
    ep  73 (2.8s): train_loss=0.3689 train_rmse=0.0466 val_rmse=0.0552 val_r2=0.5129 val_mape=5.75%
    ep  74 (2.8s): train_loss=0.4172 train_rmse=0.0496 val_rmse=0.0534 val_r2=0.5438 val_mape=5.41%
    ep  75 (2.8s): train_loss=0.4217 train_rmse=0.0499 val_rmse=0.0552 val_r2=0.5141 val_mape=5.72%
    ep  76 (2.8s): train_loss=0.3383 train_rmse=0.0447 val_rmse=0.0551 val_r2=0.5158 val_mape=5.71%
    ep  77 (2.8s): train_loss=0.3362 train_rmse=0.0445 val_rmse=0.0556 val_r2=0.5064 val_mape=5.81%
    ep  78 (2.8s): train_loss=0.3468 train_rmse=0.0452 val_rmse=0.0545 val_r2=0.5254 val_mape=5.61%
    ep  79 (2.8s): train_loss=0.3517 train_rmse=0.0455 val_rmse=0.0568 val_r2=0.4845 val_mape=5.99%
    final: rmse=0.0527  mae=0.0334  r2=0.5565  mape=5.24%  (414.0s, best_ep=70)
  AGG    rmse=0.0458±0.0058  r2=0.6437±0.0871