Experiment dir: outputs\experiments\2026-05-27_01-06_dl-multimodal-oes-corr-topk-5fold-seed1-fold4
Config: configs\exp_dl_multimodal_oes_corr_topk_5fold.yaml
Device: cuda  (CUDA=True)
Cache: cache\v1  |  split: splits/kfold5_wafer.npz (StratifiedGroupKFold(n_splits=5, stratify=lot, group=wafer), running folds [4] of 5)
Targets: ['oxide_etch']  |  modality: multimodal

[setup] loading 88 wafers (one-time, shared across folds)...
[setup] done in 180.1s  (discover=0.2 load=179.9)
[setup] proc channels kept: 31
[setup] XGB injection features: 0 (disabled)
[setup] normalisation deferred to per-fold (no val leakage)

=== Target: oxide_etch ===
  -- fold 4 --
    [seed] reset RNG for target/fold: 5
    [fold-norm] fit on 70 train wafers (fold 4)...
    [fold-norm] done (103.0s)
    target oxide_etch stats: mean=0.6594 std=0.0768
    [oes-band] correlation selection: stat=late_mean, top_k=256, train_wafers=70
    [oes-band] selected 256/3648 wavelengths (max|corr|=0.584, min selected |corr|=0.332, 75.0s)
    ep   0 (51.7s): train_loss=1.0111 train_rmse=0.0772 val_rmse=0.0777 val_r2=0.0352 val_mape=9.70%
    ep   1 (3.9s): train_loss=0.9441 train_rmse=0.0746 val_rmse=0.0748 val_r2=0.1067 val_mape=9.11%
    ep   2 (3.2s): train_loss=0.8786 train_rmse=0.0720 val_rmse=0.1178 val_r2=-1.2163 val_mape=14.71%
    ep   3 (3.2s): train_loss=0.8821 train_rmse=0.0721 val_rmse=0.0848 val_r2=-0.1482 val_mape=10.73%
    ep   4 (3.2s): train_loss=0.9214 train_rmse=0.0737 val_rmse=0.0789 val_r2=0.0065 val_mape=9.61%
    ep   5 (3.1s): train_loss=0.8227 train_rmse=0.0696 val_rmse=0.0749 val_r2=0.1045 val_mape=9.08%
    ep   6 (3.2s): train_loss=0.7769 train_rmse=0.0677 val_rmse=0.0778 val_r2=0.0339 val_mape=7.53%
    ep   7 (3.1s): train_loss=0.7776 train_rmse=0.0677 val_rmse=0.0737 val_r2=0.1330 val_mape=8.61%
    ep   8 (3.1s): train_loss=0.7253 train_rmse=0.0654 val_rmse=0.0860 val_r2=-0.1821 val_mape=7.87%
    ep   9 (3.1s): train_loss=0.7554 train_rmse=0.0667 val_rmse=0.0827 val_r2=-0.0912 val_mape=7.58%
    ep  10 (3.6s): train_loss=0.7414 train_rmse=0.0661 val_rmse=0.0660 val_r2=0.3041 val_mape=6.00%
    ep  11 (4.3s): train_loss=0.7488 train_rmse=0.0664 val_rmse=0.0784 val_r2=0.0181 val_mape=8.77%
    ep  12 (5.1s): train_loss=0.6828 train_rmse=0.0634 val_rmse=0.0630 val_r2=0.3661 val_mape=6.85%
    ep  13 (5.0s): train_loss=0.6560 train_rmse=0.0622 val_rmse=0.0641 val_r2=0.3440 val_mape=5.27%
    ep  14 (5.0s): train_loss=0.6038 train_rmse=0.0597 val_rmse=0.0750 val_r2=0.1011 val_mape=8.05%
    ep  15 (5.0s): train_loss=0.4985 train_rmse=0.0542 val_rmse=0.0708 val_r2=0.1997 val_mape=7.46%
    ep  16 (4.9s): train_loss=0.7338 train_rmse=0.0658 val_rmse=0.0701 val_r2=0.2141 val_mape=5.60%
    ep  17 (5.1s): train_loss=0.7014 train_rmse=0.0643 val_rmse=0.0733 val_r2=0.1424 val_mape=8.04%
    ep  18 (5.1s): train_loss=0.5536 train_rmse=0.0571 val_rmse=0.0647 val_r2=0.3304 val_mape=5.19%
    ep  19 (5.2s): train_loss=0.5291 train_rmse=0.0559 val_rmse=0.0665 val_r2=0.2925 val_mape=6.76%
    ep  20 (5.1s): train_loss=0.7085 train_rmse=0.0646 val_rmse=0.0646 val_r2=0.3339 val_mape=7.00%
    early stop @ epoch 20 (best 12, val_rmse=0.0630)
    final: rmse=0.0630  mae=0.0433  r2=0.3661  mape=6.85%  (315.0s, best_ep=12)
  AGG    rmse=0.0630±0.0000  r2=0.3661±0.0000