Experiment dir: outputs\experiments\2026-05-21_02-09_dl-multimodal-5fold
Config: configs\exp_dl_multimodal_5fold.yaml
Device: cuda  (CUDA=True)
Cache: cache\v1  |  split: splits/kfold5_wafer.npz (StratifiedGroupKFold(n_splits=5, stratify=lot, group=wafer), running 5/5 folds)
Targets: ['oxide_etch', 'si_etch']  |  modality: multimodal

[setup] loading 88 wafers (one-time, shared across folds)...
[setup] done in 126.3s  (discover=0.4 load=125.9)
[setup] proc channels kept: 31
[setup] XGB injection features: 0 (disabled)
[setup] normalisation deferred to per-fold (no val leakage)

=== Target: oxide_etch ===
  -- fold 0 --
    [fold-norm] fit on 70 train wafers (fold 0)...
    [fold-norm] done (82.7s)
    target oxide_etch stats: mean=0.6587 std=0.0773
    ep   0 (21.5s): train_loss=1.0039 train_rmse=0.0774 val_rmse=0.0744 val_r2=0.0781 val_mape=9.33%
    ep   1 (15.0s): train_loss=0.7820 train_rmse=0.0683 val_rmse=0.0766 val_r2=0.0220 val_mape=9.58%
    ep   2 (15.0s): train_loss=0.8337 train_rmse=0.0705 val_rmse=0.0763 val_r2=0.0296 val_mape=9.51%
    ep   3 (15.0s): train_loss=0.7278 train_rmse=0.0659 val_rmse=0.0595 val_r2=0.4101 val_mape=6.94%
    ep   4 (15.0s): train_loss=0.5777 train_rmse=0.0587 val_rmse=0.0571 val_r2=0.4556 val_mape=6.69%
    ep   5 (15.0s): train_loss=0.5800 train_rmse=0.0588 val_rmse=0.0537 val_r2=0.5186 val_mape=6.38%
    ep   6 (15.0s): train_loss=0.5592 train_rmse=0.0578 val_rmse=0.0514 val_r2=0.5603 val_mape=5.46%
    ep   7 (15.0s): train_loss=0.5126 train_rmse=0.0553 val_rmse=0.0479 val_r2=0.6173 val_mape=5.39%
    ep   8 (15.0s): train_loss=0.4646 train_rmse=0.0527 val_rmse=0.0487 val_r2=0.6039 val_mape=5.30%
    ep   9 (15.0s): train_loss=0.4469 train_rmse=0.0516 val_rmse=0.0488 val_r2=0.6028 val_mape=5.22%
    ep  10 (15.0s): train_loss=0.4490 train_rmse=0.0518 val_rmse=0.0463 val_r2=0.6422 val_mape=4.95%
    ep  11 (15.0s): train_loss=0.5667 train_rmse=0.0582 val_rmse=0.0617 val_r2=0.3660 val_mape=7.17%
    ep  12 (15.0s): train_loss=0.4965 train_rmse=0.0544 val_rmse=0.0513 val_r2=0.5616 val_mape=5.11%
    ep  13 (15.0s): train_loss=0.4335 train_rmse=0.0509 val_rmse=0.0474 val_r2=0.6258 val_mape=4.74%
    ep  14 (15.0s): train_loss=0.4889 train_rmse=0.0540 val_rmse=0.0495 val_r2=0.5912 val_mape=4.69%
    ep  15 (15.3s): train_loss=0.3970 train_rmse=0.0487 val_rmse=0.0432 val_r2=0.6889 val_mape=4.36%
    ep  16 (15.0s): train_loss=0.3689 train_rmse=0.0469 val_rmse=0.0434 val_r2=0.6866 val_mape=4.24%
    ep  17 (15.0s): train_loss=0.3336 train_rmse=0.0446 val_rmse=0.0455 val_r2=0.6549 val_mape=4.45%
    ep  18 (15.0s): train_loss=0.3213 train_rmse=0.0438 val_rmse=0.0450 val_r2=0.6625 val_mape=4.29%
    ep  19 (15.0s): train_loss=0.3329 train_rmse=0.0446 val_rmse=0.0436 val_r2=0.6837 val_mape=4.15%
    ep  20 (15.0s): train_loss=0.3596 train_rmse=0.0463 val_rmse=0.0401 val_r2=0.7325 val_mape=3.82%
    ep  21 (15.0s): train_loss=0.3116 train_rmse=0.0431 val_rmse=0.0409 val_r2=0.7212 val_mape=3.74%
    ep  22 (15.0s): train_loss=0.3229 train_rmse=0.0439 val_rmse=0.0409 val_r2=0.7209 val_mape=3.82%
    ep  23 (15.0s): train_loss=0.3098 train_rmse=0.0430 val_rmse=0.0407 val_r2=0.7240 val_mape=3.94%
    ep  24 (15.0s): train_loss=0.3297 train_rmse=0.0444 val_rmse=0.0405 val_r2=0.7268 val_mape=3.94%
    ep  25 (15.0s): train_loss=0.3106 train_rmse=0.0431 val_rmse=0.0462 val_r2=0.6437 val_mape=4.03%
    ep  26 (15.0s): train_loss=0.3432 train_rmse=0.0453 val_rmse=0.0396 val_r2=0.7391 val_mape=3.71%
    ep  27 (15.0s): train_loss=0.3295 train_rmse=0.0444 val_rmse=0.0397 val_r2=0.7368 val_mape=3.74%
    ep  28 (15.0s): train_loss=0.3113 train_rmse=0.0431 val_rmse=0.0398 val_r2=0.7365 val_mape=3.66%
    ep  29 (15.0s): train_loss=0.2973 train_rmse=0.0421 val_rmse=0.0393 val_r2=0.7419 val_mape=3.67%
    ep  30 (15.0s): train_loss=0.3010 train_rmse=0.0424 val_rmse=0.0393 val_r2=0.7420 val_mape=3.66%
    ep  31 (15.0s): train_loss=0.2942 train_rmse=0.0419 val_rmse=0.0396 val_r2=0.7381 val_mape=3.68%
    ep  32 (15.0s): train_loss=0.2846 train_rmse=0.0412 val_rmse=0.0400 val_r2=0.7329 val_mape=3.71%
    ep  33 (15.0s): train_loss=0.2910 train_rmse=0.0417 val_rmse=0.0395 val_r2=0.7395 val_mape=3.69%
    ep  34 (15.0s): train_loss=0.2878 train_rmse=0.0414 val_rmse=0.0396 val_r2=0.7385 val_mape=3.69%
    ep  35 (15.0s): train_loss=0.3024 train_rmse=0.0425 val_rmse=0.0392 val_r2=0.7436 val_mape=3.66%
    ep  36 (15.0s): train_loss=0.2900 train_rmse=0.0416 val_rmse=0.0393 val_r2=0.7431 val_mape=3.65%
    ep  37 (15.0s): train_loss=0.2958 train_rmse=0.0420 val_rmse=0.0391 val_r2=0.7455 val_mape=3.63%
    ep  38 (15.0s): train_loss=0.2895 train_rmse=0.0416 val_rmse=0.0392 val_r2=0.7439 val_mape=3.64%
    ep  39 (15.0s): train_loss=0.2982 train_rmse=0.0422 val_rmse=0.0396 val_r2=0.7386 val_mape=3.65%
    final: rmse=0.0391  mae=0.0239  r2=0.7455  mape=3.63%  (692.9s, best_ep=37)
  -- fold 1 --
    [fold-norm] fit on 71 train wafers (fold 1)...
    [fold-norm] done (119.4s)
    target oxide_etch stats: mean=0.6585 std=0.0776
    ep   0 (27.0s): train_loss=1.0360 train_rmse=0.0790 val_rmse=0.0745 val_r2=0.0350 val_mape=9.25%
    ep   1 (18.2s): train_loss=0.8340 train_rmse=0.0709 val_rmse=0.0622 val_r2=0.3282 val_mape=7.83%
    ep   2 (18.2s): train_loss=0.6903 train_rmse=0.0645 val_rmse=0.0560 val_r2=0.4545 val_mape=6.69%
    ep   3 (18.2s): train_loss=0.6550 train_rmse=0.0628 val_rmse=0.0570 val_r2=0.4362 val_mape=6.78%
    ep   4 (18.2s): train_loss=0.6441 train_rmse=0.0623 val_rmse=0.0573 val_r2=0.4289 val_mape=6.84%
    ep   5 (18.2s): train_loss=0.6497 train_rmse=0.0626 val_rmse=0.0514 val_r2=0.5401 val_mape=5.53%
    ep   6 (18.2s): train_loss=0.5768 train_rmse=0.0590 val_rmse=0.0519 val_r2=0.5315 val_mape=5.41%
    ep   7 (18.2s): train_loss=0.5181 train_rmse=0.0559 val_rmse=0.0510 val_r2=0.5478 val_mape=5.24%
    ep   8 (18.2s): train_loss=0.4486 train_rmse=0.0520 val_rmse=0.0494 val_r2=0.5753 val_mape=5.00%
    ep   9 (18.2s): train_loss=0.4892 train_rmse=0.0543 val_rmse=0.0496 val_r2=0.5729 val_mape=4.87%
    ep  10 (18.2s): train_loss=0.4352 train_rmse=0.0512 val_rmse=0.0489 val_r2=0.5841 val_mape=4.63%
    ep  11 (18.2s): train_loss=0.4505 train_rmse=0.0521 val_rmse=0.0462 val_r2=0.6288 val_mape=4.26%
    ep  12 (18.2s): train_loss=0.3633 train_rmse=0.0468 val_rmse=0.0474 val_r2=0.6092 val_mape=4.31%
    ep  13 (18.2s): train_loss=0.3872 train_rmse=0.0483 val_rmse=0.0467 val_r2=0.6210 val_mape=4.11%
    ep  14 (18.3s): train_loss=0.3421 train_rmse=0.0454 val_rmse=0.0466 val_r2=0.6232 val_mape=4.15%
    ep  15 (18.2s): train_loss=0.3675 train_rmse=0.0471 val_rmse=0.0478 val_r2=0.6027 val_mape=4.29%
    ep  16 (18.3s): train_loss=0.3812 train_rmse=0.0479 val_rmse=0.0475 val_r2=0.6087 val_mape=4.28%
    ep  17 (18.3s): train_loss=0.3456 train_rmse=0.0456 val_rmse=0.0462 val_r2=0.6292 val_mape=3.96%
    ep  18 (18.2s): train_loss=0.3347 train_rmse=0.0449 val_rmse=0.0457 val_r2=0.6370 val_mape=3.86%
    ep  19 (18.2s): train_loss=0.3380 train_rmse=0.0451 val_rmse=0.0466 val_r2=0.6233 val_mape=4.15%
    ep  20 (18.2s): train_loss=0.3385 train_rmse=0.0452 val_rmse=0.0460 val_r2=0.6327 val_mape=4.17%
    ep  21 (18.2s): train_loss=0.3155 train_rmse=0.0436 val_rmse=0.0456 val_r2=0.6380 val_mape=4.03%
    ep  22 (18.3s): train_loss=0.3133 train_rmse=0.0435 val_rmse=0.0458 val_r2=0.6357 val_mape=4.01%
    ep  23 (18.2s): train_loss=0.3042 train_rmse=0.0428 val_rmse=0.0458 val_r2=0.6353 val_mape=3.95%
    ep  24 (18.2s): train_loss=0.3000 train_rmse=0.0425 val_rmse=0.0450 val_r2=0.6477 val_mape=3.89%
    ep  25 (18.2s): train_loss=0.2893 train_rmse=0.0418 val_rmse=0.0457 val_r2=0.6375 val_mape=4.00%
    ep  26 (18.2s): train_loss=0.2983 train_rmse=0.0424 val_rmse=0.0458 val_r2=0.6353 val_mape=3.93%
    ep  27 (18.2s): train_loss=0.2848 train_rmse=0.0414 val_rmse=0.0451 val_r2=0.6459 val_mape=3.83%
    ep  28 (18.2s): train_loss=0.2851 train_rmse=0.0415 val_rmse=0.0453 val_r2=0.6435 val_mape=3.93%
    ep  29 (18.2s): train_loss=0.2893 train_rmse=0.0418 val_rmse=0.0452 val_r2=0.6443 val_mape=3.82%
    ep  30 (18.2s): train_loss=0.2873 train_rmse=0.0416 val_rmse=0.0447 val_r2=0.6520 val_mape=3.82%
    ep  31 (18.2s): train_loss=0.2836 train_rmse=0.0413 val_rmse=0.0456 val_r2=0.6391 val_mape=3.85%
    ep  32 (18.2s): train_loss=0.2809 train_rmse=0.0411 val_rmse=0.0448 val_r2=0.6519 val_mape=3.84%
    ep  33 (18.2s): train_loss=0.2756 train_rmse=0.0408 val_rmse=0.0448 val_r2=0.6512 val_mape=3.83%
    ep  34 (18.2s): train_loss=0.2848 train_rmse=0.0414 val_rmse=0.0447 val_r2=0.6521 val_mape=3.85%
    ep  35 (18.2s): train_loss=0.2811 train_rmse=0.0412 val_rmse=0.0447 val_r2=0.6533 val_mape=3.83%
    ep  36 (18.3s): train_loss=0.2822 train_rmse=0.0412 val_rmse=0.0450 val_r2=0.6487 val_mape=3.83%
    ep  37 (18.2s): train_loss=0.2823 train_rmse=0.0413 val_rmse=0.0448 val_r2=0.6508 val_mape=3.82%
    ep  38 (18.3s): train_loss=0.2704 train_rmse=0.0404 val_rmse=0.0449 val_r2=0.6496 val_mape=3.83%
    ep  39 (18.2s): train_loss=0.2791 train_rmse=0.0410 val_rmse=0.0450 val_r2=0.6484 val_mape=3.83%
    final: rmse=0.0447  mae=0.0245  r2=0.6533  mape=3.83%  (858.4s, best_ep=35)
  -- fold 2 --
    [fold-norm] fit on 71 train wafers (fold 2)...
    [fold-norm] done (123.3s)
    target oxide_etch stats: mean=0.6577 std=0.0775
    ep   0 (20.5s): train_loss=1.0396 train_rmse=0.0790 val_rmse=0.0762 val_r2=0.0099 val_mape=9.26%
    ep   1 (18.2s): train_loss=0.8826 train_rmse=0.0728 val_rmse=0.0748 val_r2=0.0446 val_mape=8.96%
    ep   2 (18.2s): train_loss=0.7131 train_rmse=0.0654 val_rmse=0.0662 val_r2=0.2512 val_mape=7.77%
    ep   3 (18.2s): train_loss=0.5618 train_rmse=0.0581 val_rmse=0.0667 val_r2=0.2403 val_mape=7.37%
    ep   4 (18.2s): train_loss=0.5497 train_rmse=0.0574 val_rmse=0.0586 val_r2=0.4148 val_mape=6.18%
    ep   5 (18.2s): train_loss=0.6478 train_rmse=0.0624 val_rmse=0.0638 val_r2=0.3058 val_mape=7.24%
    ep   6 (18.2s): train_loss=0.4860 train_rmse=0.0540 val_rmse=0.0671 val_r2=0.2324 val_mape=6.37%
    ep   7 (18.2s): train_loss=0.4754 train_rmse=0.0534 val_rmse=0.0611 val_r2=0.3637 val_mape=5.91%
    ep   8 (18.2s): train_loss=0.4742 train_rmse=0.0534 val_rmse=0.0628 val_r2=0.3271 val_mape=5.62%
    ep   9 (18.2s): train_loss=0.4150 train_rmse=0.0499 val_rmse=0.0649 val_r2=0.2805 val_mape=6.33%
    ep  10 (18.2s): train_loss=0.4222 train_rmse=0.0503 val_rmse=0.0707 val_r2=0.1456 val_mape=7.09%
    ep  11 (18.3s): train_loss=0.4128 train_rmse=0.0498 val_rmse=0.0723 val_r2=0.1085 val_mape=6.41%
    ep  12 (18.2s): train_loss=0.3800 train_rmse=0.0478 val_rmse=0.0639 val_r2=0.3024 val_mape=5.87%
    early stop @ epoch 12 (best 4, val_rmse=0.0586)
    final: rmse=0.0586  mae=0.0404  r2=0.4148  mape=6.18%  (363.5s, best_ep=4)
  -- fold 3 --
    [fold-norm] fit on 70 train wafers (fold 3)...
    [fold-norm] done (118.2s)
    target oxide_etch stats: mean=0.6565 std=0.0773
    ep   0 (17.0s): train_loss=0.9590 train_rmse=0.0757 val_rmse=0.0697 val_r2=0.1789 val_mape=8.44%
    ep   1 (15.0s): train_loss=0.8112 train_rmse=0.0696 val_rmse=0.0665 val_r2=0.2537 val_mape=7.70%
    ep   2 (15.0s): train_loss=0.6764 train_rmse=0.0636 val_rmse=0.0579 val_r2=0.4337 val_mape=6.39%
    ep   3 (15.0s): train_loss=0.6303 train_rmse=0.0614 val_rmse=0.0537 val_r2=0.5136 val_mape=5.54%
    ep   4 (15.0s): train_loss=0.6667 train_rmse=0.0631 val_rmse=0.0543 val_r2=0.5026 val_mape=5.89%
    ep   5 (15.0s): train_loss=0.6582 train_rmse=0.0627 val_rmse=0.0522 val_r2=0.5390 val_mape=5.32%
    ep   6 (15.0s): train_loss=0.5173 train_rmse=0.0556 val_rmse=0.0522 val_r2=0.5391 val_mape=5.08%
    ep   7 (15.0s): train_loss=0.5348 train_rmse=0.0565 val_rmse=0.0502 val_r2=0.5749 val_mape=4.74%
    ep   8 (15.0s): train_loss=0.5119 train_rmse=0.0553 val_rmse=0.0514 val_r2=0.5538 val_mape=4.94%
    ep   9 (15.0s): train_loss=0.4888 train_rmse=0.0541 val_rmse=0.0463 val_r2=0.6376 val_mape=4.26%
    ep  10 (15.0s): train_loss=0.4935 train_rmse=0.0543 val_rmse=0.0497 val_r2=0.5832 val_mape=4.57%
    ep  11 (15.1s): train_loss=0.4087 train_rmse=0.0494 val_rmse=0.0437 val_r2=0.6779 val_mape=4.32%
    ep  12 (15.0s): train_loss=0.4340 train_rmse=0.0509 val_rmse=0.0442 val_r2=0.6702 val_mape=4.24%
    ep  13 (15.0s): train_loss=0.4133 train_rmse=0.0497 val_rmse=0.0460 val_r2=0.6420 val_mape=4.16%
    ep  14 (15.0s): train_loss=0.4240 train_rmse=0.0504 val_rmse=0.0478 val_r2=0.6134 val_mape=4.14%
    ep  15 (15.0s): train_loss=0.4778 train_rmse=0.0534 val_rmse=0.0460 val_r2=0.6425 val_mape=4.61%
    ep  16 (15.1s): train_loss=0.3832 train_rmse=0.0479 val_rmse=0.0441 val_r2=0.6718 val_mape=3.63%
    ep  17 (15.0s): train_loss=0.4013 train_rmse=0.0490 val_rmse=0.0448 val_r2=0.6605 val_mape=3.86%
    ep  18 (15.0s): train_loss=0.3914 train_rmse=0.0484 val_rmse=0.0411 val_r2=0.7140 val_mape=3.58%
    ep  19 (15.1s): train_loss=0.3568 train_rmse=0.0462 val_rmse=0.0415 val_r2=0.7091 val_mape=3.68%
    ep  20 (15.1s): train_loss=0.3520 train_rmse=0.0459 val_rmse=0.0397 val_r2=0.7334 val_mape=3.40%
    ep  21 (15.0s): train_loss=0.4013 train_rmse=0.0490 val_rmse=0.0441 val_r2=0.6719 val_mape=4.10%
    ep  22 (15.0s): train_loss=0.3541 train_rmse=0.0460 val_rmse=0.0412 val_r2=0.7129 val_mape=3.64%
    ep  23 (15.0s): train_loss=0.3470 train_rmse=0.0455 val_rmse=0.0398 val_r2=0.7323 val_mape=3.45%
    ep  24 (15.0s): train_loss=0.3211 train_rmse=0.0438 val_rmse=0.0399 val_r2=0.7309 val_mape=3.33%
    ep  25 (15.0s): train_loss=0.3336 train_rmse=0.0447 val_rmse=0.0397 val_r2=0.7333 val_mape=3.22%
    ep  26 (15.1s): train_loss=0.3186 train_rmse=0.0436 val_rmse=0.0391 val_r2=0.7418 val_mape=3.25%
    ep  27 (15.0s): train_loss=0.3325 train_rmse=0.0446 val_rmse=0.0395 val_r2=0.7363 val_mape=3.27%
    ep  28 (15.0s): train_loss=0.3079 train_rmse=0.0429 val_rmse=0.0394 val_r2=0.7374 val_mape=3.31%
    ep  29 (15.0s): train_loss=0.3073 train_rmse=0.0429 val_rmse=0.0391 val_r2=0.7419 val_mape=3.19%
    ep  30 (15.0s): train_loss=0.2957 train_rmse=0.0420 val_rmse=0.0396 val_r2=0.7356 val_mape=3.29%
    ep  31 (15.0s): train_loss=0.2975 train_rmse=0.0422 val_rmse=0.0389 val_r2=0.7440 val_mape=3.25%
    ep  32 (15.0s): train_loss=0.2995 train_rmse=0.0423 val_rmse=0.0392 val_r2=0.7408 val_mape=3.33%
    ep  33 (15.0s): train_loss=0.2981 train_rmse=0.0422 val_rmse=0.0384 val_r2=0.7508 val_mape=3.19%
    ep  34 (15.0s): train_loss=0.3007 train_rmse=0.0424 val_rmse=0.0389 val_r2=0.7442 val_mape=3.26%
    ep  35 (15.0s): train_loss=0.2985 train_rmse=0.0422 val_rmse=0.0390 val_r2=0.7426 val_mape=3.27%
    ep  36 (15.0s): train_loss=0.3008 train_rmse=0.0424 val_rmse=0.0391 val_r2=0.7417 val_mape=3.28%
    ep  37 (15.0s): train_loss=0.2905 train_rmse=0.0417 val_rmse=0.0386 val_r2=0.7486 val_mape=3.20%
    ep  38 (15.0s): train_loss=0.2983 train_rmse=0.0422 val_rmse=0.0388 val_r2=0.7461 val_mape=3.23%
    ep  39 (15.0s): train_loss=0.2990 train_rmse=0.0423 val_rmse=0.0389 val_r2=0.7440 val_mape=3.24%
    final: rmse=0.0384  mae=0.0219  r2=0.7508  mape=3.19%  (722.2s, best_ep=33)
  -- fold 4 --
    [fold-norm] fit on 70 train wafers (fold 4)...
    [fold-norm] done (125.2s)
    target oxide_etch stats: mean=0.6594 std=0.0768
    ep   0 (19.1s): train_loss=1.0449 train_rmse=0.0785 val_rmse=0.0847 val_r2=-0.1463 val_mape=10.65%
    ep   1 (15.0s): train_loss=0.9891 train_rmse=0.0764 val_rmse=0.0779 val_r2=0.0296 val_mape=9.65%
    ep   2 (15.0s): train_loss=0.9501 train_rmse=0.0748 val_rmse=0.0775 val_r2=0.0398 val_mape=9.54%
    ep   3 (15.0s): train_loss=0.9384 train_rmse=0.0744 val_rmse=0.0769 val_r2=0.0564 val_mape=9.37%
    ep   4 (15.0s): train_loss=0.9381 train_rmse=0.0744 val_rmse=0.0766 val_r2=0.0636 val_mape=9.33%
    ep   5 (15.0s): train_loss=0.9371 train_rmse=0.0743 val_rmse=0.0768 val_r2=0.0590 val_mape=9.26%
    ep   6 (15.0s): train_loss=0.9153 train_rmse=0.0735 val_rmse=0.0757 val_r2=0.0855 val_mape=9.00%
    ep   7 (15.0s): train_loss=0.9077 train_rmse=0.0732 val_rmse=0.0752 val_r2=0.0961 val_mape=8.96%
    ep   8 (15.0s): train_loss=0.8990 train_rmse=0.0728 val_rmse=0.0751 val_r2=0.0984 val_mape=8.99%
    ep   9 (15.0s): train_loss=0.8893 train_rmse=0.0724 val_rmse=0.0749 val_r2=0.1031 val_mape=9.01%
    ep  10 (15.0s): train_loss=0.8870 train_rmse=0.0723 val_rmse=0.0742 val_r2=0.1211 val_mape=8.85%
    ep  11 (15.0s): train_loss=0.8624 train_rmse=0.0713 val_rmse=0.0730 val_r2=0.1487 val_mape=8.65%
    ep  12 (15.0s): train_loss=0.8560 train_rmse=0.0710 val_rmse=0.0813 val_r2=-0.0567 val_mape=10.09%
    ep  13 (15.0s): train_loss=0.8639 train_rmse=0.0714 val_rmse=0.0746 val_r2=0.1116 val_mape=8.54%
    ep  14 (15.0s): train_loss=0.8687 train_rmse=0.0716 val_rmse=0.0780 val_r2=0.0289 val_mape=9.53%
    ep  15 (15.0s): train_loss=0.8474 train_rmse=0.0707 val_rmse=0.0745 val_r2=0.1140 val_mape=8.74%
    ep  16 (15.0s): train_loss=0.8479 train_rmse=0.0707 val_rmse=0.0742 val_r2=0.1212 val_mape=8.91%
    ep  17 (15.0s): train_loss=0.8300 train_rmse=0.0700 val_rmse=0.0831 val_r2=-0.1037 val_mape=10.07%
    ep  18 (15.0s): train_loss=0.8201 train_rmse=0.0695 val_rmse=0.0802 val_r2=-0.0280 val_mape=9.44%
    ep  19 (15.0s): train_loss=0.8725 train_rmse=0.0717 val_rmse=0.0752 val_r2=0.0971 val_mape=9.09%
    early stop @ epoch 19 (best 11, val_rmse=0.0730)
    final: rmse=0.0730  mae=0.0538  r2=0.1487  mape=8.65%  (429.8s, best_ep=11)
  AGG    rmse=0.0507±0.0133  r2=0.5426±0.2316

=== Target: si_etch ===
  -- fold 0 --
    [fold-norm] fit on 70 train wafers (fold 0)...
    [fold-norm] done (119.9s)
    target si_etch stats: mean=43.6490 std=3.6103
    ep   0 (18.4s): train_loss=0.7014 train_rmse=3.0236 val_rmse=2.1188 val_r2=0.6548 val_mape=4.05%
    ep   1 (15.0s): train_loss=0.1884 train_rmse=1.5671 val_rmse=0.9846 val_r2=0.9255 val_mape=1.70%
    ep   2 (15.0s): train_loss=0.0666 train_rmse=0.9316 val_rmse=0.6551 val_r2=0.9670 val_mape=1.17%
    ep   3 (15.0s): train_loss=0.0369 train_rmse=0.6934 val_rmse=0.6012 val_r2=0.9722 val_mape=1.05%
    ep   4 (15.0s): train_loss=0.0296 train_rmse=0.6213 val_rmse=0.5105 val_r2=0.9800 val_mape=0.92%
    ep   5 (15.0s): train_loss=0.0285 train_rmse=0.6098 val_rmse=0.4706 val_r2=0.9830 val_mape=0.86%
    ep   6 (15.0s): train_loss=0.0291 train_rmse=0.6162 val_rmse=0.3948 val_r2=0.9880 val_mape=0.69%
    ep   7 (15.0s): train_loss=0.0238 train_rmse=0.5564 val_rmse=0.4450 val_r2=0.9848 val_mape=0.81%
    ep   8 (15.0s): train_loss=0.0260 train_rmse=0.5820 val_rmse=0.2915 val_r2=0.9935 val_mape=0.53%
    ep   9 (15.0s): train_loss=0.0238 train_rmse=0.5568 val_rmse=0.3532 val_r2=0.9904 val_mape=0.62%
    ep  10 (15.0s): train_loss=0.0220 train_rmse=0.5358 val_rmse=0.4241 val_r2=0.9862 val_mape=0.76%
    ep  11 (15.0s): train_loss=0.0264 train_rmse=0.5862 val_rmse=0.5604 val_r2=0.9759 val_mape=0.89%
    ep  12 (15.0s): train_loss=0.0242 train_rmse=0.5612 val_rmse=0.3627 val_r2=0.9899 val_mape=0.66%
    ep  13 (15.0s): train_loss=0.0197 train_rmse=0.5063 val_rmse=0.2877 val_r2=0.9936 val_mape=0.51%
    ep  14 (15.0s): train_loss=0.0191 train_rmse=0.4986 val_rmse=0.3146 val_r2=0.9924 val_mape=0.57%
    ep  15 (15.0s): train_loss=0.0201 train_rmse=0.5122 val_rmse=0.3896 val_r2=0.9883 val_mape=0.70%
    ep  16 (15.0s): train_loss=0.0190 train_rmse=0.4970 val_rmse=0.3505 val_r2=0.9906 val_mape=0.59%
    ep  17 (15.0s): train_loss=0.0179 train_rmse=0.4834 val_rmse=0.4225 val_r2=0.9863 val_mape=0.73%
    ep  18 (15.0s): train_loss=0.0161 train_rmse=0.4574 val_rmse=0.2902 val_r2=0.9935 val_mape=0.54%
    ep  19 (15.0s): train_loss=0.0170 train_rmse=0.4704 val_rmse=0.3344 val_r2=0.9914 val_mape=0.58%
    ep  20 (15.0s): train_loss=0.0157 train_rmse=0.4519 val_rmse=0.3291 val_r2=0.9917 val_mape=0.59%
    ep  21 (15.0s): train_loss=0.0143 train_rmse=0.4314 val_rmse=0.3086 val_r2=0.9927 val_mape=0.57%
    early stop @ epoch 21 (best 13, val_rmse=0.2877)
    final: rmse=0.2877  mae=0.2255  r2=0.9936  mape=0.51%  (453.9s, best_ep=13)
  -- fold 1 --
    [fold-norm] fit on 71 train wafers (fold 1)...
    [fold-norm] done (118.1s)
    target si_etch stats: mean=43.6569 std=3.6078
    ep   0 (20.9s): train_loss=0.6880 train_rmse=2.9925 val_rmse=2.0035 val_r2=0.6932 val_mape=3.94%
    ep   1 (18.2s): train_loss=0.1628 train_rmse=1.4557 val_rmse=0.9848 val_r2=0.9259 val_mape=1.71%
    ep   2 (18.2s): train_loss=0.0512 train_rmse=0.8164 val_rmse=0.8042 val_r2=0.9506 val_mape=1.43%
    ep   3 (18.2s): train_loss=0.0386 train_rmse=0.7088 val_rmse=0.5357 val_r2=0.9781 val_mape=0.99%
    ep   4 (18.2s): train_loss=0.0346 train_rmse=0.6711 val_rmse=0.4594 val_r2=0.9839 val_mape=0.82%
    ep   5 (18.2s): train_loss=0.0297 train_rmse=0.6216 val_rmse=0.5505 val_r2=0.9768 val_mape=0.94%
    ep   6 (18.2s): train_loss=0.0250 train_rmse=0.5706 val_rmse=0.4046 val_r2=0.9875 val_mape=0.73%
    ep   7 (18.2s): train_loss=0.0203 train_rmse=0.5144 val_rmse=0.3568 val_r2=0.9903 val_mape=0.65%
    ep   8 (18.2s): train_loss=0.0190 train_rmse=0.4971 val_rmse=0.4281 val_r2=0.9860 val_mape=0.77%
    ep   9 (18.2s): train_loss=0.0197 train_rmse=0.5059 val_rmse=0.4721 val_r2=0.9830 val_mape=0.79%
    ep  10 (18.2s): train_loss=0.0273 train_rmse=0.5958 val_rmse=0.4138 val_r2=0.9869 val_mape=0.70%
    ep  11 (18.2s): train_loss=0.0175 train_rmse=0.4768 val_rmse=0.3527 val_r2=0.9905 val_mape=0.63%
    ep  12 (18.2s): train_loss=0.0172 train_rmse=0.4728 val_rmse=0.3574 val_r2=0.9902 val_mape=0.63%
    ep  13 (18.2s): train_loss=0.0178 train_rmse=0.4818 val_rmse=0.3680 val_r2=0.9897 val_mape=0.65%
    ep  14 (18.2s): train_loss=0.0160 train_rmse=0.4570 val_rmse=0.3229 val_r2=0.9920 val_mape=0.59%
    ep  15 (18.2s): train_loss=0.0160 train_rmse=0.4558 val_rmse=0.3473 val_r2=0.9908 val_mape=0.61%
    ep  16 (18.2s): train_loss=0.0182 train_rmse=0.4867 val_rmse=0.3963 val_r2=0.9880 val_mape=0.70%
    ep  17 (18.2s): train_loss=0.0144 train_rmse=0.4329 val_rmse=0.3583 val_r2=0.9902 val_mape=0.61%
    ep  18 (18.2s): train_loss=0.0153 train_rmse=0.4467 val_rmse=0.3956 val_r2=0.9880 val_mape=0.69%
    ep  19 (18.2s): train_loss=0.0137 train_rmse=0.4219 val_rmse=0.3257 val_r2=0.9919 val_mape=0.58%
    ep  20 (18.2s): train_loss=0.0144 train_rmse=0.4328 val_rmse=0.3416 val_r2=0.9911 val_mape=0.61%
    ep  21 (18.2s): train_loss=0.0152 train_rmse=0.4444 val_rmse=0.3303 val_r2=0.9917 val_mape=0.57%
    ep  22 (18.2s): train_loss=0.0136 train_rmse=0.4213 val_rmse=0.3566 val_r2=0.9903 val_mape=0.62%
    early stop @ epoch 22 (best 14, val_rmse=0.3229)
    final: rmse=0.3229  mae=0.2574  r2=0.9920  mape=0.59%  (540.0s, best_ep=14)
  -- fold 2 --
    [fold-norm] fit on 71 train wafers (fold 2)...
    [fold-norm] done (121.8s)
    target si_etch stats: mean=43.6898 std=3.6121
    ep   0 (22.4s): train_loss=0.6558 train_rmse=2.9250 val_rmse=2.1310 val_r2=0.6493 val_mape=3.95%
    ep   1 (18.2s): train_loss=0.2009 train_rmse=1.6191 val_rmse=0.9868 val_r2=0.9248 val_mape=1.92%
    ep   2 (18.2s): train_loss=0.0493 train_rmse=0.8019 val_rmse=0.5447 val_r2=0.9771 val_mape=1.00%
    ep   3 (18.2s): train_loss=0.0336 train_rmse=0.6622 val_rmse=0.6107 val_r2=0.9712 val_mape=1.02%
    ep   4 (18.2s): train_loss=0.0252 train_rmse=0.5739 val_rmse=0.5476 val_r2=0.9768 val_mape=0.93%
    ep   5 (18.2s): train_loss=0.0287 train_rmse=0.6121 val_rmse=0.5701 val_r2=0.9749 val_mape=1.01%
    ep   6 (18.2s): train_loss=0.0261 train_rmse=0.5832 val_rmse=0.5250 val_r2=0.9787 val_mape=0.91%
    ep   7 (18.2s): train_loss=0.0222 train_rmse=0.5376 val_rmse=0.4844 val_r2=0.9819 val_mape=0.89%
    ep   8 (18.2s): train_loss=0.0286 train_rmse=0.6105 val_rmse=0.4674 val_r2=0.9831 val_mape=0.82%
    ep   9 (18.2s): train_loss=0.0218 train_rmse=0.5337 val_rmse=0.4363 val_r2=0.9853 val_mape=0.76%
    ep  10 (18.2s): train_loss=0.0198 train_rmse=0.5087 val_rmse=0.4548 val_r2=0.9840 val_mape=0.86%
    ep  11 (18.2s): train_loss=0.0193 train_rmse=0.5015 val_rmse=0.3865 val_r2=0.9885 val_mape=0.69%
    ep  12 (18.2s): train_loss=0.0231 train_rmse=0.5491 val_rmse=0.5534 val_r2=0.9763 val_mape=0.94%
    ep  13 (18.2s): train_loss=0.0226 train_rmse=0.5430 val_rmse=0.4061 val_r2=0.9873 val_mape=0.71%
    ep  14 (18.2s): train_loss=0.0215 train_rmse=0.5301 val_rmse=0.5046 val_r2=0.9803 val_mape=0.85%
    ep  15 (18.2s): train_loss=0.0178 train_rmse=0.4818 val_rmse=0.4455 val_r2=0.9847 val_mape=0.82%
    ep  16 (18.2s): train_loss=0.0174 train_rmse=0.4758 val_rmse=0.4211 val_r2=0.9863 val_mape=0.75%
    ep  17 (18.2s): train_loss=0.0143 train_rmse=0.4325 val_rmse=0.4607 val_r2=0.9836 val_mape=0.84%
    ep  18 (18.2s): train_loss=0.0147 train_rmse=0.4374 val_rmse=0.3685 val_r2=0.9895 val_mape=0.66%
    ep  19 (18.2s): train_loss=0.0156 train_rmse=0.4515 val_rmse=0.4206 val_r2=0.9863 val_mape=0.79%
    ep  20 (18.2s): train_loss=0.0139 train_rmse=0.4258 val_rmse=0.3672 val_r2=0.9896 val_mape=0.66%
    ep  21 (18.2s): train_loss=0.0176 train_rmse=0.4791 val_rmse=0.5345 val_r2=0.9779 val_mape=0.91%
    ep  22 (18.2s): train_loss=0.0159 train_rmse=0.4548 val_rmse=0.3909 val_r2=0.9882 val_mape=0.69%
    ep  23 (18.2s): train_loss=0.0143 train_rmse=0.4314 val_rmse=0.3563 val_r2=0.9902 val_mape=0.66%
    ep  24 (18.2s): train_loss=0.0130 train_rmse=0.4117 val_rmse=0.3506 val_r2=0.9905 val_mape=0.65%
    ep  25 (18.2s): train_loss=0.0131 train_rmse=0.4133 val_rmse=0.3911 val_r2=0.9882 val_mape=0.73%
    ep  26 (18.2s): train_loss=0.0129 train_rmse=0.4101 val_rmse=0.3919 val_r2=0.9881 val_mape=0.73%
    ep  27 (18.2s): train_loss=0.0128 train_rmse=0.4082 val_rmse=0.3800 val_r2=0.9888 val_mape=0.71%
    ep  28 (18.2s): train_loss=0.0118 train_rmse=0.3929 val_rmse=0.3894 val_r2=0.9883 val_mape=0.71%
    ep  29 (18.2s): train_loss=0.0120 train_rmse=0.3953 val_rmse=0.3725 val_r2=0.9893 val_mape=0.68%
    ep  30 (18.2s): train_loss=0.0122 train_rmse=0.3984 val_rmse=0.3778 val_r2=0.9890 val_mape=0.70%
    ep  31 (18.2s): train_loss=0.0122 train_rmse=0.3991 val_rmse=0.3890 val_r2=0.9883 val_mape=0.72%
    ep  32 (18.2s): train_loss=0.0114 train_rmse=0.3861 val_rmse=0.3736 val_r2=0.9892 val_mape=0.69%
    early stop @ epoch 32 (best 24, val_rmse=0.3506)
    final: rmse=0.3506  mae=0.2820  r2=0.9905  mape=0.65%  (727.1s, best_ep=24)
  -- fold 3 --
    [fold-norm] fit on 70 train wafers (fold 3)...
    [fold-norm] done (128.3s)
    target si_etch stats: mean=43.6450 std=3.6029
    ep   0 (19.1s): train_loss=0.7226 train_rmse=3.0627 val_rmse=2.4279 val_r2=0.5538 val_mape=4.40%
    ep   1 (15.0s): train_loss=0.2247 train_rmse=1.7079 val_rmse=1.1344 val_r2=0.9026 val_mape=1.84%
    ep   2 (15.0s): train_loss=0.0720 train_rmse=0.9670 val_rmse=0.8417 val_r2=0.9464 val_mape=1.39%
    ep   3 (15.0s): train_loss=0.0349 train_rmse=0.6733 val_rmse=0.6889 val_r2=0.9641 val_mape=1.01%
    ep   4 (15.0s): train_loss=0.0258 train_rmse=0.5787 val_rmse=0.5803 val_r2=0.9745 val_mape=0.77%
    ep   5 (15.0s): train_loss=0.0253 train_rmse=0.5727 val_rmse=0.6798 val_r2=0.9650 val_mape=0.93%
    ep   6 (15.0s): train_loss=0.0258 train_rmse=0.5785 val_rmse=0.5500 val_r2=0.9771 val_mape=0.70%
    ep   7 (15.1s): train_loss=0.0253 train_rmse=0.5726 val_rmse=0.5756 val_r2=0.9749 val_mape=0.78%
    ep   8 (15.0s): train_loss=0.0176 train_rmse=0.4781 val_rmse=0.5080 val_r2=0.9805 val_mape=0.58%
    ep   9 (15.1s): train_loss=0.0177 train_rmse=0.4796 val_rmse=0.6385 val_r2=0.9691 val_mape=0.88%
    ep  10 (15.1s): train_loss=0.0255 train_rmse=0.5754 val_rmse=0.5715 val_r2=0.9753 val_mape=0.76%
    ep  11 (15.0s): train_loss=0.0181 train_rmse=0.4854 val_rmse=0.5289 val_r2=0.9788 val_mape=0.62%
    ep  12 (15.0s): train_loss=0.0169 train_rmse=0.4679 val_rmse=0.6180 val_r2=0.9711 val_mape=0.90%
    ep  13 (15.0s): train_loss=0.0161 train_rmse=0.4576 val_rmse=0.5169 val_r2=0.9798 val_mape=0.60%
    ep  14 (15.1s): train_loss=0.0243 train_rmse=0.5618 val_rmse=0.7209 val_r2=0.9607 val_mape=1.05%
    ep  15 (15.1s): train_loss=0.0217 train_rmse=0.5308 val_rmse=0.5086 val_r2=0.9804 val_mape=0.58%
    ep  16 (15.0s): train_loss=0.0147 train_rmse=0.4369 val_rmse=0.4889 val_r2=0.9819 val_mape=0.54%
    ep  17 (15.0s): train_loss=0.0130 train_rmse=0.4113 val_rmse=0.4893 val_r2=0.9819 val_mape=0.52%
    ep  18 (15.1s): train_loss=0.0160 train_rmse=0.4557 val_rmse=0.5524 val_r2=0.9769 val_mape=0.70%
    ep  19 (15.1s): train_loss=0.0140 train_rmse=0.4260 val_rmse=0.4833 val_r2=0.9823 val_mape=0.51%
    ep  20 (15.0s): train_loss=0.0154 train_rmse=0.4475 val_rmse=0.5679 val_r2=0.9756 val_mape=0.71%
    ep  21 (15.0s): train_loss=0.0128 train_rmse=0.4084 val_rmse=0.4766 val_r2=0.9828 val_mape=0.51%
    ep  22 (15.0s): train_loss=0.0109 train_rmse=0.3760 val_rmse=0.4864 val_r2=0.9821 val_mape=0.54%
    ep  23 (15.0s): train_loss=0.0118 train_rmse=0.3917 val_rmse=0.5762 val_r2=0.9749 val_mape=0.80%
    ep  24 (15.0s): train_loss=0.0125 train_rmse=0.4032 val_rmse=0.4966 val_r2=0.9813 val_mape=0.57%
    ep  25 (15.0s): train_loss=0.0113 train_rmse=0.3835 val_rmse=0.4896 val_r2=0.9819 val_mape=0.54%
    ep  26 (15.0s): train_loss=0.0107 train_rmse=0.3723 val_rmse=0.4914 val_r2=0.9817 val_mape=0.57%
    ep  27 (15.0s): train_loss=0.0108 train_rmse=0.3740 val_rmse=0.5333 val_r2=0.9785 val_mape=0.67%
    ep  28 (15.0s): train_loss=0.0118 train_rmse=0.3914 val_rmse=0.5017 val_r2=0.9810 val_mape=0.59%
    ep  29 (15.0s): train_loss=0.0092 train_rmse=0.3452 val_rmse=0.4851 val_r2=0.9822 val_mape=0.54%
    early stop @ epoch 29 (best 21, val_rmse=0.4766)
    final: rmse=0.4766  mae=0.2169  r2=0.9828  mape=0.51%  (584.6s, best_ep=21)
  -- fold 4 --
    [fold-norm] fit on 70 train wafers (fold 4)...
    [fold-norm] done (116.5s)
    target si_etch stats: mean=43.6998 std=3.6151
    ep   0 (18.0s): train_loss=0.7380 train_rmse=3.1057 val_rmse=2.1440 val_r2=0.6425 val_mape=4.17%
    ep   1 (15.0s): train_loss=0.1877 train_rmse=1.5664 val_rmse=0.9799 val_r2=0.9253 val_mape=1.74%
    ep   2 (15.0s): train_loss=0.0638 train_rmse=0.9129 val_rmse=0.7664 val_r2=0.9543 val_mape=1.36%
    ep   3 (15.0s): train_loss=0.0319 train_rmse=0.6455 val_rmse=0.7661 val_r2=0.9544 val_mape=1.29%
    ep   4 (15.0s): train_loss=0.0286 train_rmse=0.6113 val_rmse=0.6953 val_r2=0.9624 val_mape=1.28%
    ep   5 (15.0s): train_loss=0.0288 train_rmse=0.6133 val_rmse=1.0976 val_r2=0.9063 val_mape=1.84%
    ep   6 (15.0s): train_loss=0.0348 train_rmse=0.6743 val_rmse=0.6383 val_r2=0.9683 val_mape=1.09%
    ep   7 (15.0s): train_loss=0.0287 train_rmse=0.6128 val_rmse=0.6445 val_r2=0.9677 val_mape=1.12%
    ep   8 (15.0s): train_loss=0.0256 train_rmse=0.5787 val_rmse=0.5681 val_r2=0.9749 val_mape=0.96%
    ep   9 (15.0s): train_loss=0.0231 train_rmse=0.5491 val_rmse=0.6463 val_r2=0.9675 val_mape=1.20%
    ep  10 (15.0s): train_loss=0.0254 train_rmse=0.5767 val_rmse=0.6993 val_r2=0.9620 val_mape=1.30%
    ep  11 (15.0s): train_loss=0.0214 train_rmse=0.5292 val_rmse=0.6112 val_r2=0.9709 val_mape=1.10%
    ep  12 (15.0s): train_loss=0.0221 train_rmse=0.5378 val_rmse=0.6387 val_r2=0.9683 val_mape=1.14%
    ep  13 (15.0s): train_loss=0.0207 train_rmse=0.5203 val_rmse=0.5597 val_r2=0.9756 val_mape=0.89%
    ep  14 (15.0s): train_loss=0.0226 train_rmse=0.5433 val_rmse=0.6659 val_r2=0.9655 val_mape=1.11%
    ep  15 (15.0s): train_loss=0.0246 train_rmse=0.5671 val_rmse=0.6485 val_r2=0.9673 val_mape=1.16%
    ep  16 (15.0s): train_loss=0.0188 train_rmse=0.4962 val_rmse=0.5801 val_r2=0.9738 val_mape=0.99%
    ep  17 (15.0s): train_loss=0.0205 train_rmse=0.5178 val_rmse=0.5482 val_r2=0.9766 val_mape=0.90%
    ep  18 (15.0s): train_loss=0.0190 train_rmse=0.4988 val_rmse=0.5616 val_r2=0.9755 val_mape=0.93%
    ep  19 (15.0s): train_loss=0.0194 train_rmse=0.5041 val_rmse=0.7453 val_r2=0.9568 val_mape=1.22%
    ep  20 (15.0s): train_loss=0.0175 train_rmse=0.4786 val_rmse=0.7391 val_r2=0.9575 val_mape=1.27%
    ep  21 (15.0s): train_loss=0.0184 train_rmse=0.4900 val_rmse=0.5560 val_r2=0.9760 val_mape=0.94%
    ep  22 (15.0s): train_loss=0.0200 train_rmse=0.5110 val_rmse=0.5739 val_r2=0.9744 val_mape=0.96%
    ep  23 (15.0s): train_loss=0.0165 train_rmse=0.4646 val_rmse=0.6580 val_r2=0.9663 val_mape=1.16%
    ep  24 (15.0s): train_loss=0.0182 train_rmse=0.4873 val_rmse=0.5460 val_r2=0.9768 val_mape=0.92%
    ep  25 (15.0s): train_loss=0.0217 train_rmse=0.5326 val_rmse=0.5587 val_r2=0.9757 val_mape=0.92%
    ep  26 (15.0s): train_loss=0.0170 train_rmse=0.4719 val_rmse=0.5695 val_r2=0.9748 val_mape=0.95%
    ep  27 (15.0s): train_loss=0.0154 train_rmse=0.4485 val_rmse=0.5766 val_r2=0.9741 val_mape=0.97%
    ep  28 (15.0s): train_loss=0.0153 train_rmse=0.4468 val_rmse=0.5571 val_r2=0.9759 val_mape=0.93%
    ep  29 (15.0s): train_loss=0.0169 train_rmse=0.4695 val_rmse=0.5431 val_r2=0.9771 val_mape=0.89%
    ep  30 (15.0s): train_loss=0.0148 train_rmse=0.4391 val_rmse=0.5491 val_r2=0.9766 val_mape=0.91%
    ep  31 (15.0s): train_loss=0.0166 train_rmse=0.4655 val_rmse=0.5917 val_r2=0.9728 val_mape=1.01%
    ep  32 (15.0s): train_loss=0.0139 train_rmse=0.4266 val_rmse=0.6337 val_r2=0.9688 val_mape=1.09%
    ep  33 (15.0s): train_loss=0.0140 train_rmse=0.4275 val_rmse=0.6006 val_r2=0.9719 val_mape=1.01%
    ep  34 (15.0s): train_loss=0.0128 train_rmse=0.4097 val_rmse=0.6013 val_r2=0.9719 val_mape=1.02%
    ep  35 (15.0s): train_loss=0.0135 train_rmse=0.4198 val_rmse=0.5958 val_r2=0.9724 val_mape=1.01%
    ep  36 (15.0s): train_loss=0.0129 train_rmse=0.4098 val_rmse=0.6118 val_r2=0.9709 val_mape=1.04%
    ep  37 (15.0s): train_loss=0.0131 train_rmse=0.4145 val_rmse=0.5929 val_r2=0.9727 val_mape=1.01%
    early stop @ epoch 37 (best 29, val_rmse=0.5431)
    final: rmse=0.5431  mae=0.3888  r2=0.9771  mape=0.89%  (689.6s, best_ep=29)
  AGG    rmse=0.3962±0.0972  r2=0.9872±0.0063