Experiment dir: outputs\experiments\2026-05-26_18-38_dl-multimodal-oes-drift-topk-5fold
Config: configs\exp_dl_multimodal_oes_drift_topk_5fold.yaml
Device: cuda  (CUDA=True)
Cache: cache\v1  |  split: splits/kfold5_wafer.npz (StratifiedGroupKFold(n_splits=5, stratify=lot, group=wafer), running folds [0, 1, 2, 3, 4] of 5)
Targets: ['oxide_etch']  |  modality: multimodal

[setup] loading 88 wafers (one-time, shared across folds)...
[setup] done in 145.5s  (discover=0.6 load=144.9)
[setup] proc channels kept: 31
[setup] XGB injection features: 0 (disabled)
[setup] normalisation deferred to per-fold (no val leakage)

=== Target: oxide_etch ===
  -- fold 0 --
    [seed] reset RNG for target/fold: 42
    [fold-norm] fit on 70 train wafers (fold 0)...
    [fold-norm] done (90.4s)
    target oxide_etch stats: mean=0.6587 std=0.0773
    [oes-band] correlation selection: stat=drift, top_k=256, train_wafers=70
    [oes-band] selected 256/3648 wavelengths (max|corr|=0.367, min selected |corr|=0.209, 61.2s)
    ep   0 (37.9s): train_loss=1.0022 train_rmse=0.0773 val_rmse=0.0701 val_r2=0.1820 val_mape=8.82%
    ep   1 (3.1s): train_loss=0.7853 train_rmse=0.0685 val_rmse=0.0789 val_r2=-0.0369 val_mape=9.86%
    ep   2 (2.9s): train_loss=0.8162 train_rmse=0.0698 val_rmse=0.0633 val_r2=0.3319 val_mape=7.73%
    ep   3 (2.9s): train_loss=0.7222 train_rmse=0.0657 val_rmse=0.0602 val_r2=0.3952 val_mape=6.87%
    ep   4 (2.9s): train_loss=0.5802 train_rmse=0.0589 val_rmse=0.0561 val_r2=0.4762 val_mape=6.59%
    ep   5 (2.9s): train_loss=0.5901 train_rmse=0.0594 val_rmse=0.0543 val_r2=0.5077 val_mape=6.44%
    ep   6 (2.9s): train_loss=0.5737 train_rmse=0.0585 val_rmse=0.0502 val_r2=0.5793 val_mape=5.40%
    ep   7 (2.9s): train_loss=0.4960 train_rmse=0.0544 val_rmse=0.0501 val_r2=0.5821 val_mape=5.63%
    ep   8 (2.9s): train_loss=0.4348 train_rmse=0.0509 val_rmse=0.0475 val_r2=0.6239 val_mape=5.19%
    ep   9 (2.9s): train_loss=0.4201 train_rmse=0.0501 val_rmse=0.0483 val_r2=0.6106 val_mape=4.99%
    ep  10 (2.9s): train_loss=0.4161 train_rmse=0.0498 val_rmse=0.0503 val_r2=0.5782 val_mape=4.86%
    ep  11 (2.9s): train_loss=0.5008 train_rmse=0.0547 val_rmse=0.0545 val_r2=0.5049 val_mape=6.39%
    ep  12 (2.9s): train_loss=0.4639 train_rmse=0.0526 val_rmse=0.0492 val_r2=0.5961 val_mape=4.98%
    ep  13 (2.9s): train_loss=0.4222 train_rmse=0.0502 val_rmse=0.0438 val_r2=0.6807 val_mape=4.38%
    ep  14 (3.0s): train_loss=0.5094 train_rmse=0.0551 val_rmse=0.0446 val_r2=0.6690 val_mape=4.67%
    ep  15 (3.0s): train_loss=0.3777 train_rmse=0.0475 val_rmse=0.0424 val_r2=0.7004 val_mape=4.22%
    ep  16 (3.0s): train_loss=0.3452 train_rmse=0.0454 val_rmse=0.0422 val_r2=0.7028 val_mape=4.09%
    ep  17 (3.0s): train_loss=0.3321 train_rmse=0.0445 val_rmse=0.0427 val_r2=0.6954 val_mape=4.11%
    ep  18 (3.0s): train_loss=0.3297 train_rmse=0.0444 val_rmse=0.0439 val_r2=0.6781 val_mape=4.31%
    ep  19 (3.0s): train_loss=0.3311 train_rmse=0.0445 val_rmse=0.0441 val_r2=0.6756 val_mape=4.22%
    ep  20 (3.0s): train_loss=0.3600 train_rmse=0.0464 val_rmse=0.0409 val_r2=0.7218 val_mape=3.99%
    ep  21 (3.0s): train_loss=0.3137 train_rmse=0.0433 val_rmse=0.0410 val_r2=0.7196 val_mape=3.77%
    ep  22 (3.0s): train_loss=0.3210 train_rmse=0.0438 val_rmse=0.0416 val_r2=0.7110 val_mape=3.85%
    ep  23 (3.0s): train_loss=0.3086 train_rmse=0.0429 val_rmse=0.0419 val_r2=0.7070 val_mape=4.01%
    ep  24 (2.9s): train_loss=0.3343 train_rmse=0.0447 val_rmse=0.0409 val_r2=0.7214 val_mape=4.05%
    ep  25 (2.9s): train_loss=0.3289 train_rmse=0.0443 val_rmse=0.0406 val_r2=0.7259 val_mape=3.84%
    ep  26 (2.9s): train_loss=0.3536 train_rmse=0.0459 val_rmse=0.0426 val_r2=0.6973 val_mape=3.99%
    ep  27 (2.9s): train_loss=0.3179 train_rmse=0.0436 val_rmse=0.0406 val_r2=0.7249 val_mape=3.91%
    ep  28 (2.9s): train_loss=0.3006 train_rmse=0.0424 val_rmse=0.0399 val_r2=0.7345 val_mape=3.71%
    ep  29 (2.9s): train_loss=0.2956 train_rmse=0.0420 val_rmse=0.0395 val_r2=0.7401 val_mape=3.70%
    ep  30 (2.9s): train_loss=0.3030 train_rmse=0.0425 val_rmse=0.0395 val_r2=0.7397 val_mape=3.71%
    ep  31 (2.9s): train_loss=0.2947 train_rmse=0.0419 val_rmse=0.0398 val_r2=0.7363 val_mape=3.75%
    ep  32 (2.9s): train_loss=0.2857 train_rmse=0.0413 val_rmse=0.0398 val_r2=0.7357 val_mape=3.75%
    ep  33 (2.9s): train_loss=0.2910 train_rmse=0.0417 val_rmse=0.0397 val_r2=0.7372 val_mape=3.75%
    ep  34 (2.9s): train_loss=0.2900 train_rmse=0.0416 val_rmse=0.0399 val_r2=0.7353 val_mape=3.77%
    ep  35 (2.9s): train_loss=0.3077 train_rmse=0.0429 val_rmse=0.0397 val_r2=0.7368 val_mape=3.77%
    ep  36 (2.9s): train_loss=0.2928 train_rmse=0.0418 val_rmse=0.0397 val_r2=0.7370 val_mape=3.74%
    ep  37 (2.9s): train_loss=0.2960 train_rmse=0.0420 val_rmse=0.0397 val_r2=0.7374 val_mape=3.74%
    early stop @ epoch 37 (best 29, val_rmse=0.0395)
    final: rmse=0.0395  mae=0.0241  r2=0.7401  mape=3.70%  (301.4s, best_ep=29)
  -- fold 1 --
    [seed] reset RNG for target/fold: 43
    [fold-norm] fit on 71 train wafers (fold 1)...
    [fold-norm] done (119.7s)
    target oxide_etch stats: mean=0.6585 std=0.0776
    [oes-band] correlation selection: stat=drift, top_k=256, train_wafers=71
    [oes-band] selected 256/3648 wavelengths (max|corr|=0.400, min selected |corr|=0.219, 63.3s)
    ep   0 (22.6s): train_loss=0.9996 train_rmse=0.0776 val_rmse=0.0813 val_r2=-0.1493 val_mape=10.25%
    ep   1 (3.3s): train_loss=0.8164 train_rmse=0.0702 val_rmse=0.0652 val_r2=0.2614 val_mape=8.18%
    ep   2 (2.9s): train_loss=0.7361 train_rmse=0.0666 val_rmse=0.0641 val_r2=0.2865 val_mape=7.98%
    ep   3 (2.9s): train_loss=0.6578 train_rmse=0.0630 val_rmse=0.0532 val_r2=0.5079 val_mape=5.93%
    ep   4 (2.9s): train_loss=0.5715 train_rmse=0.0587 val_rmse=0.0512 val_r2=0.5446 val_mape=5.40%
    ep   5 (2.9s): train_loss=0.5777 train_rmse=0.0590 val_rmse=0.0506 val_r2=0.5545 val_mape=5.29%
    ep   6 (2.9s): train_loss=0.5678 train_rmse=0.0585 val_rmse=0.0511 val_r2=0.5459 val_mape=5.43%
    ep   7 (2.9s): train_loss=0.4948 train_rmse=0.0546 val_rmse=0.0493 val_r2=0.5778 val_mape=4.87%
    ep   8 (2.9s): train_loss=0.4598 train_rmse=0.0527 val_rmse=0.0487 val_r2=0.5883 val_mape=4.77%
    ep   9 (2.9s): train_loss=0.4495 train_rmse=0.0521 val_rmse=0.0480 val_r2=0.5990 val_mape=4.73%
    ep  10 (2.9s): train_loss=0.4983 train_rmse=0.0548 val_rmse=0.0478 val_r2=0.6022 val_mape=4.47%
    ep  11 (2.9s): train_loss=0.4472 train_rmse=0.0519 val_rmse=0.0509 val_r2=0.5501 val_mape=5.29%
    ep  12 (2.9s): train_loss=0.4474 train_rmse=0.0519 val_rmse=0.0462 val_r2=0.6297 val_mape=4.34%
    ep  13 (2.9s): train_loss=0.4957 train_rmse=0.0547 val_rmse=0.0482 val_r2=0.5971 val_mape=4.49%
    ep  14 (2.9s): train_loss=0.3775 train_rmse=0.0477 val_rmse=0.0471 val_r2=0.6146 val_mape=4.48%
    ep  15 (2.9s): train_loss=0.3869 train_rmse=0.0483 val_rmse=0.0470 val_r2=0.6168 val_mape=4.37%
    ep  16 (2.9s): train_loss=0.4266 train_rmse=0.0507 val_rmse=0.0462 val_r2=0.6287 val_mape=4.23%
    ep  17 (2.9s): train_loss=0.3550 train_rmse=0.0463 val_rmse=0.0465 val_r2=0.6247 val_mape=4.23%
    ep  18 (3.0s): train_loss=0.3655 train_rmse=0.0469 val_rmse=0.0475 val_r2=0.6074 val_mape=4.41%
    ep  19 (3.1s): train_loss=0.3425 train_rmse=0.0454 val_rmse=0.0462 val_r2=0.6287 val_mape=4.14%
    ep  20 (3.0s): train_loss=0.4048 train_rmse=0.0494 val_rmse=0.0473 val_r2=0.6116 val_mape=4.14%
    early stop @ epoch 20 (best 12, val_rmse=0.0462)
    final: rmse=0.0462  mae=0.0285  r2=0.6297  mape=4.34%  (264.9s, best_ep=12)
  -- fold 2 --
    [seed] reset RNG for target/fold: 44
    [fold-norm] fit on 71 train wafers (fold 2)...
    [fold-norm] done (131.7s)
    target oxide_etch stats: mean=0.6577 std=0.0775
    [oes-band] correlation selection: stat=drift, top_k=256, train_wafers=71
    [oes-band] selected 256/3648 wavelengths (max|corr|=0.435, min selected |corr|=0.232, 60.5s)
    ep   0 (32.3s): train_loss=1.0422 train_rmse=0.0791 val_rmse=0.0766 val_r2=-0.0013 val_mape=9.28%
    ep   1 (3.1s): train_loss=0.8272 train_rmse=0.0705 val_rmse=0.0686 val_r2=0.1967 val_mape=8.20%
    ep   2 (2.9s): train_loss=0.7379 train_rmse=0.0666 val_rmse=0.0798 val_r2=-0.0858 val_mape=8.51%
    ep   3 (2.9s): train_loss=0.5957 train_rmse=0.0598 val_rmse=0.0803 val_r2=-0.0995 val_mape=7.91%
    ep   4 (2.9s): train_loss=0.6073 train_rmse=0.0604 val_rmse=0.0615 val_r2=0.3539 val_mape=6.64%
    ep   5 (2.9s): train_loss=0.4805 train_rmse=0.0537 val_rmse=0.0628 val_r2=0.3269 val_mape=6.52%
    ep   6 (2.9s): train_loss=0.4317 train_rmse=0.0509 val_rmse=0.0734 val_r2=0.0805 val_mape=6.81%
    ep   7 (2.9s): train_loss=0.4353 train_rmse=0.0511 val_rmse=0.0694 val_r2=0.1786 val_mape=6.67%
    ep   8 (2.9s): train_loss=0.4121 train_rmse=0.0497 val_rmse=0.0729 val_r2=0.0935 val_mape=6.48%
    ep   9 (2.9s): train_loss=0.4072 train_rmse=0.0494 val_rmse=0.0749 val_r2=0.0422 val_mape=6.55%
    ep  10 (2.9s): train_loss=0.4071 train_rmse=0.0494 val_rmse=0.0778 val_r2=-0.0325 val_mape=6.87%
    ep  11 (2.9s): train_loss=0.4036 train_rmse=0.0492 val_rmse=0.0623 val_r2=0.3365 val_mape=5.44%
    ep  12 (2.9s): train_loss=0.3868 train_rmse=0.0482 val_rmse=0.0615 val_r2=0.3536 val_mape=5.62%
    early stop @ epoch 12 (best 4, val_rmse=0.0615)
    final: rmse=0.0615  mae=0.0435  r2=0.3539  mape=6.64%  (259.8s, best_ep=4)
  -- fold 3 --
    [seed] reset RNG for target/fold: 45
    [fold-norm] fit on 70 train wafers (fold 3)...
    [fold-norm] done (118.3s)
    target oxide_etch stats: mean=0.6565 std=0.0773
    [oes-band] correlation selection: stat=drift, top_k=256, train_wafers=70
    [oes-band] selected 256/3648 wavelengths (max|corr|=0.456, min selected |corr|=0.239, 60.6s)
    ep   0 (14.0s): train_loss=1.0128 train_rmse=0.0778 val_rmse=0.0738 val_r2=0.0786 val_mape=8.81%
    ep   1 (3.1s): train_loss=0.8136 train_rmse=0.0697 val_rmse=0.0757 val_r2=0.0309 val_mape=9.33%
    ep   2 (2.9s): train_loss=0.7095 train_rmse=0.0651 val_rmse=0.0577 val_r2=0.4366 val_mape=6.48%
    ep   3 (2.9s): train_loss=0.6043 train_rmse=0.0601 val_rmse=0.0551 val_r2=0.4878 val_mape=5.60%
    ep   4 (2.9s): train_loss=0.5761 train_rmse=0.0587 val_rmse=0.0556 val_r2=0.4771 val_mape=5.80%
    ep   5 (2.8s): train_loss=0.7164 train_rmse=0.0654 val_rmse=0.0567 val_r2=0.4565 val_mape=6.03%
    ep   6 (2.8s): train_loss=0.6784 train_rmse=0.0637 val_rmse=0.0529 val_r2=0.5270 val_mape=5.10%
    ep   7 (2.8s): train_loss=0.5237 train_rmse=0.0560 val_rmse=0.0515 val_r2=0.5521 val_mape=5.27%
    ep   8 (2.9s): train_loss=0.5199 train_rmse=0.0558 val_rmse=0.0512 val_r2=0.5574 val_mape=4.93%
    ep   9 (2.9s): train_loss=0.4177 train_rmse=0.0500 val_rmse=0.0459 val_r2=0.6434 val_mape=4.32%
    ep  10 (2.8s): train_loss=0.4404 train_rmse=0.0513 val_rmse=0.0477 val_r2=0.6149 val_mape=4.65%
    ep  11 (2.8s): train_loss=0.4476 train_rmse=0.0517 val_rmse=0.0443 val_r2=0.6680 val_mape=3.77%
    ep  12 (2.8s): train_loss=0.4414 train_rmse=0.0514 val_rmse=0.0451 val_r2=0.6570 val_mape=3.99%
    ep  13 (2.9s): train_loss=0.3967 train_rmse=0.0487 val_rmse=0.0448 val_r2=0.6610 val_mape=3.77%
    ep  14 (2.8s): train_loss=0.4014 train_rmse=0.0490 val_rmse=0.0424 val_r2=0.6961 val_mape=3.47%
    ep  15 (2.8s): train_loss=0.3802 train_rmse=0.0477 val_rmse=0.0420 val_r2=0.7022 val_mape=3.76%
    ep  16 (2.9s): train_loss=0.4156 train_rmse=0.0498 val_rmse=0.0433 val_r2=0.6826 val_mape=3.61%
    ep  17 (2.8s): train_loss=0.3615 train_rmse=0.0465 val_rmse=0.0432 val_r2=0.6847 val_mape=3.46%
    ep  18 (2.8s): train_loss=0.5010 train_rmse=0.0547 val_rmse=0.0481 val_r2=0.6085 val_mape=4.24%
    ep  19 (2.8s): train_loss=0.3726 train_rmse=0.0472 val_rmse=0.0468 val_r2=0.6296 val_mape=4.08%
    ep  20 (2.8s): train_loss=0.3621 train_rmse=0.0465 val_rmse=0.0457 val_r2=0.6477 val_mape=4.00%
    ep  21 (2.8s): train_loss=0.3498 train_rmse=0.0457 val_rmse=0.0454 val_r2=0.6522 val_mape=3.81%
    ep  22 (2.8s): train_loss=0.3524 train_rmse=0.0459 val_rmse=0.0421 val_r2=0.7007 val_mape=3.60%
    ep  23 (2.8s): train_loss=0.3512 train_rmse=0.0458 val_rmse=0.0437 val_r2=0.6776 val_mape=3.70%
    early stop @ epoch 23 (best 15, val_rmse=0.0420)
    final: rmse=0.0420  mae=0.0251  r2=0.7022  mape=3.76%  (259.3s, best_ep=15)
  -- fold 4 --
    [seed] reset RNG for target/fold: 46
    [fold-norm] fit on 70 train wafers (fold 4)...
    [fold-norm] done (117.8s)
    target oxide_etch stats: mean=0.6594 std=0.0768
    [oes-band] correlation selection: stat=drift, top_k=256, train_wafers=70
    [oes-band] selected 256/3648 wavelengths (max|corr|=0.457, min selected |corr|=0.201, 61.4s)
    ep   0 (29.1s): train_loss=1.0160 train_rmse=0.0774 val_rmse=0.0804 val_r2=-0.0315 val_mape=10.19%
    ep   1 (3.0s): train_loss=0.9782 train_rmse=0.0759 val_rmse=0.0787 val_r2=0.0096 val_mape=9.81%
    ep   2 (2.9s): train_loss=0.9707 train_rmse=0.0756 val_rmse=0.0773 val_r2=0.0459 val_mape=9.49%
    ep   3 (3.1s): train_loss=0.9468 train_rmse=0.0747 val_rmse=0.0768 val_r2=0.0574 val_mape=9.30%
    ep   4 (2.9s): train_loss=0.9401 train_rmse=0.0744 val_rmse=0.0771 val_r2=0.0502 val_mape=9.49%
    ep   5 (2.9s): train_loss=0.9372 train_rmse=0.0743 val_rmse=0.0772 val_r2=0.0491 val_mape=9.37%
    ep   6 (2.9s): train_loss=0.9210 train_rmse=0.0737 val_rmse=0.0758 val_r2=0.0824 val_mape=9.02%
    ep   7 (2.9s): train_loss=0.9075 train_rmse=0.0731 val_rmse=0.0764 val_r2=0.0687 val_mape=9.17%
    ep   8 (2.9s): train_loss=0.9053 train_rmse=0.0731 val_rmse=0.0754 val_r2=0.0925 val_mape=8.96%
    ep   9 (2.9s): train_loss=0.8927 train_rmse=0.0725 val_rmse=0.0748 val_r2=0.1056 val_mape=8.87%
    ep  10 (2.9s): train_loss=0.8935 train_rmse=0.0726 val_rmse=0.0751 val_r2=0.0981 val_mape=8.90%
    ep  11 (2.9s): train_loss=0.8776 train_rmse=0.0719 val_rmse=0.0745 val_r2=0.1129 val_mape=8.68%
    ep  12 (2.9s): train_loss=0.8770 train_rmse=0.0719 val_rmse=0.0746 val_r2=0.1115 val_mape=8.78%
    ep  13 (2.9s): train_loss=0.8644 train_rmse=0.0714 val_rmse=0.0741 val_r2=0.1218 val_mape=8.69%
    ep  14 (2.9s): train_loss=0.8484 train_rmse=0.0707 val_rmse=0.0747 val_r2=0.1085 val_mape=8.53%
    ep  15 (2.9s): train_loss=0.8923 train_rmse=0.0725 val_rmse=0.0781 val_r2=0.0258 val_mape=9.42%
    ep  16 (2.9s): train_loss=0.8689 train_rmse=0.0716 val_rmse=0.0740 val_r2=0.1243 val_mape=8.57%
    ep  17 (2.9s): train_loss=0.8568 train_rmse=0.0711 val_rmse=0.0742 val_r2=0.1203 val_mape=8.73%
    ep  18 (2.9s): train_loss=0.8364 train_rmse=0.0702 val_rmse=0.0738 val_r2=0.1306 val_mape=8.58%
    ep  19 (2.9s): train_loss=0.8193 train_rmse=0.0695 val_rmse=0.0735 val_r2=0.1361 val_mape=8.49%
    ep  20 (2.9s): train_loss=0.7907 train_rmse=0.0683 val_rmse=0.0789 val_r2=0.0056 val_mape=9.10%
    ep  21 (2.9s): train_loss=0.8196 train_rmse=0.0695 val_rmse=0.0828 val_r2=-0.0939 val_mape=9.28%
    ep  22 (2.9s): train_loss=0.8351 train_rmse=0.0702 val_rmse=0.0727 val_r2=0.1557 val_mape=8.37%
    ep  23 (2.9s): train_loss=0.8537 train_rmse=0.0709 val_rmse=0.0730 val_r2=0.1489 val_mape=8.62%
    ep  24 (2.9s): train_loss=0.8361 train_rmse=0.0702 val_rmse=0.0725 val_r2=0.1612 val_mape=8.33%
    ep  25 (2.9s): train_loss=0.8062 train_rmse=0.0689 val_rmse=0.0723 val_r2=0.1646 val_mape=8.33%
    ep  26 (2.9s): train_loss=0.7845 train_rmse=0.0680 val_rmse=0.0723 val_r2=0.1646 val_mape=8.30%
    ep  27 (2.9s): train_loss=0.7742 train_rmse=0.0676 val_rmse=0.0731 val_r2=0.1459 val_mape=8.32%
    ep  28 (2.9s): train_loss=0.7281 train_rmse=0.0655 val_rmse=0.0782 val_r2=0.0219 val_mape=8.88%
    ep  29 (2.9s): train_loss=0.7520 train_rmse=0.0666 val_rmse=0.0757 val_r2=0.0836 val_mape=8.48%
    ep  30 (2.9s): train_loss=0.6906 train_rmse=0.0638 val_rmse=0.0775 val_r2=0.0403 val_mape=8.64%
    ep  31 (2.9s): train_loss=0.6955 train_rmse=0.0640 val_rmse=0.0793 val_r2=-0.0057 val_mape=8.87%
    ep  32 (2.9s): train_loss=0.7170 train_rmse=0.0650 val_rmse=0.0759 val_r2=0.0803 val_mape=8.40%
    ep  33 (2.9s): train_loss=0.6743 train_rmse=0.0630 val_rmse=0.0789 val_r2=0.0057 val_mape=8.72%
    early stop @ epoch 33 (best 25, val_rmse=0.0723)
    final: rmse=0.0723  mae=0.0518  r2=0.1646  mape=8.33%  (305.2s, best_ep=25)
  AGG    rmse=0.0523±0.0126  r2=0.5181±0.2225